[1;35marchive.tar{Hello.bat}[m[1;36m:[m1
[1;35marchive.tar{Hello.sh}[m[1;36m:[m1
