[1;35marchive.tgz{Hello.bat}[m[1;36m:[m1
[1;35marchive.tgz{Hello.class}[m[1;36m:[m1
[1;35marchive.tgz{Hello.java}[m[1;36m:[m2
[1;35marchive.tgz{Hello.pdf}[m[1;36m:[m1
[1;35marchive.tgz{Hello.sh}[m[1;36m:[m1
[1;35marchive.tgz{Hello.txt}[m[1;36m:[m1
[1;35marchive.tgz{empty.txt}[m[1;36m:[m0
[1;35marchive.tgz{emptyline.txt}[m[1;36m:[m0
