[1;35marchive.tar{Hello.bat}[m[1;36m:[m1
[1;35marchive.tar{Hello.class}[m[1;36m:[m1
[1;35marchive.tar{Hello.java}[m[1;36m:[m2
[1;35marchive.tar{Hello.pdf}[m[1;36m:[m1
[1;35marchive.tar{Hello.sh}[m[1;36m:[m1
[1;35marchive.tar{Hello.txt}[m[1;36m:[m1
[1;35marchive.tar{empty.txt}[m[1;36m:[m0
[1;35marchive.tar{emptyline.txt}[m[1;36m:[m0
