[1;35marchive.tar.br{Hello.bat}[m[1;36m:[m1
[1;35marchive.tar.br{Hello.sh}[m[1;36m:[m1
