[1;35marchive2.tgz{archive.tar:Hello.bat}[m[1;36m:[m1
[1;35marchive2.tgz{archive.tar:Hello.sh}[m[1;36m:[m1
[1;35marchive2.tgz{Hello.bat}[m[1;36m:[m1
[1;35marchive2.tgz{Hello.sh}[m[1;36m:[m1
[1;35marchive2.tgz{archive.tgz:Hello.bat}[m[1;36m:[m1
[1;35marchive2.tgz{archive.tgz:Hello.sh}[m[1;36m:[m1
