<grep>
  <file name="Hello.bat">
    <match line="1">h&#10;e</match>
  </file>
  <file name="Hello.class">
    <match line="1">&#29;&#10;&#0;</match>
    <match line="2">&#18;&#10;&#0;</match>
    <match line="3">&#0;&#10;S</match>
    <match line="4">&#0;&#10;H</match>
    <match line="5">&#0;&#10;&#0;</match>
    <match line="6">&#0;&#10;&#0;</match>
    <match line="7">&#0;&#10;&#0;</match>
  </file>
  <file name="Hello.java">
    <match line="3">g&#10;{</match>
    <match line="6">}&#10;}</match>
  </file>
  <file name="Hello.pdf">
    <match line="1">3&#10;%</match>
    <match line="2">Æ&#10;4</match>
    <match line="3">j&#10;&lt;</match>
    <match line="4">&gt;&#10;s</match>
    <match line="5">m&#10;x</match>
    <match line="6">»&#10;&#2;</match>
    <match line="7">Y&#10;Ÿ</match>
    <match line="8">¥&#10;e</match>
    <match line="9">m&#10;e</match>
    <match line="10">j&#10;5</match>
    <match line="11">j&#10;1</match>
    <match line="12">3&#10;e</match>
    <match line="13">j&#10;2</match>
    <match line="14">j&#10;&lt;</match>
    <match line="15">]&#10;&gt;</match>
    <match line="16">&gt;&#10;e</match>
    <match line="17">j&#10;6</match>
    <match line="18">j&#10;&lt;</match>
    <match line="19">R&#10;&gt;</match>
    <match line="20">&gt;&#10;e</match>
    <match line="21">j&#10;9</match>
    <match line="22">j&#10;&lt;</match>
    <match line="23">&gt;&#10;s</match>
    <match line="24">m&#10;x</match>
    <match line="25">&#15;&#10;&#17;</match>
    <match line="26">›&#10;Ğ</match>
    <match line="27">ò&#10;¾</match>
    <match line="28">Ì&#10;K</match>
    <match line="29">&#26;&#10;T</match>
    <match line="30">4&#10;e</match>
    <match line="31">m&#10;e</match>
    <match line="32">j&#10;1</match>
    <match line="33">j&#10;1</match>
    <match line="34">6&#10;e</match>
    <match line="35">j&#10;7</match>
    <match line="36">j&#10;[</match>
    <match line="37">]&#10;e</match>
    <match line="38">j&#10;3</match>
    <match line="39">j&#10;&lt;</match>
    <match line="40">&gt;&#10;e</match>
    <match line="41">j&#10;1</match>
    <match line="42">j&#10;&lt;</match>
    <match line="43">&gt;&#10;e</match>
    <match line="44">j&#10;8</match>
    <match line="45">j&#10;&lt;</match>
    <match line="46">r&#10;1</match>
    <match line="47">2&#10;0</match>
    <match line="48">2&#10;0</match>
    <match line="49">&gt;&#10;e</match>
    <match line="50">j&#10;1</match>
    <match line="51">j&#10;&lt;</match>
    <match line="52">x&#10;[</match>
    <match line="53">9&#10;/</match>
    <match line="54">R&#10;&gt;</match>
    <match line="55">&gt;&#10;e</match>
    <match line="56">j&#10;1</match>
    <match line="57">j&#10;&lt;</match>
    <match line="58">&gt;&#10;s</match>
    <match line="59">m&#10;x</match>
    <match line="60">&#2;&#10;ø</match>
    <match line="61">a&#10;&gt;</match>
    <match line="62">/&#10;ï</match>
    <match line="63">Û&#10;&#x7f;</match>
    <match line="64">‹&#10;¿</match>
    <match line="65">§&#10;ñ</match>
    <match line="66">W&#10;Ë</match>
    <match line="67">Ò&#10;T</match>
    <match line="68">ı&#10;å</match>
    <match line="69">=&#10;‹</match>
    <match line="70">y&#10;w</match>
    <match line="71">g&#10;ƒ</match>
    <match line="72">î&#10;İ</match>
    <match line="73">ú&#10;p</match>
    <match line="74">ñ&#10;q</match>
    <match line="75">-&#10;Ò</match>
    <match line="76">&quot;&#10;W</match>
    <match line="77">Ô&#10;—</match>
    <match line="78">ä&#10;e</match>
    <match line="79">m&#10;e</match>
    <match line="80">j&#10;1</match>
    <match line="81">j&#10;2</match>
    <match line="82">4&#10;e</match>
    <match line="83">j&#10;1</match>
    <match line="84">j&#10;(</match>
    <match line="85">)&#10;e</match>
    <match line="86">j&#10;1</match>
    <match line="87">j&#10;(</match>
    <match line="88">)&#10;e</match>
    <match line="89">j&#10;1</match>
    <match line="90">j&#10;(</match>
    <match line="91">)&#10;e</match>
    <match line="92">j&#10;1</match>
    <match line="93">j&#10;(</match>
    <match line="94">)&#10;e</match>
    <match line="95">j&#10;1</match>
    <match line="96">j&#10;(</match>
    <match line="97">)&#10;e</match>
    <match line="98">j&#10;2</match>
    <match line="99">j&#10;[</match>
    <match line="100">]&#10;e</match>
    <match line="101">j&#10;1</match>
    <match line="102">j&#10;&lt;</match>
    <match line="103">e&#10;1</match>
    <match line="104">&gt;&#10;e</match>
    <match line="105">j&#10;x</match>
    <match line="106">f&#10;0</match>
    <match line="107">1&#10;0</match>
    <match line="129">r&#10;&lt;</match>
    <match line="130">&gt;&#10;&lt;</match>
    <match line="131">&gt;&#10;s</match>
    <match line="132">f&#10;5</match>
    <match line="133">6&#10;%</match>
  </file>
  <file name="Hello.sh">
    <match line="1">h&#10;e</match>
  </file>
</grep>
