"Hello.java",1,"import java.lang.*;"
"Hello.java",2,""
"Hello.java",5,"  { System.out.println(""Hello World!"");"
"Hello.pdf",109,"0000005392 00000 n "
"Hello.pdf",110,"0000000238 00000 n "
"Hello.pdf",111,"0000001714 00000 n "
"Hello.pdf",112,"0000000022 00000 n "
"Hello.pdf",113,"0000000219 00000 n "
"Hello.pdf",114,"0000000342 00000 n "
"Hello.pdf",115,"0000001679 00000 n "
"Hello.pdf",116,"0000001847 00000 n "
"Hello.pdf",117,"0000000439 00000 n "
"Hello.pdf",118,"0000001658 00000 n "
"Hello.pdf",119,"0000001797 00000 n "
"Hello.pdf",120,"0000002110 00000 n "
"Hello.pdf",121,"0000002362 00000 n "
"Hello.pdf",122,"0000005186 00000 n "
"Hello.pdf",123,"0000005207 00000 n "
"Hello.pdf",124,"0000005231 00000 n "
"Hello.pdf",125,"0000005284 00000 n "
"Hello.pdf",126,"0000005311 00000 n "
"Hello.pdf",127,"0000005353 00000 n "
"Hello.pdf",128,"0000005372 00000 n "
"Hello.txt",1,"Hello"
"emptyline.txt",1,""
