[1;35mHello.bat[m[1;36m:[m[1;4;32mHello[m
[1;35mHello.java[m[1;36m:[m[1;4;32mHello[m
[1;35mHello.java[m[1;36m+[m[1;4;32mHello[m
[1;35mHello.java[m[1;36m:[m[1;4;32mHello[m
[1;35mHello.sh[m[1;36m:[m[1;4;32mHello[m
[1;35mHello.txt[m[1;36m:[m[1;4;32mHello[m
