"Hello.bat",1,"#!/bin/sh\necho ""Hello World!"""
"Hello.bat",2,"echo ""Hello World!"""
"Hello.class",5,"Hello.java\f\x00\x07\x00\b\x07\x00\x17\f\x00\x18\x00\x19\x01\x00\fHello World!\x07\x00\x1a\f\x00\x1b\x00\x1c\x01\x00\x05Hello\x01\x00\x10java/lang/Object\x01\x00\x10java/lang/System\x01\x00\x03out\x01\x00\x15Ljava/io/PrintStream;\x01\x00\x13java/io/PrintStream\x01\x00\x07println\x01\x00\x15(Ljava/lang/String;)V\x00!\x00\x05\x00\x06\x00\x00\x00\x00\x00\x02\x00\x01\x00\x07\x00\b\x00\x01\x00	\x00\x00\x00\x1d\x00\x01\x00\x01\x00\x00\x00\x05*∑\x00\x01±\x00\x00\x00\x01\x00"
"Hello.java",1,"import java.lang.*;"
"Hello.java",3,"public class Hello // prints a Hello World! greeting"
"Hello.java",3,"public class Hello // prints a Hello World! greeting\n{ public static void main(String[] arg)"
"Hello.java",4,"{ public static void main(String[] arg)"
"Hello.java",5,"  { System.out.println(""Hello World!"");"
"Hello.pdf",1,"%PDF-1.3\n%ƒÂÚÂÎßÛ†–ƒ∆"
"Hello.pdf",3,"4 0 obj"
"Hello.pdf",3,"4 0 obj\n<< /Length 5 0 R /Filter /FlateDecode >>"
"Hello.pdf",4,"<< /Length 5 0 R /Filter /FlateDecode >>"
"Hello.pdf",5,"stream\nx\x01Eéª"
"Hello.pdf",7,"\x021\x14D{ø‚îZòΩâyòV\x11l\x17.¯\x01a-d◊eÕˇÉ\x17,¨Üô9\f≥1≤Q\x02πFó‚©\x12Ûôê\\LY\nüâ\x07oÜk˜¥é–õ·‚j©Rj≤@8˛≠Ìî ª∂pQ£Dƒ£\rÔ†i¬\x0b∫0®z¨|≤øOÛº\x1e–\x177µ7„\x17Nˇ •"
"Hello.pdf",9,"endstream\nendobj"
"Hello.pdf",11,"5 0 obj"
"Hello.pdf",11,"5 0 obj\n123"
"Hello.pdf",13,"endobj\n2 0 obj"
"Hello.pdf",14,"2 0 obj"
"Hello.pdf",15,"<< /Type /Page /Parent 3 0 R /Resources 6 0 R /Contents 4 0 R /MediaBox [0 0 612 792]"
"Hello.pdf",17,"endobj\n6 0 obj"
"Hello.pdf",18,"6 0 obj"
"Hello.pdf",19,"<< /ProcSet [ /PDF /Text ] /ColorSpace << /Cs1 7 0 R >> /Font << /TT1 8 0 R"
"Hello.pdf",21,"endobj\n9 0 obj"
"Hello.pdf",22,"9 0 obj"
"Hello.pdf",23,"<< /Length 10 0 R /N 1 /Alternate /DeviceGray /Filter /FlateDecode >>"
"Hello.pdf",24,"stream\nx\x01ÖU]h\x1cU\x14>ªsg\x03\x12\x07\x1f¥\r-¥É?m	È2âV\x13ãµ€M∫I\x13∑ÎfSõ* tv6;Õdfúô›&°O•‡õ\x16\x04È´†>∆Ç\b∂*6/ˆ••≈íJ5\x0f"
"Hello.pdf",25,"x\x01ÖU]h\x1cU\x14>ªsg\x03\x12\x07\x1f¥\r-¥É?m	È2âV\x13ãµ€M∫I\x13∑ÎfSõ* tv6;Õdfúô›&°O•‡õ\x16\x04È´†>∆Ç\b∂*6/ˆ••≈íJ5\x0f"
"Hello.pdf",26,"\x11Zå (}R;3€dvA2√ù˘ÓπÁû{ŒwÓπó®Îo›ÛÏ¥J4ÁÑ~°úõ>9}JÌ∫MiR®õËF‡ÂJ•	∆éÎò¸o\x1eﬁ•\x14KÓÏg[Ìc[ˆ‰™\x19\x18–∫ÜÊV\x03cé(•\x11ejÜÁáD]ó \x1f<\x1bzåo\x03?9[)ÁÅ◊Äï÷\\@z™`:¶o\x19j¡◊\x17‘íÔ÷,;ÈÎV„lcÀgŒn∞Ø¸ÏFÎ\x0ef'«ÒÔÖœ\x17Lgj\x12x\x1fí°è0Ó\x03æ€¥N\x14cúN{·ër¨üŒ6fßr-˘…öt™%øPoå2Œ\x12•ó\x16Îï7Äü\x00^uN\x17è∑Ù◊g›q∂”C$ı\x18A˛\x14≥¿Z›\x1c„<©¿\x15ﬂ-≥>À√™9<\x02¸2%+\x1c´\x00√æÙC–úd9∞†≈zû˝ƒZ""{F?V\x02ﬁ\x06|»¥\x0bº\x16Ïàä\x17ñÿÊ ºc\x17y-ƒ..õA\x14/b\x17?Öı h¨/ßCø¬sü&í˜‘¨£c¿‡D\x1e≠˚£,á?rËŸ—ﬁz\x11x…oî9ˆ=¿k∫?R\x00ÜÕÃcU}òy~\x01xÄN§t2…•”¯\x1a‰–øà7 ãö\x11Ú»«X\r}õ"
"Hello.pdf",30,"Tﬂ\fLøiV≥ƒw7œ#˙ÎıËNNmªa4¸f,£TÍ&—∑èì4\nendstream"
"Hello.pdf",32,"endobj\n10 0 obj"
"Hello.pdf",33,"10 0 obj"
"Hello.pdf",34,"1116\nendobj"
"Hello.pdf",36,"7 0 obj"
"Hello.pdf",36,"7 0 obj\n[ /ICCBased 9 0 R ]"
"Hello.pdf",37,"[ /ICCBased 9 0 R ]"
"Hello.pdf",38,"endobj\n3 0 obj"
"Hello.pdf",39,"3 0 obj"
"Hello.pdf",40,"<< /Type /Pages /MediaBox [0 0 612 792] /Count 1 /Kids [ 2 0 R ] >>"
"Hello.pdf",41,"endobj\n11 0 obj"
"Hello.pdf",42,"11 0 obj"
"Hello.pdf",43,"<< /Type /Catalog /Pages 3 0 R >>"
"Hello.pdf",44,"endobj\n8 0 obj"
"Hello.pdf",45,"8 0 obj"
"Hello.pdf",46,"<< /Type /Font /Subtype /TrueType /BaseFont /GQTMZF+Menlo-Regular /FontDescriptor"
"Hello.pdf",46,"<< /Type /Font /Subtype /TrueType /BaseFont /GQTMZF+Menlo-Regular /FontDescriptor\n12 0 R /Encoding /MacRomanEncoding /FirstChar 72 /LastChar 111 /Widths [ 602"
"Hello.pdf",47,"12 0 R /Encoding /MacRomanEncoding /FirstChar 72 /LastChar 111 /Widths [ 602"
"Hello.pdf",47,"12 0 R /Encoding /MacRomanEncoding /FirstChar 72 /LastChar 111 /Widths [ 602\n0 0 0 0 0 0 0 0 0 0 0 0 0 0 0 0 0 0 0 0 0 0 0 0 0 0 0 0 602 0 0 0 0 0 0 602"
"Hello.pdf",48,"0 0 0 0 0 0 0 0 0 0 0 0 0 0 0 0 0 0 0 0 0 0 0 0 0 0 0 0 602 0 0 0 0 0 0 602"
"Hello.pdf",48,"0 0 0 0 0 0 0 0 0 0 0 0 0 0 0 0 0 0 0 0 0 0 0 0 0 0 0 0 602 0 0 0 0 0 0 602\n0 0 602 ] >>"
"Hello.pdf",49,"0 0 602 ] >>"
"Hello.pdf",50,"endobj\n12 0 obj"
"Hello.pdf",51,"12 0 obj"
"Hello.pdf",52,"<< /Type /FontDescriptor /FontName /GQTMZF+Menlo-Regular /Flags 33 /FontBBox"
"Hello.pdf",52,"<< /Type /FontDescriptor /FontName /GQTMZF+Menlo-Regular /Flags 33 /FontBBox\n[-558 -375 718 1041] /ItalicAngle 0 /Ascent 928 /Descent -236 /CapHeight 729"
"Hello.pdf",53,"[-558 -375 718 1041] /ItalicAngle 0 /Ascent 928 /Descent -236 /CapHeight 729"
"Hello.pdf",54,"/StemV 99 /XHeight 547 /StemH 83 /AvgWidth 602 /MaxWidth 602 /FontFile2 13 0 R"
"Hello.pdf",56,"endobj\n13 0 obj"
"Hello.pdf",57,"13 0 obj"
"Hello.pdf",58,"<< /Length 14 0 R /Length1 4064 /Filter /FlateDecode >>"
"Hello.pdf",59,"stream\nx\x01›W{xT≈\x15?sw6ØÕ>íMHHÄ]÷Âï,ÅÑ∑R\x16Hxà /Î.àÚH (!\bA¥1êJQ	¡@Ö\bH}\x15Q©µ+E]	ƒT§b#EÑ†\x02"
"Hello.pdf",60,"x\x01›W{xT≈\x15?sw6ØÕ>íMHHÄ]÷Âï,ÅÑ∑R\x16Hxà /Î.àÚH (!\bA¥1êJQ	¡@Ö\bH}\x15Q©µ+E]	ƒT§b#EÑ†\x02"
"Hello.pdf",61,"¯¢hä\x14!ÿ\x00CœΩ\x1b˝>Ì◊ÔÎøÌ‹ù3Á¸ÊÃy›ª˜Œî-\\\\DV™$P`V…å\x05d6ÎI\x1eäg›SÊ6EäΩóHÀùΩ`NITéëÂNsÊ›7;*'Nfy@q—å¬®LWxÏWÃ@T\x16}xºÆ∏§åÌ\x18Õ˙.\x13◊º“YmÛâ£\f∞d∆Ωm˛È8ÀÓ˘3Jäx‰fè0È∂†tQô)íΩö«Ï\x05\x0bã⁄ÙEê(¶StÆç\x1añ\x05w©Y)ãÓ""\x0bi‰†çîƒ–≠¨+y÷ò◊b≤ñ>}ˆç;Ï7\\§N±Ê‚ΩeÈy\x06s(∏§ﬂÂïWÖ¨èΩÖ≈Ë§1¡ÎbJT\x07""˝‡Âï◊íeΩi…ò˘æ…\b≈fΩÆUäîÌÎ¶…°ô""Öj	L+I\x17.RÃ'õ4â\x03Çpöº√§v⁄ƒàÕ‰\x13∑=R\x0eıâD™`ÃJ>¶	îÀ4ﬁ¥\x17gj≈íçë\x18ì∑ò:“‰u\x13áâh&""\x02!\x05•pµ\x02W\x14.+¥Ê‚üu¯Æ\x02óZ™Â%ÖK\rzÀ≈êl©FK•~ÒB\x17y1Ñã\x01˝B\x17|{>G~€äÛ9¯á¬9Öorq÷Öø◊¢ôClVhé\\;\x18∏¶=\x12_ù)î_’‚L!˛¶p˙À\fyZ·À\f|°˘]¯L·”:ú:ô.Oµ‚d:N‘‚\x13Öè\x15é\x1fKë«\x15é•‡h->˙0E~§·Í\x04˘a"
"Hello.pdf",61,"¯¢hä\x14!ÿ\x00CœΩ\x1b˝>Ì◊ÔÎøÌ‹ù3Á¸ÊÃy›ª˜Œî-\\\\DV™$P`V…å\x05d6ÎI\x1eäg›SÊ6EäΩóHÀùΩ`NITéëÂNsÊ›7;*'Nfy@q—å¬®LWxÏWÃ@T\x16}xºÆ∏§åÌ\x18Õ˙.\x13◊º“YmÛâ£\f∞d∆Ωm˛È8ÀÓ˘3Jäx‰fè0È∂†tQô)íΩö«Ï\x05\x0bã⁄ÙEê(¶StÆç\x1añ\x05w©Y)ãÓ""\x0bi‰†çîƒ–≠¨+y÷ò◊b≤ñ>}ˆç;Ï7\\§N±Ê‚ΩeÈy\x06s(∏§ﬂÂïWÖ¨èΩÖ≈Ë§1¡ÎbJT\x07""˝‡Âï◊íeΩi…ò˘æ…\b≈fΩÆUäîÌÎ¶…°ô""Öj	L+I\x17.RÃ'õ4â\x03Çpöº√§v⁄ƒàÕ‰\x13∑=R\x0eıâD™`ÃJ>¶	îÀ4ﬁ¥\x17gj≈íçë\x18ì∑ò:“‰u\x13áâh&""\x02!\x05•pµ\x02W\x14.+¥Ê‚üu¯Æ\x02óZ™Â%ÖK\rzÀ≈êl©FK•~ÒB\x17y1Ñã\x01˝B\x17|{>G~€äÛ9¯á¬9Öorq÷Öø◊¢ôClVhé\\;\x18∏¶=\x12_ù)î_’‚L!˛¶p˙À\fyZ·À\f|°˘]¯L·”:ú:ô.Oµ‚d:N‘‚\x13Öè\x15é\x1fKë«\x15é•‡h->˙0E~§·Í\x04˘a\n>®¿ëAhb°i\x10\x0e+\x1cz?^\x1eRx?\x1e\x07\x15ﬁS8PÂî\x072Ò◊TÏWx∑\x16ç´|≤Q·/"
"Hello.pdf",66,"Ò‰\x13\x0e˘d:ûp‡7Òÿ¨8;y\\aS""6nË)7*lËâ«ÿˇcµ®]_'k\x15÷Û≥µæ\x0eÎ+ıuk|r›4¨\x0bËè*¸Za-ÀkÎ∞∆á\x1a.FÕP<¬Ÿ>‚¬Í\x04T3P]àU\\¥U>T9±R·aÖá\x14\x1e\\·î\x0f*¨p‚W\nÀ\x15\x1ep\x0eì\x0fL¬/\x15*Ô≈≤•\x15rô¬“"
"Hello.pdf",70,"ãÀ¨r±\x1dã#Ç\x02Gı2+ \x1aÙEIX\x14–\x17*‹≠∞@°t˛$YZã˘%›‰¸I(ÈÜy\nwÂ‚NÖππ(n≈ú:ÃV(R(Tò5≥£ú•0ì\x1crfGÃPòÆpá¬ÌS\x12‰Ì6L+ƒm˚0ïÖ©.LI\x00?—A\x17nU¯π¬-\x19ÈÚñ\\LVò§0QaB\x05∆+‹Ï¬8Ö±¬/«*‹Tá1›p„Ë4ycå\x1eû$GßaTAö\x1c•0í•ëÖ\x18¡“à:\x14§!üÅ¸˛\x18>Ã)á'axD\x0b\x04‚ÙaCÌrò\x13√""\x1a±44`ìCÌ\x18\x1a\x11\r,\x05ÜXe¿Ü@DT≤4ƒ\x1a'áX1$""\x02ÅB˝g"
"Hello.pdf",71,"wÂ‚NÖππ(n≈ú:ÃV(R(Tò5≥£ú•0ì\x1crfGÃPòÆpá¬ÌS\x12‰Ì6L+ƒm˚0ïÖ©.LI\x00?—A\x17nU¯π¬-\x19ÈÚñ\\LVò§0QaB\x05∆+‹Ï¬8Ö±¬/«*‹Tá1›p„Ë4ycå\x1eû$GßaTAö\x1c•0í•ëÖ\x18¡“à:\x14§!üÅ¸˛\x18>Ã)á'axD\x0b\x04‚ÙaCÌrò\x13√""\x1a±44`ìCÌ\x18\x1a\x11\r,\x05ÜXe¿Ü@DT≤4ƒ\x1a'áX1$""\x02ÅB˝g\nÉ9Ñ¡≠∏A·˙n\x18§0ê\x0b<∞\x10\x03z∑ó\x03∆†øB?øKˆSË;\x06}zµó}∆ èá<Ö\\VÃUËÕ”Ω€£W{‰0óìÜûq©≤g\x1d¸Ÿ…“ÔÇ?¢\x19n≥\x1dNôùål#‹Z=´áOf)Ù`Õ\x1e>t◊\x06…Ó"
"Hello.pdf",74,"pù\x1d^ÖŒvªÏ¨‡q˚•ß\x02n?:çAGˆ‹Q°ÉB&◊6S!ÉÔJF:⁄+§+§)¥c\x0bÌF 5≈/Sá!≈Âê)~∏\x1cHfΩd\x17íx}íÇì3w\x0eÉÉ=8úpDkg∑Y•›\x0e{¥v∂ƒxi≥¬\x16≠]""◊.1\x1eâ\\ª\x1d∫5\x0eV„ŸÍØ'(ƒs&Ò"
"Hello.pdf",75,"q©àu F¡¬¶-"
"Hello.pdf",79,"endstream\nendobj"
"Hello.pdf",81,"14 0 obj"
"Hello.pdf",81,"14 0 obj\n2734"
"Hello.pdf",83,"endobj\n15 0 obj"
"Hello.pdf",84,"15 0 obj"
"Hello.pdf",86,"endobj\n16 0 obj"
"Hello.pdf",87,"16 0 obj"
"Hello.pdf",88,"(Mac OS X 10.12.6 Quartz PDFContext)"
"Hello.pdf",89,"endobj\n17 0 obj"
"Hello.pdf",90,"17 0 obj"
"Hello.pdf",92,"endobj\n18 0 obj"
"Hello.pdf",93,"18 0 obj"
"Hello.pdf",95,"endobj\n19 0 obj"
"Hello.pdf",96,"19 0 obj"
"Hello.pdf",98,"endobj\n20 0 obj"
"Hello.pdf",99,"20 0 obj"
"Hello.pdf",101,"endobj\n1 0 obj"
"Hello.pdf",102,"1 0 obj"
"Hello.pdf",103,"<< /Title 15 0 R /Producer 16 0 R /Creator 17 0 R /CreationDate 18 0 R /ModDate"
"Hello.pdf",103,"<< /Title 15 0 R /Producer 16 0 R /Creator 17 0 R /CreationDate 18 0 R /ModDate\n18 0 R /Keywords 19 0 R /AAPL:Keywords 20 0 R >>"
"Hello.pdf",104,"18 0 R /Keywords 19 0 R /AAPL:Keywords 20 0 R >>"
"Hello.pdf",105,"endobj\nxref"
"Hello.pdf",107,"0 21"
"Hello.pdf",108,"0000000000 65535 f "
"Hello.pdf",108,"0000000000 65535 f \n0000005392 00000 n "
"Hello.pdf",109,"0000005392 00000 n "
"Hello.pdf",110,"0000000238 00000 n "
"Hello.pdf",110,"0000000238 00000 n \n0000001714 00000 n "
"Hello.pdf",111,"0000001714 00000 n "
"Hello.pdf",112,"0000000022 00000 n "
"Hello.pdf",112,"0000000022 00000 n \n0000000219 00000 n "
"Hello.pdf",113,"0000000219 00000 n "
"Hello.pdf",114,"0000000342 00000 n "
"Hello.pdf",114,"0000000342 00000 n \n0000001679 00000 n "
"Hello.pdf",115,"0000001679 00000 n "
"Hello.pdf",116,"0000001847 00000 n "
"Hello.pdf",116,"0000001847 00000 n \n0000000439 00000 n "
"Hello.pdf",117,"0000000439 00000 n "
"Hello.pdf",118,"0000001658 00000 n "
"Hello.pdf",118,"0000001658 00000 n \n0000001797 00000 n "
"Hello.pdf",119,"0000001797 00000 n "
"Hello.pdf",120,"0000002110 00000 n "
"Hello.pdf",120,"0000002110 00000 n \n0000002362 00000 n "
"Hello.pdf",121,"0000002362 00000 n "
"Hello.pdf",122,"0000005186 00000 n "
"Hello.pdf",122,"0000005186 00000 n \n0000005207 00000 n "
"Hello.pdf",123,"0000005207 00000 n "
"Hello.pdf",124,"0000005231 00000 n "
"Hello.pdf",124,"0000005231 00000 n \n0000005284 00000 n "
"Hello.pdf",125,"0000005284 00000 n "
"Hello.pdf",126,"0000005311 00000 n "
"Hello.pdf",126,"0000005311 00000 n \n0000005353 00000 n "
"Hello.pdf",127,"0000005353 00000 n "
"Hello.pdf",128,"0000005372 00000 n "
"Hello.pdf",128,"0000005372 00000 n \ntrailer"
"Hello.pdf",130,"<< /Size 21 /Root 11 0 R /Info 1 0 R /ID [ <8db88d3335070bd9583341583cf769a3>"
"Hello.pdf",132,"startxref\n5536"
"Hello.sh",1,"#!/bin/sh\necho ""Hello World!"""
"Hello.sh",2,"echo ""Hello World!"""
