[1;35mHello.bat[m[1;36m:[m[1;4;32mbin[m
[1;35mHello.sh[m[1;36m:[m[1;4;32mbin[m
