[1;35mHello.bat[m[1;36m:[mecho "[m[1;4;32mHello[m [m[1;4;32mWorld[m!"[m
[mBinary file [1;35mHello.class[m matches
[1;35mHello.java[m[1;36m:[mpublic class [m[1;4;32mHello[m // prints a [m[1;4;32mHello[m [m[1;4;32mWorld[m! greeting[m
[1;35mHello.java[m[1;36m:[m  { System.out.println("[m[1;4;32mHello[m [m[1;4;32mWorld[m!");[m
[1;35mHello.sh[m[1;36m:[mecho "[m[1;4;32mHello[m [m[1;4;32mWorld[m!"[m
