"Hello.bat","Hello"
"Hello.class","Hello"
"Hello.class","Hello"
"Hello.class","Hello"
"Hello.java","Hello"
"Hello.java","Hello"
"Hello.java","Hello"
"Hello.pdf","Hello"
"Hello.sh","Hello"
"Hello.txt","Hello"
