[
  {
    "file": "Hello.bat",
    "matches": [
      { "line": 2, "match": "Hello" }
    ]
  },
  {
    "file": "Hello.class",
    "matches": [
      { "line": 5, "match": "Hello" },
      { "line": 5, "match": "Hello" },
      { "line": 5, "match": "Hello" }
    ]
  },
  {
    "file": "Hello.java",
    "matches": [
      { "line": 3, "match": "Hello" },
      { "line": 3, "match": "Hello" },
      { "line": 5, "match": "Hello" }
    ]
  },
  {
    "file": "Hello.pdf",
    "matches": [
      { "line": 85, "match": "Hello" }
    ]
  },
  {
    "file": "Hello.sh",
    "matches": [
      { "line": 2, "match": "Hello" }
    ]
  },
  {
    "file": "Hello.txt",
    "matches": [
      { "line": 1, "match": "Hello" }
    ]
  }
]
