"Hello.bat",2,7,16,"Hello"
"Hello.class",5,1,122,"Hello"
"Hello.class",5,27,148,"Hello"
"Hello.class",5,50,171,"Hello"
"Hello.java",3,14,34,"Hello"
"Hello.java",3,32,52,"Hello"
"Hello.java",5,25,138,"Hello"
"Hello.pdf",85,2,5217,"Hello"
"Hello.sh",2,7,16,"Hello"
"Hello.txt",1,1,0,"Hello"
