[1;35mHello.bat[m[1;36m:[m[1;4;32mh[m
[1;35mHello.bat[m[1;36m|[m[1;4;32me[m
[mBinary file[1;35m Hello.class[m matches
[1;35mHello.java[m[1;36m:[m[1;4;32mg[m
[1;35mHello.java[m[1;36m|[m[1;4;32m{[m
[1;35mHello.java[m[1;36m:[m[1;4;32m}[m
[1;35mHello.java[m[1;36m|[m[1;4;32m}[m
[mBinary file[1;35m Hello.pdf[m matches
[1;35mHello.sh[m[1;36m:[m[1;4;32mh[m
[1;35mHello.sh[m[1;36m|[m[1;4;32me[m
