"Hello.bat",1,8,7,"#!/bin/sh\necho ""Hello World!"""
"Hello.bat",2,7,16,"echo ""Hello World!"""
"Hello.class",5,27,148,"Hello.java\f\x00\x07\x00\b\x07\x00\x17\f\x00\x18\x00\x19\x01\x00\fHello World!\x07\x00\x1a\f\x00\x1b\x00\x1c\x01\x00\x05Hello\x01\x00\x10java/lang/Object\x01\x00\x10java/lang/System\x01\x00\x03out\x01\x00\x15Ljava/io/PrintStream;\x01\x00\x13java/io/PrintStream\x01\x00\x07println\x01\x00\x15(Ljava/lang/String;)V\x00!\x00\x05\x00\x06\x00\x00\x00\x00\x00\x02\x00\x01\x00\x07\x00\b\x00\x01\x00	\x00\x00\x00\x1d\x00\x01\x00\x01\x00\x00\x00\x05*∑\x00\x01±\x00\x00\x00\x01\x00"
"Hello.java",1,1,0,"import java.lang.*;"
"Hello.java",3,1,21,"public class Hello // prints a Hello World! greeting"
"Hello.java",3,14,34,"public class Hello // prints a Hello World! greeting"
"Hello.java",3,23,43,"public class Hello // prints a Hello World! greeting"
"Hello.java",3,32,52,"public class Hello // prints a Hello World! greeting"
"Hello.java",3,45,65,"public class Hello // prints a Hello World! greeting\n{ public static void main(String[] arg)"
"Hello.java",4,3,76,"{ public static void main(String[] arg)"
"Hello.java",4,17,90,"{ public static void main(String[] arg)"
"Hello.java",5,25,138,"  { System.out.println(""Hello World!"");"
"Hello.pdf",1,8,7,"%PDF-1.3\n%ƒÂÚÂÎßÛ†–ƒ∆"
"Hello.pdf",3,1,22,"4 0 obj"
"Hello.pdf",3,5,26,"4 0 obj\n<< /Length 5 0 R /Filter /FlateDecode >>"
"Hello.pdf",4,5,34,"<< /Length 5 0 R /Filter /FlateDecode >>"
"Hello.pdf",4,14,43,"<< /Length 5 0 R /Filter /FlateDecode >>"
"Hello.pdf",4,19,48,"<< /Length 5 0 R /Filter /FlateDecode >>"
"Hello.pdf",5,1,71,"stream\nx\x01Eéª"
"Hello.pdf",7,35,135,"\x021\x14D{ø‚îZòΩâyòV\x11l\x17.¯\x01a-d◊eÕˇÉ\x17,¨Üô9\f≥1≤Q\x02πFó‚©\x12Ûôê\\LY\nüâ\x07oÜk˜¥é–õ·‚j©Rj≤@8˛≠Ìî ª∂pQ£Dƒ£\rÔ†i¬\x0b∫0®z¨|≤øOÛº\x1e–\x177µ7„\x17Nˇ •"
"Hello.pdf",9,1,202,"endstream\nendobj"
"Hello.pdf",11,1,219,"5 0 obj"
"Hello.pdf",11,5,223,"5 0 obj\n123"
"Hello.pdf",13,1,231,"endobj\n2 0 obj"
"Hello.pdf",14,3,240,"2 0 obj"
"Hello.pdf",15,5,250,"<< /Type /Page /Parent 3 0 R /Resources 6 0 R /Contents 4 0 R /MediaBox [0 0 612 792]"
"Hello.pdf",15,17,262,"<< /Type /Page /Parent 3 0 R /Resources 6 0 R /Contents 4 0 R /MediaBox [0 0 612 792]"
"Hello.pdf",15,26,271,"<< /Type /Page /Parent 3 0 R /Resources 6 0 R /Contents 4 0 R /MediaBox [0 0 612 792]"
"Hello.pdf",15,31,276,"<< /Type /Page /Parent 3 0 R /Resources 6 0 R /Contents 4 0 R /MediaBox [0 0 612 792]"
"Hello.pdf",15,43,288,"<< /Type /Page /Parent 3 0 R /Resources 6 0 R /Contents 4 0 R /MediaBox [0 0 612 792]"
"Hello.pdf",15,48,293,"<< /Type /Page /Parent 3 0 R /Resources 6 0 R /Contents 4 0 R /MediaBox [0 0 612 792]"
"Hello.pdf",15,59,304,"<< /Type /Page /Parent 3 0 R /Resources 6 0 R /Contents 4 0 R /MediaBox [0 0 612 792]"
"Hello.pdf",15,64,309,"<< /Type /Page /Parent 3 0 R /Resources 6 0 R /Contents 4 0 R /MediaBox [0 0 612 792]"
"Hello.pdf",15,76,321,"<< /Type /Page /Parent 3 0 R /Resources 6 0 R /Contents 4 0 R /MediaBox [0 0 612 792]"
"Hello.pdf",17,1,335,"endobj\n6 0 obj"
"Hello.pdf",18,3,344,"6 0 obj"
"Hello.pdf",19,5,354,"<< /ProcSet [ /PDF /Text ] /ColorSpace << /Cs1 7 0 R >> /Font << /TT1 8 0 R"
"Hello.pdf",19,16,365,"<< /ProcSet [ /PDF /Text ] /ColorSpace << /Cs1 7 0 R >> /Font << /TT1 8 0 R"
"Hello.pdf",19,29,378,"<< /ProcSet [ /PDF /Text ] /ColorSpace << /Cs1 7 0 R >> /Font << /TT1 8 0 R"
"Hello.pdf",19,44,393,"<< /ProcSet [ /PDF /Text ] /ColorSpace << /Cs1 7 0 R >> /Font << /TT1 8 0 R"
"Hello.pdf",19,50,399,"<< /ProcSet [ /PDF /Text ] /ColorSpace << /Cs1 7 0 R >> /Font << /TT1 8 0 R"
"Hello.pdf",19,58,407,"<< /ProcSet [ /PDF /Text ] /ColorSpace << /Cs1 7 0 R >> /Font << /TT1 8 0 R"
"Hello.pdf",19,67,416,"<< /ProcSet [ /PDF /Text ] /ColorSpace << /Cs1 7 0 R >> /Font << /TT1 8 0 R"
"Hello.pdf",19,73,422,"<< /ProcSet [ /PDF /Text ] /ColorSpace << /Cs1 7 0 R >> /Font << /TT1 8 0 R"
"Hello.pdf",21,1,432,"endobj\n9 0 obj"
"Hello.pdf",22,3,441,"9 0 obj"
"Hello.pdf",23,5,451,"<< /Length 10 0 R /N 1 /Alternate /DeviceGray /Filter /FlateDecode >>"
"Hello.pdf",23,15,461,"<< /Length 10 0 R /N 1 /Alternate /DeviceGray /Filter /FlateDecode >>"
"Hello.pdf",23,20,466,"<< /Length 10 0 R /N 1 /Alternate /DeviceGray /Filter /FlateDecode >>"
"Hello.pdf",23,25,471,"<< /Length 10 0 R /N 1 /Alternate /DeviceGray /Filter /FlateDecode >>"
"Hello.pdf",23,48,494,"<< /Length 10 0 R /N 1 /Alternate /DeviceGray /Filter /FlateDecode >>"
"Hello.pdf",24,1,517,"stream\nx\x01ÖU]h\x1cU\x14>ªsg\x03\x12\x07\x1f¥\r-¥É?m	È2âV\x13ãµ€M∫I\x13∑ÎfSõ* tv6;Õdfúô›&°O•‡õ\x16\x04È´†>∆Ç\b∂*6/ˆ••≈íJ5\x0f"
"Hello.pdf",25,19,547,"x\x01ÖU]h\x1cU\x14>ªsg\x03\x12\x07\x1f¥\r-¥É?m	È2âV\x13ãµ€M∫I\x13∑ÎfSõ* tv6;Õdfúô›&°O•‡õ\x16\x04È´†>∆Ç\b∂*6/ˆ••≈íJ5\x0f"
"Hello.pdf",26,307,1006,"\x11Zå (}R;3€dvA2√ù˘ÓπÁû{ŒwÓπó®Îo›ÛÏ¥J4ÁÑ~°úõ>9}JÌ∫MiR®õËF‡ÂJ•	∆éÎò¸o\x1eﬁ•\x14KÓÏg[Ìc[ˆ‰™\x19\x18–∫ÜÊV\x03cé(•\x11ejÜÁáD]ó \x1f<\x1bzåo\x03?9[)ÁÅ◊Äï÷\\@z™`:¶o\x19j¡◊\x17‘íÔ÷,;ÈÎV„lcÀgŒn∞Ø¸ÏFÎ\x0ef'«ÒÔÖœ\x17Lgj\x12x\x1fí°è0Ó\x03æ€¥N\x14cúN{·ër¨üŒ6fßr-˘…öt™%øPoå2Œ\x12•ó\x16Îï7Äü\x00^uN\x17è∑Ù◊g›q∂”C$ı\x18A˛\x14≥¿Z›\x1c„<©¿\x15ﬂ-≥>À√™9<\x02¸2%+\x1c´\x00√æÙC–úd9∞†≈zû˝ƒZ""{F?V\x02ﬁ\x06|»¥\x0bº\x16Ïàä\x17ñÿÊ ºc\x17y-ƒ..õA\x14/b\x17?Öı h¨/ßCø¬sü&í˜‘¨£c¿‡D\x1e≠˚£,á?rËŸ—ﬁz\x11x…oî9ˆ=¿k∫?R\x00ÜÕÃcU}òy~\x01xÄN§t2…•”¯\x1a‰–øà7 ãö\x11Ú»«X\r}õ"
"Hello.pdf",30,29,1639,"Tﬂ\fLøiV≥ƒw7œ#˙ÎıËNNmªa4¸f,£TÍ&—∑èì4\nendstream"
"Hello.pdf",32,1,1651,"endobj\n10 0 obj"
"Hello.pdf",33,4,1661,"10 0 obj"
"Hello.pdf",34,1,1667,"1116\nendobj"
"Hello.pdf",36,1,1679,"7 0 obj"
"Hello.pdf",36,5,1683,"7 0 obj\n[ /ICCBased 9 0 R ]"
"Hello.pdf",37,4,1690,"[ /ICCBased 9 0 R ]"
"Hello.pdf",37,15,1701,"[ /ICCBased 9 0 R ]"
"Hello.pdf",38,1,1707,"endobj\n3 0 obj"
"Hello.pdf",39,3,1716,"3 0 obj"
"Hello.pdf",40,5,1726,"<< /Type /Pages /MediaBox [0 0 612 792] /Count 1 /Kids [ 2 0 R ] >>"
"Hello.pdf",40,18,1739,"<< /Type /Pages /MediaBox [0 0 612 792] /Count 1 /Kids [ 2 0 R ] >>"
"Hello.pdf",40,30,1751,"<< /Type /Pages /MediaBox [0 0 612 792] /Count 1 /Kids [ 2 0 R ] >>"
"Hello.pdf",40,42,1763,"<< /Type /Pages /MediaBox [0 0 612 792] /Count 1 /Kids [ 2 0 R ] >>"
"Hello.pdf",40,51,1772,"<< /Type /Pages /MediaBox [0 0 612 792] /Count 1 /Kids [ 2 0 R ] >>"
"Hello.pdf",40,58,1779,"<< /Type /Pages /MediaBox [0 0 612 792] /Count 1 /Kids [ 2 0 R ] >>"
"Hello.pdf",40,62,1783,"<< /Type /Pages /MediaBox [0 0 612 792] /Count 1 /Kids [ 2 0 R ] >>"
"Hello.pdf",41,1,1790,"endobj\n11 0 obj"
"Hello.pdf",42,4,1800,"11 0 obj"
"Hello.pdf",43,5,1810,"<< /Type /Catalog /Pages 3 0 R >>"
"Hello.pdf",43,20,1825,"<< /Type /Catalog /Pages 3 0 R >>"
"Hello.pdf",43,28,1833,"<< /Type /Catalog /Pages 3 0 R >>"
"Hello.pdf",44,1,1840,"endobj\n8 0 obj"
"Hello.pdf",45,3,1849,"8 0 obj"
"Hello.pdf",46,5,1859,"<< /Type /Font /Subtype /TrueType /BaseFont /GQTMZF+Menlo-Regular /FontDescriptor"
"Hello.pdf",46,17,1871,"<< /Type /Font /Subtype /TrueType /BaseFont /GQTMZF+Menlo-Regular /FontDescriptor"
"Hello.pdf",46,36,1890,"<< /Type /Font /Subtype /TrueType /BaseFont /GQTMZF+Menlo-Regular /FontDescriptor"
"Hello.pdf",46,68,1922,"<< /Type /Font /Subtype /TrueType /BaseFont /GQTMZF+Menlo-Regular /FontDescriptor\n12 0 R /Encoding /MacRomanEncoding /FirstChar 72 /LastChar 111 /Widths [ 602"
"Hello.pdf",47,4,1940,"12 0 R /Encoding /MacRomanEncoding /FirstChar 72 /LastChar 111 /Widths [ 602"
"Hello.pdf",47,9,1945,"12 0 R /Encoding /MacRomanEncoding /FirstChar 72 /LastChar 111 /Widths [ 602"
"Hello.pdf",47,37,1973,"12 0 R /Encoding /MacRomanEncoding /FirstChar 72 /LastChar 111 /Widths [ 602"
"Hello.pdf",47,51,1987,"12 0 R /Encoding /MacRomanEncoding /FirstChar 72 /LastChar 111 /Widths [ 602"
"Hello.pdf",47,65,2001,"12 0 R /Encoding /MacRomanEncoding /FirstChar 72 /LastChar 111 /Widths [ 602"
"Hello.pdf",47,74,2010,"12 0 R /Encoding /MacRomanEncoding /FirstChar 72 /LastChar 111 /Widths [ 602\n0 0 0 0 0 0 0 0 0 0 0 0 0 0 0 0 0 0 0 0 0 0 0 0 0 0 0 0 602 0 0 0 0 0 0 602"
"Hello.pdf",48,3,2016,"0 0 0 0 0 0 0 0 0 0 0 0 0 0 0 0 0 0 0 0 0 0 0 0 0 0 0 0 602 0 0 0 0 0 0 602"
"Hello.pdf",48,7,2020,"0 0 0 0 0 0 0 0 0 0 0 0 0 0 0 0 0 0 0 0 0 0 0 0 0 0 0 0 602 0 0 0 0 0 0 602"
"Hello.pdf",48,11,2024,"0 0 0 0 0 0 0 0 0 0 0 0 0 0 0 0 0 0 0 0 0 0 0 0 0 0 0 0 602 0 0 0 0 0 0 602"
"Hello.pdf",48,15,2028,"0 0 0 0 0 0 0 0 0 0 0 0 0 0 0 0 0 0 0 0 0 0 0 0 0 0 0 0 602 0 0 0 0 0 0 602"
"Hello.pdf",48,19,2032,"0 0 0 0 0 0 0 0 0 0 0 0 0 0 0 0 0 0 0 0 0 0 0 0 0 0 0 0 602 0 0 0 0 0 0 602"
"Hello.pdf",48,23,2036,"0 0 0 0 0 0 0 0 0 0 0 0 0 0 0 0 0 0 0 0 0 0 0 0 0 0 0 0 602 0 0 0 0 0 0 602"
"Hello.pdf",48,27,2040,"0 0 0 0 0 0 0 0 0 0 0 0 0 0 0 0 0 0 0 0 0 0 0 0 0 0 0 0 602 0 0 0 0 0 0 602"
"Hello.pdf",48,31,2044,"0 0 0 0 0 0 0 0 0 0 0 0 0 0 0 0 0 0 0 0 0 0 0 0 0 0 0 0 602 0 0 0 0 0 0 602"
"Hello.pdf",48,35,2048,"0 0 0 0 0 0 0 0 0 0 0 0 0 0 0 0 0 0 0 0 0 0 0 0 0 0 0 0 602 0 0 0 0 0 0 602"
"Hello.pdf",48,39,2052,"0 0 0 0 0 0 0 0 0 0 0 0 0 0 0 0 0 0 0 0 0 0 0 0 0 0 0 0 602 0 0 0 0 0 0 602"
"Hello.pdf",48,43,2056,"0 0 0 0 0 0 0 0 0 0 0 0 0 0 0 0 0 0 0 0 0 0 0 0 0 0 0 0 602 0 0 0 0 0 0 602"
"Hello.pdf",48,47,2060,"0 0 0 0 0 0 0 0 0 0 0 0 0 0 0 0 0 0 0 0 0 0 0 0 0 0 0 0 602 0 0 0 0 0 0 602"
"Hello.pdf",48,51,2064,"0 0 0 0 0 0 0 0 0 0 0 0 0 0 0 0 0 0 0 0 0 0 0 0 0 0 0 0 602 0 0 0 0 0 0 602"
"Hello.pdf",48,55,2068,"0 0 0 0 0 0 0 0 0 0 0 0 0 0 0 0 0 0 0 0 0 0 0 0 0 0 0 0 602 0 0 0 0 0 0 602"
"Hello.pdf",48,61,2074,"0 0 0 0 0 0 0 0 0 0 0 0 0 0 0 0 0 0 0 0 0 0 0 0 0 0 0 0 602 0 0 0 0 0 0 602"
"Hello.pdf",48,65,2078,"0 0 0 0 0 0 0 0 0 0 0 0 0 0 0 0 0 0 0 0 0 0 0 0 0 0 0 0 602 0 0 0 0 0 0 602"
"Hello.pdf",48,69,2082,"0 0 0 0 0 0 0 0 0 0 0 0 0 0 0 0 0 0 0 0 0 0 0 0 0 0 0 0 602 0 0 0 0 0 0 602"
"Hello.pdf",48,73,2086,"0 0 0 0 0 0 0 0 0 0 0 0 0 0 0 0 0 0 0 0 0 0 0 0 0 0 0 0 602 0 0 0 0 0 0 602\n0 0 602 ] >>"
"Hello.pdf",49,3,2092,"0 0 602 ] >>"
"Hello.pdf",50,1,2103,"endobj\n12 0 obj"
"Hello.pdf",51,4,2113,"12 0 obj"
"Hello.pdf",52,5,2123,"<< /Type /FontDescriptor /FontName /GQTMZF+Menlo-Regular /Flags 33 /FontBBox"
"Hello.pdf",52,27,2145,"<< /Type /FontDescriptor /FontName /GQTMZF+Menlo-Regular /Flags 33 /FontBBox"
"Hello.pdf",52,59,2177,"<< /Type /FontDescriptor /FontName /GQTMZF+Menlo-Regular /Flags 33 /FontBBox"
"Hello.pdf",52,69,2187,"<< /Type /FontDescriptor /FontName /GQTMZF+Menlo-Regular /Flags 33 /FontBBox\n[-558 -375 718 1041] /ItalicAngle 0 /Ascent 928 /Descent -236 /CapHeight 729"
"Hello.pdf",53,8,2203,"[-558 -375 718 1041] /ItalicAngle 0 /Ascent 928 /Descent -236 /CapHeight 729"
"Hello.pdf",53,23,2218,"[-558 -375 718 1041] /ItalicAngle 0 /Ascent 928 /Descent -236 /CapHeight 729"
"Hello.pdf",53,38,2233,"[-558 -375 718 1041] /ItalicAngle 0 /Ascent 928 /Descent -236 /CapHeight 729"
"Hello.pdf",53,50,2245,"[-558 -375 718 1041] /ItalicAngle 0 /Ascent 928 /Descent -236 /CapHeight 729"
"Hello.pdf",53,64,2259,"[-558 -375 718 1041] /ItalicAngle 0 /Ascent 928 /Descent -236 /CapHeight 729"
"Hello.pdf",54,2,2274,"/StemV 99 /XHeight 547 /StemH 83 /AvgWidth 602 /MaxWidth 602 /FontFile2 13 0 R"
"Hello.pdf",54,12,2284,"/StemV 99 /XHeight 547 /StemH 83 /AvgWidth 602 /MaxWidth 602 /FontFile2 13 0 R"
"Hello.pdf",54,25,2297,"/StemV 99 /XHeight 547 /StemH 83 /AvgWidth 602 /MaxWidth 602 /FontFile2 13 0 R"
"Hello.pdf",54,35,2307,"/StemV 99 /XHeight 547 /StemH 83 /AvgWidth 602 /MaxWidth 602 /FontFile2 13 0 R"
"Hello.pdf",54,49,2321,"/StemV 99 /XHeight 547 /StemH 83 /AvgWidth 602 /MaxWidth 602 /FontFile2 13 0 R"
"Hello.pdf",54,63,2335,"/StemV 99 /XHeight 547 /StemH 83 /AvgWidth 602 /MaxWidth 602 /FontFile2 13 0 R"
"Hello.pdf",54,76,2348,"/StemV 99 /XHeight 547 /StemH 83 /AvgWidth 602 /MaxWidth 602 /FontFile2 13 0 R"
"Hello.pdf",56,1,2355,"endobj\n13 0 obj"
"Hello.pdf",57,4,2365,"13 0 obj"
"Hello.pdf",58,5,2375,"<< /Length 14 0 R /Length1 4064 /Filter /FlateDecode >>"
"Hello.pdf",58,15,2385,"<< /Length 14 0 R /Length1 4064 /Filter /FlateDecode >>"
"Hello.pdf",58,20,2390,"<< /Length 14 0 R /Length1 4064 /Filter /FlateDecode >>"
"Hello.pdf",58,34,2404,"<< /Length 14 0 R /Length1 4064 /Filter /FlateDecode >>"
"Hello.pdf",59,1,2427,"stream\nx\x01›W{xT≈\x15?sw6ØÕ>íMHHÄ]÷Âï,ÅÑ∑R\x16Hxà /Î.àÚH (!\bA¥1êJQ	¡@Ö\bH}\x15Q©µ+E]	ƒT§b#EÑ†\x02"
"Hello.pdf",60,33,2475,"x\x01›W{xT≈\x15?sw6ØÕ>íMHHÄ]÷Âï,ÅÑ∑R\x16Hxà /Î.àÚH (!\bA¥1êJQ	¡@Ö\bH}\x15Q©µ+E]	ƒT§b#EÑ†\x02"
"Hello.pdf",61,187,2776,"¯¢hä\x14!ÿ\x00CœΩ\x1b˝>Ì◊ÔÎøÌ‹ù3Á¸ÊÃy›ª˜Œî-\\\\DV™$P`V…å\x05d6ÎI\x1eäg›SÊ6EäΩóHÀùΩ`NITéëÂNsÊ›7;*'Nfy@q—å¬®LWxÏWÃ@T\x16}xºÆ∏§åÌ\x18Õ˙.\x13◊º“YmÛâ£\f∞d∆Ωm˛È8ÀÓ˘3Jäx‰fè0È∂†tQô)íΩö«Ï\x05\x0bã⁄ÙEê(¶StÆç\x1añ\x05w©Y)ãÓ""\x0bi‰†çîƒ–≠¨+y÷ò◊b≤ñ>}ˆç;Ï7\\§N±Ê‚ΩeÈy\x06s(∏§ﬂÂïWÖ¨èΩÖ≈Ë§1¡ÎbJT\x07""˝‡Âï◊íeΩi…ò˘æ…\b≈fΩÆUäîÌÎ¶…°ô""Öj	L+I\x17.RÃ'õ4â\x03Çpöº√§v⁄ƒàÕ‰\x13∑=R\x0eıâD™`ÃJ>¶	îÀ4ﬁ¥\x17gj≈íçë\x18ì∑ò:“‰u\x13áâh&""\x02!\x05•pµ\x02W\x14.+¥Ê‚üu¯Æ\x02óZ™Â%ÖK\rzÀ≈êl©FK•~ÒB\x17y1Ñã\x01˝B\x17|{>G~€äÛ9¯á¬9Öorq÷Öø◊¢ôClVhé\\;\x18∏¶=\x12_ù)î_’‚L!˛¶p˙À\fyZ·À\f|°˘]¯L·”:ú:ô.Oµ‚d:N‘‚\x13Öè\x15é\x1fKë«\x15é•‡h->˙0E~§·Í\x04˘a"
"Hello.pdf",61,356,2996,"¯¢hä\x14!ÿ\x00CœΩ\x1b˝>Ì◊ÔÎøÌ‹ù3Á¸ÊÃy›ª˜Œî-\\\\DV™$P`V…å\x05d6ÎI\x1eäg›SÊ6EäΩóHÀùΩ`NITéëÂNsÊ›7;*'Nfy@q—å¬®LWxÏWÃ@T\x16}xºÆ∏§åÌ\x18Õ˙.\x13◊º“YmÛâ£\f∞d∆Ωm˛È8ÀÓ˘3Jäx‰fè0È∂†tQô)íΩö«Ï\x05\x0bã⁄ÙEê(¶StÆç\x1añ\x05w©Y)ãÓ""\x0bi‰†çîƒ–≠¨+y÷ò◊b≤ñ>}ˆç;Ï7\\§N±Ê‚ΩeÈy\x06s(∏§ﬂÂïWÖ¨èΩÖ≈Ë§1¡ÎbJT\x07""˝‡Âï◊íeΩi…ò˘æ…\b≈fΩÆUäîÌÎ¶…°ô""Öj	L+I\x17.RÃ'õ4â\x03Çpöº√§v⁄ƒàÕ‰\x13∑=R\x0eıâD™`ÃJ>¶	îÀ4ﬁ¥\x17gj≈íçë\x18ì∑ò:“‰u\x13áâh&""\x02!\x05•pµ\x02W\x14.+¥Ê‚üu¯Æ\x02óZ™Â%ÖK\rzÀ≈êl©FK•~ÒB\x17y1Ñã\x01˝B\x17|{>G~€äÛ9¯á¬9Öorq÷Öø◊¢ôClVhé\\;\x18∏¶=\x12_ù)î_’‚L!˛¶p˙À\fyZ·À\f|°˘]¯L·”:ú:ô.Oµ‚d:N‘‚\x13Öè\x15é\x1fKë«\x15é•‡h->˙0E~§·Í\x04˘a\n>®¿ëAhb°i\x10\x0e+\x1cz?^\x1eRx?\x1e\x07\x15ﬁS8PÂî\x072Ò◊TÏWx∑\x16ç´|≤Q·/"
"Hello.pdf",66,95,3301,"Ò‰\x13\x0e˘d:ûp‡7Òÿ¨8;y\\aS""6nË)7*lËâ«ÿˇcµ®]_'k\x15÷Û≥µæ\x0eÎ+ıuk|r›4¨\x0bËè*¸Za-ÀkÎ∞∆á\x1a.FÕP<¬Ÿ>‚¬Í\x04T3P]àU\\¥U>T9±R·aÖá\x14\x1e\\·î\x0f*¨p‚W\nÀ\x15\x1ep\x0eì\x0fL¬/\x15*Ô≈≤•\x15rô¬“"
"Hello.pdf",70,35,3383,"ãÀ¨r±\x1dã#Ç\x02Gı2+ \x1aÙEIX\x14–\x17*‹≠∞@°t˛$YZã˘%›‰¸I(ÈÜy\nwÂ‚NÖππ(n≈ú:ÃV(R(Tò5≥£ú•0ì\x1crfGÃPòÆpá¬ÌS\x12‰Ì6L+ƒm˚0ïÖ©.LI\x00?—A\x17nU¯π¬-\x19ÈÚñ\\LVò§0QaB\x05∆+‹Ï¬8Ö±¬/«*‹Tá1›p„Ë4ycå\x1eû$GßaTAö\x1c•0í•ëÖ\x18¡“à:\x14§!üÅ¸˛\x18>Ã)á'axD\x0b\x04‚ÙaCÌrò\x13√""\x1a±44`ìCÌ\x18\x1a\x11\r,\x05ÜXe¿Ü@DT≤4ƒ\x1a'áX1$""\x02ÅB˝g"
"Hello.pdf",71,146,3575,"wÂ‚NÖππ(n≈ú:ÃV(R(Tò5≥£ú•0ì\x1crfGÃPòÆpá¬ÌS\x12‰Ì6L+ƒm˚0ïÖ©.LI\x00?—A\x17nU¯π¬-\x19ÈÚñ\\LVò§0QaB\x05∆+‹Ï¬8Ö±¬/«*‹Tá1›p„Ë4ycå\x1eû$GßaTAö\x1c•0í•ëÖ\x18¡“à:\x14§!üÅ¸˛\x18>Ã)á'axD\x0b\x04‚ÙaCÌrò\x13√""\x1a±44`ìCÌ\x18\x1a\x11\r,\x05ÜXe¿Ü@DT≤4ƒ\x1a'áX1$""\x02ÅB˝g\nÉ9Ñ¡≠∏A·˙n\x18§0ê\x0b<∞\x10\x03z∑ó\x03∆†øB?øKˆSË;\x06}zµó}∆ èá<Ö\\VÃUËÕ”Ω€£W{‰0óìÜûq©≤g\x1d¸Ÿ…“ÔÇ?¢\x19n≥\x1dNôùål#‹Z=´áOf)Ù`Õ\x1e>t◊\x06…Ó"
"Hello.pdf",74,36,3743,"pù\x1d^ÖŒvªÏ¨‡q˚•ß\x02n?:çAGˆ‹Q°ÉB&◊6S!ÉÔJF:⁄+§+§)¥c\x0bÌF 5≈/Sá!≈Âê)~∏\x1cHfΩd\x17íx}íÇì3w\x0eÉÉ=8úpDkg∑Y•›\x0e{¥v∂ƒxi≥¬\x16≠]""◊.1\x1eâ\\ª\x1d∫5\x0eV„ŸÍØ'(ƒs&Ò"
"Hello.pdf",75,2,3825,"q©àu F¡¬¶-"
"Hello.pdf",79,1,5169,"endstream\nendobj"
"Hello.pdf",81,1,5186,"14 0 obj"
"Hello.pdf",81,6,5191,"14 0 obj\n2734"
"Hello.pdf",83,1,5200,"endobj\n15 0 obj"
"Hello.pdf",84,4,5210,"15 0 obj"
"Hello.pdf",86,1,5224,"endobj\n16 0 obj"
"Hello.pdf",87,4,5234,"16 0 obj"
"Hello.pdf",88,2,5241,"(Mac OS X 10.12.6 Quartz PDFContext)"
"Hello.pdf",88,9,5248,"(Mac OS X 10.12.6 Quartz PDFContext)"
"Hello.pdf",88,19,5258,"(Mac OS X 10.12.6 Quartz PDFContext)"
"Hello.pdf",89,1,5277,"endobj\n17 0 obj"
"Hello.pdf",90,4,5287,"17 0 obj"
"Hello.pdf",92,1,5304,"endobj\n18 0 obj"
"Hello.pdf",93,4,5314,"18 0 obj"
"Hello.pdf",95,1,5346,"endobj\n19 0 obj"
"Hello.pdf",96,4,5356,"19 0 obj"
"Hello.pdf",98,1,5365,"endobj\n20 0 obj"
"Hello.pdf",99,4,5375,"20 0 obj"
"Hello.pdf",101,1,5385,"endobj\n1 0 obj"
"Hello.pdf",102,3,5394,"1 0 obj"
"Hello.pdf",103,5,5404,"<< /Title 15 0 R /Producer 16 0 R /Creator 17 0 R /CreationDate 18 0 R /ModDate"
"Hello.pdf",103,14,5413,"<< /Title 15 0 R /Producer 16 0 R /Creator 17 0 R /CreationDate 18 0 R /ModDate"
"Hello.pdf",103,19,5418,"<< /Title 15 0 R /Producer 16 0 R /Creator 17 0 R /CreationDate 18 0 R /ModDate"
"Hello.pdf",103,31,5430,"<< /Title 15 0 R /Producer 16 0 R /Creator 17 0 R /CreationDate 18 0 R /ModDate"
"Hello.pdf",103,36,5435,"<< /Title 15 0 R /Producer 16 0 R /Creator 17 0 R /CreationDate 18 0 R /ModDate"
"Hello.pdf",103,47,5446,"<< /Title 15 0 R /Producer 16 0 R /Creator 17 0 R /CreationDate 18 0 R /ModDate"
"Hello.pdf",103,52,5451,"<< /Title 15 0 R /Producer 16 0 R /Creator 17 0 R /CreationDate 18 0 R /ModDate"
"Hello.pdf",103,68,5467,"<< /Title 15 0 R /Producer 16 0 R /Creator 17 0 R /CreationDate 18 0 R /ModDate"
"Hello.pdf",103,73,5472,"<< /Title 15 0 R /Producer 16 0 R /Creator 17 0 R /CreationDate 18 0 R /ModDate\n18 0 R /Keywords 19 0 R /AAPL:Keywords 20 0 R >>"
"Hello.pdf",104,4,5483,"18 0 R /Keywords 19 0 R /AAPL:Keywords 20 0 R >>"
"Hello.pdf",104,9,5488,"18 0 R /Keywords 19 0 R /AAPL:Keywords 20 0 R >>"
"Hello.pdf",104,21,5500,"18 0 R /Keywords 19 0 R /AAPL:Keywords 20 0 R >>"
"Hello.pdf",104,31,5510,"18 0 R /Keywords 19 0 R /AAPL:Keywords 20 0 R >>"
"Hello.pdf",104,43,5522,"18 0 R /Keywords 19 0 R /AAPL:Keywords 20 0 R >>"
"Hello.pdf",105,1,5529,"endobj\nxref"
"Hello.pdf",107,1,5541,"0 21"
"Hello.pdf",108,1,5546,"0000000000 65535 f "
"Hello.pdf",108,18,5563,"0000000000 65535 f \n0000005392 00000 n "
"Hello.pdf",109,12,5577,"0000005392 00000 n "
"Hello.pdf",110,1,5586,"0000000238 00000 n "
"Hello.pdf",110,18,5603,"0000000238 00000 n \n0000001714 00000 n "
"Hello.pdf",111,12,5617,"0000001714 00000 n "
"Hello.pdf",112,1,5626,"0000000022 00000 n "
"Hello.pdf",112,18,5643,"0000000022 00000 n \n0000000219 00000 n "
"Hello.pdf",113,12,5657,"0000000219 00000 n "
"Hello.pdf",114,1,5666,"0000000342 00000 n "
"Hello.pdf",114,18,5683,"0000000342 00000 n \n0000001679 00000 n "
"Hello.pdf",115,12,5697,"0000001679 00000 n "
"Hello.pdf",116,1,5706,"0000001847 00000 n "
"Hello.pdf",116,18,5723,"0000001847 00000 n \n0000000439 00000 n "
"Hello.pdf",117,12,5737,"0000000439 00000 n "
"Hello.pdf",118,1,5746,"0000001658 00000 n "
"Hello.pdf",118,18,5763,"0000001658 00000 n \n0000001797 00000 n "
"Hello.pdf",119,12,5777,"0000001797 00000 n "
"Hello.pdf",120,1,5786,"0000002110 00000 n "
"Hello.pdf",120,18,5803,"0000002110 00000 n \n0000002362 00000 n "
"Hello.pdf",121,12,5817,"0000002362 00000 n "
"Hello.pdf",122,1,5826,"0000005186 00000 n "
"Hello.pdf",122,18,5843,"0000005186 00000 n \n0000005207 00000 n "
"Hello.pdf",123,12,5857,"0000005207 00000 n "
"Hello.pdf",124,1,5866,"0000005231 00000 n "
"Hello.pdf",124,18,5883,"0000005231 00000 n \n0000005284 00000 n "
"Hello.pdf",125,12,5897,"0000005284 00000 n "
"Hello.pdf",126,1,5906,"0000005311 00000 n "
"Hello.pdf",126,18,5923,"0000005311 00000 n \n0000005353 00000 n "
"Hello.pdf",127,12,5937,"0000005353 00000 n "
"Hello.pdf",128,1,5946,"0000005372 00000 n "
"Hello.pdf",128,18,5963,"0000005372 00000 n \ntrailer"
"Hello.pdf",130,5,5978,"<< /Size 21 /Root 11 0 R /Info 1 0 R /ID [ <8db88d3335070bd9583341583cf769a3>"
"Hello.pdf",130,14,5987,"<< /Size 21 /Root 11 0 R /Info 1 0 R /ID [ <8db88d3335070bd9583341583cf769a3>"
"Hello.pdf",130,22,5995,"<< /Size 21 /Root 11 0 R /Info 1 0 R /ID [ <8db88d3335070bd9583341583cf769a3>"
"Hello.pdf",130,27,6000,"<< /Size 21 /Root 11 0 R /Info 1 0 R /ID [ <8db88d3335070bd9583341583cf769a3>"
"Hello.pdf",130,34,6007,"<< /Size 21 /Root 11 0 R /Info 1 0 R /ID [ <8db88d3335070bd9583341583cf769a3>"
"Hello.pdf",130,39,6012,"<< /Size 21 /Root 11 0 R /Info 1 0 R /ID [ <8db88d3335070bd9583341583cf769a3>"
"Hello.pdf",132,1,6092,"startxref\n5536"
"Hello.sh",1,8,7,"#!/bin/sh\necho ""Hello World!"""
"Hello.sh",2,7,16,"echo ""Hello World!"""
