<grep>
  <file name="Hello.bat">
    <match>1</match>
  </file>
  <file name="Hello.class">
    <match>2</match>
  </file>
  <file name="Hello.java">
    <match>8</match>
  </file>
  <file name="Hello.pdf">
    <match>165</match>
  </file>
  <file name="Hello.sh">
    <match>1</match>
  </file>
  <file name="Hello.txt">
    <match>0</match>
  </file>
  <file name="empty.txt">
    <match>0</match>
  </file>
  <file name="emptyline.txt">
    <match>0</match>
  </file>
</grep>
