"Hello.bat",0
"Hello.class",0
"Hello.java",0
"Hello.pdf",0
"Hello.sh",0
"Hello.txt",0
"empty.txt",0
"emptyline.txt",0
