[
  {
    "file": "Hello.pdf",
    "matches": [
      { "match": "(Hello)" }
    ]
  },
  {
    "file": "Hello.txt",
    "matches": [
      { "match": "Hello" }
    ]
  }
]
