[
  {
    "file": "Hello.java",
    "matches": [
      { "line": 1, "match": "import java.lang.*;" },
      { "line": 2, "match": "" },
      { "line": 5, "match": "  { System.out.println(\"Hello World!\");" }
    ]
  },
  {
    "file": "Hello.pdf",
    "matches": [
      { "line": 109, "match": "0000005392 00000 n " },
      { "line": 110, "match": "0000000238 00000 n " },
      { "line": 111, "match": "0000001714 00000 n " },
      { "line": 112, "match": "0000000022 00000 n " },
      { "line": 113, "match": "0000000219 00000 n " },
      { "line": 114, "match": "0000000342 00000 n " },
      { "line": 115, "match": "0000001679 00000 n " },
      { "line": 116, "match": "0000001847 00000 n " },
      { "line": 117, "match": "0000000439 00000 n " },
      { "line": 118, "match": "0000001658 00000 n " },
      { "line": 119, "match": "0000001797 00000 n " },
      { "line": 120, "match": "0000002110 00000 n " },
      { "line": 121, "match": "0000002362 00000 n " },
      { "line": 122, "match": "0000005186 00000 n " },
      { "line": 123, "match": "0000005207 00000 n " },
      { "line": 124, "match": "0000005231 00000 n " },
      { "line": 125, "match": "0000005284 00000 n " },
      { "line": 126, "match": "0000005311 00000 n " },
      { "line": 127, "match": "0000005353 00000 n " },
      { "line": 128, "match": "0000005372 00000 n " }
    ]
  },
  {
    "file": "Hello.txt",
    "matches": [
      { "line": 1, "match": "Hello" }
    ]
  },
  {
    "file": "emptyline.txt",
    "matches": [
      { "line": 1, "match": "" }
    ]
  }
]
