[1;35mHello.bat[m
[1;35mHello.class[m
[1;35mHello.java[m
[1;35mHello.sh[m
