[1;35mHello.bat[m[1;36m:[m#!/[m[1;4;32mbin[m/sh[m
[1;35mHello.bat[m[1;36m-[m[1;34mecho "Hello World!"[m
[1;35mHello.sh[m[1;36m:[m#!/[m[1;4;32mbin[m/sh[m
[1;35mHello.sh[m[1;36m-[m[1;34mecho "Hello World!"[m
