<grep>
  <file name="Hello.bat">
    <match>echo &quot;Hello</match>
  </file>
  <file name="Hello.class">
    <match>java&#12;&#0;&#7;&#0;&#8;&#7;&#0;&#23;</match>
  </file>
  <file name="Hello.java">
    <match>import java.lang.*;</match>
    <match>public class</match>
    <match>public static</match>
    <match>Hello World!&quot;);</match>
  </file>
  <file name="Hello.pdf">
    <match>4 0</match>
    <match>Length 5</match>
    <match>9&#12;≥1≤Q&#2;πFó‚©&#18;Ûôê\LY</match>
    <match>5 0</match>
    <match>2 0</match>
    <match>Type /Page</match>
    <match>6 0</match>
    <match>ProcSet [</match>
    <match>9 0</match>
    <match>Length 10</match>
    <match>m&#9;È2âV&#19;ãµ€M∫I&#19;∑ÎfSõ* tv6;Õdfúô›&amp;°O•‡õ&#22;&#4;È´†&gt;∆Ç&#8;∂*6/ˆ••≈íJ5&#15;</match>
    <match>7 ãö&#17;Ú»«X</match>
    <match>bP&#12;ë*^&#21;á≈!1</match>
    <match>10 0</match>
    <match>7 0</match>
    <match>ICCBased 9</match>
    <match>3 0</match>
    <match>Type /Pages</match>
    <match>11 0</match>
    <match>Type /Catalog</match>
    <match>8 0</match>
    <match>Type /Font</match>
    <match>12 0</match>
    <match>0 0</match>
    <match>0 0</match>
    <match>12 0</match>
    <match>Type /FontDescriptor</match>
    <match>558 -375</match>
    <match>StemV 99</match>
    <match>13 0</match>
    <match>Length 14</match>
    <match>H (!&#8;A¥1êJQ</match>
    <match>j&#9;L+I&#23;.RÃ'õ4â&#3;Çpöº√§v⁄ƒàÕ‰&#19;∑&#x7f;=R&#14;ıâD™`ÃJ&gt;¶</match>
    <match>5&#13;ª&#2;zù&#15;;&#21;^ØE§f®|M·U&#30;^m≈+lká¬&#31;</match>
    <match>axD&#11;&#4;‚ÙaCÌrò&#19;√&quot;&#26;±44`ìCÌ&#24;&#26;&#17;</match>
    <match>c&#11;ÌF</match>
    <match>u F¡¬¶-</match>
    <match>fsu&#13;N”bÏ¢CÙ&#14;&#29;cÓ¥&#24;&#8;^+&#14;ëGú`?+&#x7f;°°û•=LÀQè†Ë$Jhãxâ-ñSDî“2çGm&quot;[ﬁØ&#31;dt?=ƒ◊£¥ÖJô72XŒÒ&#x7f;L;h&#21;]†</match>
    <match>o&#11;CAÁn·&#30;ü≥ì£ä•Ñ¨^ΩìÛÿuû”À‘ª≤QÎﬁÿxıÉFŸtı-ÌÜ÷,Ìõ´NˆØQ˘µœ¯≠QN)îIyF&#4;;&#25;t∞Å&#8;iÏ!ì=eÊ;œBâ</match>
    <match>14 0</match>
    <match>15 0</match>
    <match>16 0</match>
    <match>Mac OS</match>
    <match>17 0</match>
    <match>18 0</match>
    <match>19 0</match>
    <match>20 0</match>
    <match>1 0</match>
    <match>Title 15</match>
    <match>18 0</match>
    <match>0 21</match>
    <match>0000000000 65535</match>
    <match>0000005392 00000</match>
    <match>0000000238 00000</match>
    <match>0000001714 00000</match>
    <match>0000000022 00000</match>
    <match>0000000219 00000</match>
    <match>0000000342 00000</match>
    <match>0000001679 00000</match>
    <match>0000001847 00000</match>
    <match>0000000439 00000</match>
    <match>0000001658 00000</match>
    <match>0000001797 00000</match>
    <match>0000002110 00000</match>
    <match>0000002362 00000</match>
    <match>0000005186 00000</match>
    <match>0000005207 00000</match>
    <match>0000005231 00000</match>
    <match>0000005284 00000</match>
    <match>0000005311 00000</match>
    <match>0000005353 00000</match>
    <match>0000005372 00000</match>
    <match>Size 21</match>
  </file>
  <file name="Hello.sh">
    <match>echo &quot;Hello</match>
  </file>
</grep>
