[1;35mHello.bat[m[1;36m:[m[32;1m1[m[1;36m:[m[1;4;32msh[m
[1;35mHello.bat[m[1;36m|[m[32;1m2[m[1;36m|[m[1;4;32mecho[m
[1;35mHello.bat[m[1;36m:[m[32;1m2[m[1;36m:[m[1;4;32mHello World!"[m
[1;35mHello.class[m[1;36m:[m[32;1m5[m[1;36m:[m
[1;32m00000090[m [m[1;34m -- -- -- --[m[1;4;32m 48 65 6c 6c  6f 20 57 6f 72 6c 64 21 [m[1;36m |[m[1;34m----[m[1;4;32mHello World![m[1;36m|[m
[1;32m000000a0[m [m[1;4;32m 07 00 1a[m[1;34m -- -- -- -- --  -- -- -- -- -- -- -- -- [m[1;36m |[m[1;4;32m[7mG[7m@[7mZ[m[1;34m-------------[m[1;36m|[m
[1;35mHello.java[m[1;36m:[m[32;1m1[m[1;36m:[m[1;4;32mimport java.lang.*;[m
[1;35mHello.java[m[1;36m:[m[32;1m3[m[1;36m:[m[1;4;32mpublic class[m
[1;35mHello.java[m[1;36m:[m[32;1m3[m[1;36m:[m[1;4;32mHello //[m
[1;35mHello.java[m[1;36m:[m[32;1m3[m[1;36m:[m[1;4;32mprints a[m
[1;35mHello.java[m[1;36m:[m[32;1m3[m[1;36m:[m[1;4;32mHello World![m
[1;35mHello.java[m[1;36m:[m[32;1m3[m[1;36m:[m[1;4;32mgreeting[m
[1;35mHello.java[m[1;36m|[m[32;1m4[m[1;36m|[m[1;4;32m{[m
[1;35mHello.java[m[1;36m:[m[32;1m4[m[1;36m:[m[1;4;32mpublic static[m
[1;35mHello.java[m[1;36m:[m[32;1m4[m[1;36m:[m[1;4;32mvoid main(String[][m
[1;35mHello.java[m[1;36m:[m[32;1m5[m[1;36m:[m[1;4;32mHello World!");[m
[1;35mHello.pdf[m[1;36m:[m[32;1m1[m[1;36m:[m
[1;32m00000000[m [m[1;34m -- -- -- -- -- -- --[m[1;4;32m 33  0a 25 c4 e5 f2 e5 eb a7 [m[1;36m |[m[1;34m-------[m[1;4;32m3[7mJ[m[1;4;32m%[7m.[7m.[7m.[7m.[7m.[7m.[m[1;36m|[m
[1;32m00000010[m [m[1;4;32m f3 a0 d0 c4 c6[m[1;34m -- -- --  -- -- -- -- -- -- -- -- [m[1;36m |[m[1;4;32m[7m.[7m.[7m.[7m.[7m.[m[1;34m-----------[m[1;36m|[m
[1;35mHello.pdf[m[1;36m:[m[32;1m3[m[1;36m:[m[1;4;32m4 0[m
[1;35mHello.pdf[m[1;36m:[m[32;1m3[m[1;36m:[m[1;4;32mobj[m
[1;35mHello.pdf[m[1;36m|[m[32;1m4[m[1;36m|[m[1;4;32m<<[m
[1;35mHello.pdf[m[1;36m:[m[32;1m4[m[1;36m:[m[1;4;32mLength 5[m
[1;35mHello.pdf[m[1;36m:[m[32;1m4[m[1;36m:[m[1;4;32m0 R[m
[1;35mHello.pdf[m[1;36m:[m[32;1m4[m[1;36m:[m[1;4;32mFilter /FlateDecode[m
[1;35mHello.pdf[m[1;36m:[m[32;1m5[m[1;36m:[m
[1;32m00000040[m [m[1;34m -- -- -- -- -- -- --[m[1;4;32m 73  74 72 65 61 6d 0a 78 01 [m[1;36m |[m[1;34m-------[m[1;4;32mstream[7mJ[m[1;4;32mx[7mA[m[1;36m|[m
[1;32m00000050[m [m[1;4;32m 45 8e bb[m[1;34m -- -- -- -- --  -- -- -- -- -- -- -- -- [m[1;36m |[m[1;4;32mE[7m.[7m.[m[1;34m-------------[m[1;36m|[m
[1;35mHello.pdf[m[1;36m:[m[32;1m7[m[1;36m:[m
[1;32m00000080[m [m[1;34m -- -- -- -- -- -- --[m[1;4;32m 4c  59 0a 9f 89 07 6f 86 6b [m[1;36m |[m[1;34m-------[m[1;4;32mLY[7mJ[7m.[7m.[7mG[m[1;4;32mo[7m.[m[1;4;32mk[m[1;36m|[m
[1;32m00000090[m [m[1;4;32m f7 b4 8e d0 9b e1 e2 6a  a9 52 6a b2 40 38 fe ad [m[1;36m |[m[1;4;32m[7m.[7m.[7m.[7m.[7m.[7m.[7m.[m[1;4;32mj[7m.[m[1;4;32mRj[7m.[m[1;4;32m@8[7m.[7m.[m[1;36m|[m
[1;32m000000a0[m [m[1;4;32m ed 94[m[1;34m -- -- -- -- -- --  -- -- -- -- -- -- -- -- [m[1;36m |[m[1;4;32m[7m.[7m.[m[1;34m--------------[m[1;36m|[m
[1;35mHello.pdf[m[1;36m:[m[32;1m9[m[1;36m:[m[1;4;32mendstream[m
[1;35mHello.pdf[m[1;36m|[m[32;1m10[m[1;36m|[m[1;4;32mendobj[m
[1;35mHello.pdf[m[1;36m:[m[32;1m11[m[1;36m:[m[1;4;32m5 0[m
[1;35mHello.pdf[m[1;36m:[m[32;1m11[m[1;36m:[m[1;4;32mobj[m
[1;35mHello.pdf[m[1;36m|[m[32;1m12[m[1;36m|[m[1;4;32m123[m
[1;35mHello.pdf[m[1;36m:[m[32;1m13[m[1;36m:[m[1;4;32mendobj[m
[1;35mHello.pdf[m[1;36m|[m[32;1m14[m[1;36m|[m[1;4;32m2[m
[1;35mHello.pdf[m[1;36m:[m[32;1m14[m[1;36m:[m[1;4;32m0 obj[m
[1;35mHello.pdf[m[1;36m:[m[32;1m15[m[1;36m:[m[1;4;32mType /Page[m
[1;35mHello.pdf[m[1;36m:[m[32;1m15[m[1;36m:[m[1;4;32mParent 3[m
[1;35mHello.pdf[m[1;36m:[m[32;1m15[m[1;36m:[m[1;4;32m0 R[m
[1;35mHello.pdf[m[1;36m:[m[32;1m15[m[1;36m:[m[1;4;32mResources 6[m
[1;35mHello.pdf[m[1;36m:[m[32;1m15[m[1;36m:[m[1;4;32m0 R[m
[1;35mHello.pdf[m[1;36m:[m[32;1m15[m[1;36m:[m[1;4;32mContents 4[m
[1;35mHello.pdf[m[1;36m:[m[32;1m15[m[1;36m:[m[1;4;32m0 R[m
[1;35mHello.pdf[m[1;36m:[m[32;1m15[m[1;36m:[m[1;4;32mMediaBox [0[m
[1;35mHello.pdf[m[1;36m:[m[32;1m15[m[1;36m:[m[1;4;32m0 612[m
[1;35mHello.pdf[m[1;36m:[m[32;1m17[m[1;36m:[m[1;4;32mendobj[m
[1;35mHello.pdf[m[1;36m|[m[32;1m18[m[1;36m|[m[1;4;32m6[m
[1;35mHello.pdf[m[1;36m:[m[32;1m18[m[1;36m:[m[1;4;32m0 obj[m
[1;35mHello.pdf[m[1;36m:[m[32;1m19[m[1;36m:[m[1;4;32mProcSet [[m
[1;35mHello.pdf[m[1;36m:[m[32;1m19[m[1;36m:[m[1;4;32mPDF /Text[m
[1;35mHello.pdf[m[1;36m:[m[32;1m19[m[1;36m:[m[1;4;32mColorSpace <<[m
[1;35mHello.pdf[m[1;36m:[m[32;1m19[m[1;36m:[m[1;4;32mCs1 7[m
[1;35mHello.pdf[m[1;36m:[m[32;1m19[m[1;36m:[m[1;4;32m0 R[m
[1;35mHello.pdf[m[1;36m:[m[32;1m19[m[1;36m:[m[1;4;32mFont <<[m
[1;35mHello.pdf[m[1;36m:[m[32;1m19[m[1;36m:[m[1;4;32mTT1 8[m
[1;35mHello.pdf[m[1;36m:[m[32;1m19[m[1;36m:[m[1;4;32m0 R[m
[1;35mHello.pdf[m[1;36m:[m[32;1m21[m[1;36m:[m[1;4;32mendobj[m
[1;35mHello.pdf[m[1;36m|[m[32;1m22[m[1;36m|[m[1;4;32m9[m
[1;35mHello.pdf[m[1;36m:[m[32;1m22[m[1;36m:[m[1;4;32m0 obj[m
[1;35mHello.pdf[m[1;36m:[m[32;1m23[m[1;36m:[m[1;4;32mLength 10[m
[1;35mHello.pdf[m[1;36m:[m[32;1m23[m[1;36m:[m[1;4;32m0 R[m
[1;35mHello.pdf[m[1;36m:[m[32;1m23[m[1;36m:[m[1;4;32mN 1[m
[1;35mHello.pdf[m[1;36m:[m[32;1m23[m[1;36m:[m[1;4;32mAlternate /DeviceGray[m
[1;35mHello.pdf[m[1;36m:[m[32;1m23[m[1;36m:[m[1;4;32mFilter /FlateDecode[m
[1;35mHello.pdf[m[1;36m:[m[32;1m24[m[1;36m:[m
[1;32m00000200[m [m[1;34m -- -- -- -- --[m[1;4;32m 73 74 72  65 61 6d 0a 78 01 85 55 [m[1;36m |[m[1;34m-----[m[1;4;32mstream[7mJ[m[1;4;32mx[7mA[7m.[m[1;4;32mU[m[1;36m|[m
[1;32m00000210[m [m[1;4;32m 5d 68 1c 55 14 3e bb 73  67 03 12 07 1f b4[m[1;34m -- -- [m[1;36m |[m[1;4;32m]h[7m\[m[1;4;32mU[7mT[m[1;4;32m>[7m.[m[1;4;32msg[7mC[7mR[7mG[7m_[7m.[m[1;34m--[m[1;36m|[m
[1;35mHello.pdf[m[1;36m:[m[32;1m25[m[1;36m:[m
[1;32m00000220[m [m[1;34m -- -- --[m[1;4;32m 6d 09 e9 32 89  56 13 8b b5 db 4d ba 49 [m[1;36m |[m[1;34m---[m[1;4;32mm[7mI[7m.[m[1;4;32m2[7m.[m[1;4;32mV[7mS[7m.[7m.[7m.[m[1;4;32mM[7m.[m[1;4;32mI[m[1;36m|[m
[1;32m00000230[m [m[1;4;32m 13 b7 eb 66 53 9b 2a ca  74 76 36 3b cd 64 66 9c [m[1;36m |[m[1;4;32m[7mS[7m.[7m.[m[1;4;32mfS[7m.[m[1;4;32m*[7m.[m[1;4;32mtv6;[7m.[m[1;4;32mdf[7m.[m[1;36m|[m
[1;32m00000240[m [m[1;4;32m 99 dd 26 a1 4f a5 e0 9b  16 04 e9 ab a0 3e c6 82 [m[1;36m |[m[1;4;32m[7m.[7m.[m[1;4;32m&[7m.[m[1;4;32mO[7m.[7m.[7m.[7mV[7mD[7m.[7m.[7m.[m[1;4;32m>[7m.[7m.[m[1;36m|[m
[1;32m00000250[m [m[1;4;32m 08 b6 2a 36 2f f6 a5 a5  c5 92 4a 35 0f[m[1;34m -- -- -- [m[1;36m |[m[1;4;32m[7mH[7m.[m[1;4;32m*6/[7m.[7m.[7m.[7m.[7m.[m[1;4;32mJ5[7mO[m[1;34m---[m[1;36m|[m
[1;35mHello.pdf[m[1;36m:[m[32;1m26[m[1;36m:[m
[1;32m000003e0[m [m[1;34m -- -- -- -- -- -- -- --  -- -- -- -- -- --[m[1;4;32m 37 20 [m[1;36m |[m[1;34m--------------[m[1;4;32m7 [m[1;36m|[m
[1;32m000003f0[m [m[1;4;32m 8b 9a 11 f2 c8 c7 58[m[1;34m --  -- -- -- -- -- -- -- -- [m[1;36m |[m[1;4;32m[7m.[7m.[7mQ[7m.[7m.[7m.[m[1;4;32mX[m[1;34m---------[m[1;36m|[m
[1;35mHello.pdf[m[1;36m:[m[32;1m30[m[1;36m:[m[1;4;32m4[m
[1;35mHello.pdf[m[1;36m|[m[32;1m31[m[1;36m|[m[1;4;32mendstream[m
[1;35mHello.pdf[m[1;36m:[m[32;1m32[m[1;36m:[m[1;4;32mendobj[m
[1;35mHello.pdf[m[1;36m|[m[32;1m33[m[1;36m|[m[1;4;32m10[m
[1;35mHello.pdf[m[1;36m:[m[32;1m33[m[1;36m:[m[1;4;32m0 obj[m
[1;35mHello.pdf[m[1;36m:[m[32;1m34[m[1;36m:[m[1;4;32m1116[m
[1;35mHello.pdf[m[1;36m|[m[32;1m35[m[1;36m|[m[1;4;32mendobj[m
[1;35mHello.pdf[m[1;36m:[m[32;1m36[m[1;36m:[m[1;4;32m7 0[m
[1;35mHello.pdf[m[1;36m:[m[32;1m36[m[1;36m:[m[1;4;32mobj[m
[1;35mHello.pdf[m[1;36m|[m[32;1m37[m[1;36m|[m[1;4;32m[[m
[1;35mHello.pdf[m[1;36m:[m[32;1m37[m[1;36m:[m[1;4;32mICCBased 9[m
[1;35mHello.pdf[m[1;36m:[m[32;1m37[m[1;36m:[m[1;4;32m0 R[m
[1;35mHello.pdf[m[1;36m:[m[32;1m38[m[1;36m:[m[1;4;32mendobj[m
[1;35mHello.pdf[m[1;36m|[m[32;1m39[m[1;36m|[m[1;4;32m3[m
[1;35mHello.pdf[m[1;36m:[m[32;1m39[m[1;36m:[m[1;4;32m0 obj[m
[1;35mHello.pdf[m[1;36m:[m[32;1m40[m[1;36m:[m[1;4;32mType /Pages[m
[1;35mHello.pdf[m[1;36m:[m[32;1m40[m[1;36m:[m[1;4;32mMediaBox [0[m
[1;35mHello.pdf[m[1;36m:[m[32;1m40[m[1;36m:[m[1;4;32m0 612[m
[1;35mHello.pdf[m[1;36m:[m[32;1m40[m[1;36m:[m[1;4;32mCount 1[m
[1;35mHello.pdf[m[1;36m:[m[32;1m40[m[1;36m:[m[1;4;32mKids [[m
[1;35mHello.pdf[m[1;36m:[m[32;1m40[m[1;36m:[m[1;4;32m2 0[m
[1;35mHello.pdf[m[1;36m:[m[32;1m40[m[1;36m:[m[1;4;32mR ][m
[1;35mHello.pdf[m[1;36m:[m[32;1m41[m[1;36m:[m[1;4;32mendobj[m
[1;35mHello.pdf[m[1;36m|[m[32;1m42[m[1;36m|[m[1;4;32m11[m
[1;35mHello.pdf[m[1;36m:[m[32;1m42[m[1;36m:[m[1;4;32m0 obj[m
[1;35mHello.pdf[m[1;36m:[m[32;1m43[m[1;36m:[m[1;4;32mType /Catalog[m
[1;35mHello.pdf[m[1;36m:[m[32;1m43[m[1;36m:[m[1;4;32mPages 3[m
[1;35mHello.pdf[m[1;36m:[m[32;1m43[m[1;36m:[m[1;4;32m0 R[m
[1;35mHello.pdf[m[1;36m:[m[32;1m44[m[1;36m:[m[1;4;32mendobj[m
[1;35mHello.pdf[m[1;36m|[m[32;1m45[m[1;36m|[m[1;4;32m8[m
[1;35mHello.pdf[m[1;36m:[m[32;1m45[m[1;36m:[m[1;4;32m0 obj[m
[1;35mHello.pdf[m[1;36m:[m[32;1m46[m[1;36m:[m[1;4;32mType /Font[m
[1;35mHello.pdf[m[1;36m:[m[32;1m46[m[1;36m:[m[1;4;32mSubtype /TrueType[m
[1;35mHello.pdf[m[1;36m:[m[32;1m46[m[1;36m:[m[1;4;32mBaseFont /GQTMZF+Menlo-Regular[m
[1;35mHello.pdf[m[1;36m:[m[32;1m46[m[1;36m:[m[1;4;32mFontDescriptor[m
[1;35mHello.pdf[m[1;36m|[m[32;1m47[m[1;36m|[m[1;4;32m12[m
[1;35mHello.pdf[m[1;36m:[m[32;1m47[m[1;36m:[m[1;4;32m0 R[m
[1;35mHello.pdf[m[1;36m:[m[32;1m47[m[1;36m:[m[1;4;32mEncoding /MacRomanEncoding[m
[1;35mHello.pdf[m[1;36m:[m[32;1m47[m[1;36m:[m[1;4;32mFirstChar 72[m
[1;35mHello.pdf[m[1;36m:[m[32;1m47[m[1;36m:[m[1;4;32mLastChar 111[m
[1;35mHello.pdf[m[1;36m:[m[32;1m47[m[1;36m:[m[1;4;32mWidths [[m
[1;35mHello.pdf[m[1;36m:[m[32;1m47[m[1;36m:[m[1;4;32m602[m
[1;35mHello.pdf[m[1;36m|[m[32;1m48[m[1;36m|[m[1;4;32m0[m
[1;35mHello.pdf[m[1;36m:[m[32;1m48[m[1;36m:[m[1;4;32m0 0[m
[1;35mHello.pdf[m[1;36m:[m[32;1m48[m[1;36m:[m[1;4;32m0 0[m
[1;35mHello.pdf[m[1;36m:[m[32;1m48[m[1;36m:[m[1;4;32m0 0[m
[1;35mHello.pdf[m[1;36m:[m[32;1m48[m[1;36m:[m[1;4;32m0 0[m
[1;35mHello.pdf[m[1;36m:[m[32;1m48[m[1;36m:[m[1;4;32m0 0[m
[1;35mHello.pdf[m[1;36m:[m[32;1m48[m[1;36m:[m[1;4;32m0 0[m
[1;35mHello.pdf[m[1;36m:[m[32;1m48[m[1;36m:[m[1;4;32m0 0[m
[1;35mHello.pdf[m[1;36m:[m[32;1m48[m[1;36m:[m[1;4;32m0 0[m
[1;35mHello.pdf[m[1;36m:[m[32;1m48[m[1;36m:[m[1;4;32m0 0[m
[1;35mHello.pdf[m[1;36m:[m[32;1m48[m[1;36m:[m[1;4;32m0 0[m
[1;35mHello.pdf[m[1;36m:[m[32;1m48[m[1;36m:[m[1;4;32m0 0[m
[1;35mHello.pdf[m[1;36m:[m[32;1m48[m[1;36m:[m[1;4;32m0 0[m
[1;35mHello.pdf[m[1;36m:[m[32;1m48[m[1;36m:[m[1;4;32m0 0[m
[1;35mHello.pdf[m[1;36m:[m[32;1m48[m[1;36m:[m[1;4;32m0 602[m
[1;35mHello.pdf[m[1;36m:[m[32;1m48[m[1;36m:[m[1;4;32m0 0[m
[1;35mHello.pdf[m[1;36m:[m[32;1m48[m[1;36m:[m[1;4;32m0 0[m
[1;35mHello.pdf[m[1;36m:[m[32;1m48[m[1;36m:[m[1;4;32m0 0[m
[1;35mHello.pdf[m[1;36m:[m[32;1m48[m[1;36m:[m[1;4;32m602[m
[1;35mHello.pdf[m[1;36m|[m[32;1m49[m[1;36m|[m[1;4;32m0[m
[1;35mHello.pdf[m[1;36m:[m[32;1m49[m[1;36m:[m[1;4;32m0 602[m
[1;35mHello.pdf[m[1;36m:[m[32;1m50[m[1;36m:[m[1;4;32mendobj[m
[1;35mHello.pdf[m[1;36m|[m[32;1m51[m[1;36m|[m[1;4;32m12[m
[1;35mHello.pdf[m[1;36m:[m[32;1m51[m[1;36m:[m[1;4;32m0 obj[m
[1;35mHello.pdf[m[1;36m:[m[32;1m52[m[1;36m:[m[1;4;32mType /FontDescriptor[m
[1;35mHello.pdf[m[1;36m:[m[32;1m52[m[1;36m:[m[1;4;32mFontName /GQTMZF+Menlo-Regular[m
[1;35mHello.pdf[m[1;36m:[m[32;1m52[m[1;36m:[m[1;4;32mFlags 33[m
[1;35mHello.pdf[m[1;36m:[m[32;1m52[m[1;36m:[m[1;4;32mFontBBox[m
[1;35mHello.pdf[m[1;36m|[m[32;1m53[m[1;36m|[m[1;4;32m[-558[m
[1;35mHello.pdf[m[1;36m:[m[32;1m53[m[1;36m:[m[1;4;32m375 718[m
[1;35mHello.pdf[m[1;36m:[m[32;1m53[m[1;36m:[m[1;4;32mItalicAngle 0[m
[1;35mHello.pdf[m[1;36m:[m[32;1m53[m[1;36m:[m[1;4;32mAscent 928[m
[1;35mHello.pdf[m[1;36m:[m[32;1m53[m[1;36m:[m[1;4;32mDescent -236[m
[1;35mHello.pdf[m[1;36m:[m[32;1m53[m[1;36m:[m[1;4;32mCapHeight 729[m
[1;35mHello.pdf[m[1;36m:[m[32;1m54[m[1;36m:[m[1;4;32mStemV 99[m
[1;35mHello.pdf[m[1;36m:[m[32;1m54[m[1;36m:[m[1;4;32mXHeight 547[m
[1;35mHello.pdf[m[1;36m:[m[32;1m54[m[1;36m:[m[1;4;32mStemH 83[m
[1;35mHello.pdf[m[1;36m:[m[32;1m54[m[1;36m:[m[1;4;32mAvgWidth 602[m
[1;35mHello.pdf[m[1;36m:[m[32;1m54[m[1;36m:[m[1;4;32mMaxWidth 602[m
[1;35mHello.pdf[m[1;36m:[m[32;1m54[m[1;36m:[m[1;4;32mFontFile2 13[m
[1;35mHello.pdf[m[1;36m:[m[32;1m54[m[1;36m:[m[1;4;32m0 R[m
[1;35mHello.pdf[m[1;36m:[m[32;1m56[m[1;36m:[m[1;4;32mendobj[m
[1;35mHello.pdf[m[1;36m|[m[32;1m57[m[1;36m|[m[1;4;32m13[m
[1;35mHello.pdf[m[1;36m:[m[32;1m57[m[1;36m:[m[1;4;32m0 obj[m
[1;35mHello.pdf[m[1;36m:[m[32;1m58[m[1;36m:[m[1;4;32mLength 14[m
[1;35mHello.pdf[m[1;36m:[m[32;1m58[m[1;36m:[m[1;4;32m0 R[m
[1;35mHello.pdf[m[1;36m:[m[32;1m58[m[1;36m:[m[1;4;32mLength1 4064[m
[1;35mHello.pdf[m[1;36m:[m[32;1m58[m[1;36m:[m[1;4;32mFilter /FlateDecode[m
[1;35mHello.pdf[m[1;36m:[m[32;1m59[m[1;36m:[m
[1;32m00000970[m [m[1;34m -- -- -- -- -- -- -- --  -- -- --[m[1;4;32m 73 74 72 65 61 [m[1;36m |[m[1;34m-----------[m[1;4;32mstrea[m[1;36m|[m
[1;32m00000980[m [m[1;4;32m 6d 0a 78 01 dd 57 7b 78  54 c5 15 3f 73 7f 77 36 [m[1;36m |[m[1;4;32mm[7mJ[m[1;4;32mx[7mA[7m.[m[1;4;32mW{xT[7m.[7mU[m[1;4;32m?s[7m~[m[1;4;32mw6[m[1;36m|[m
[1;32m00000990[m [m[1;4;32m af cd 3e 92 4d 48 48 80  5d d6 e5 95 2c 81 84 b7 [m[1;36m |[m[1;4;32m[7m.[7m.[m[1;4;32m>[7m.[m[1;4;32mMHH[7m.[m[1;4;32m][7m.[7m.[7m.[m[1;4;32m,[7m.[7m.[7m.[m[1;36m|[m
[1;32m000009a0[m [m[1;4;32m 52 16 48 78 88[m[1;34m -- -- --  -- -- -- -- -- -- -- -- [m[1;36m |[m[1;4;32mR[7mV[m[1;4;32mHx[7m.[m[1;34m-----------[m[1;36m|[m
[1;35mHello.pdf[m[1;36m:[m[32;1m60[m[1;36m:[m
[1;32m000009a0[m [m[1;34m -- -- -- -- -- -- -- --  -- -- --[m[1;4;32m 48 20 28 21 08 [m[1;36m |[m[1;34m-----------[m[1;4;32mH (![7mH[m[1;36m|[m
[1;32m000009b0[m [m[1;4;32m 41 b4 31 90 4a 51[m[1;34m -- --  -- -- -- -- -- -- -- -- [m[1;36m |[m[1;4;32mA[7m.[m[1;4;32m1[7m.[m[1;4;32mJQ[m[1;34m----------[m[1;36m|[m
[1;35mHello.pdf[m[1;36m:[m[32;1m61[m[1;36m:[m
[1;32m00000ad0[m [m[1;34m -- -- -- -- -- -- -- -- [m[1;4;32m 6a 09 4c 2b 49 17 2e 52 [m[1;36m |[m[1;34m--------[m[1;4;32mj[7mI[m[1;4;32mL+I[7mW[m[1;4;32m.R[m[1;36m|[m
[1;32m00000ae0[m [m[1;4;32m cc 27 9b 34 89 03 82 70  9a bc c3 a4 76 da c4 88 [m[1;36m |[m[1;4;32m[7m.[m[1;4;32m'[7m.[m[1;4;32m4[7m.[7mC[7m.[m[1;4;32mp[7m.[7m.[7m.[7m.[m[1;4;32mv[7m.[7m.[7m.[m[1;36m|[m
[1;32m00000af0[m [m[1;4;32m cd e4 13 b7 7f 3d 52 0e  f5 89 44 aa 60 cc 4a 3e [m[1;36m |[m[1;4;32m[7m.[7m.[7mS[7m.[7m~[m[1;4;32m=R[7mN[7m.[7m.[m[1;4;32mD[7m.[m[1;4;32m`[7m.[m[1;4;32mJ>[m[1;36m|[m
[1;32m00000b00[m [m[1;4;32m a6[m[1;34m -- -- -- -- -- -- --  -- -- -- -- -- -- -- -- [m[1;36m |[m[1;4;32m[7m.[m[1;34m---------------[m[1;36m|[m
[1;35mHello.pdf[m[1;36m:[m[32;1m61[m[1;36m:[m
[1;32m00000bb0[m [m[1;34m -- -- -- --[m[1;4;32m 61 0a 3e a8  c0 91 41 68 62 a1 69 10 [m[1;36m |[m[1;34m----[m[1;4;32ma[7mJ[m[1;4;32m>[7m.[7m.[7m.[m[1;4;32mAhb[7m.[m[1;4;32mi[7mP[m[1;36m|[m
[1;32m00000bc0[m [m[1;4;32m 0e 2b 1c 7a 3f 5e 1e 52  78 3f 1e 07 15 de 53 38 [m[1;36m |[m[1;4;32m[7mN[m[1;4;32m+[7m\[m[1;4;32mz?^[7m^[m[1;4;32mRx?[7m^[7mG[7mU[7m.[m[1;4;32mS8[m[1;36m|[m
[1;32m00000bd0[m [m[1;4;32m 50 e5 94 07 32 f1 d7 54  ec 57 78 b7 16 8d ab 7c [m[1;36m |[m[1;4;32mP[7m.[7m.[7mG[m[1;4;32m2[7m.[7m.[m[1;4;32mT[7m.[m[1;4;32mWx[7m.[7mV[7m.[7m.[m[1;4;32m|[m[1;36m|[m
[1;32m00000be0[m [m[1;4;32m b2 51 e1 2f[m[1;34m -- -- -- --  -- -- -- -- -- -- -- -- [m[1;36m |[m[1;4;32m[7m.[m[1;4;32mQ[7m.[m[1;4;32m/[m[1;34m------------[m[1;36m|[m
[1;35mHello.pdf[m[1;36m:[m[32;1m66[m[1;36m:[m
[1;32m00000ce0[m [m[1;34m -- -- -- -- --[m[1;4;32m 57 0a cb  15 1e 70 0e 93 0f 4c c2 [m[1;36m |[m[1;34m-----[m[1;4;32mW[7mJ[7m.[7mU[7m^[m[1;4;32mp[7mN[7m.[7mO[m[1;4;32mL[7m.[m[1;36m|[m
[1;32m00000cf0[m [m[1;4;32m 2f 15 2a ef c5 b2 a5 15  72 99 c2 d2[m[1;34m -- -- -- -- [m[1;36m |[m[1;4;32m/[7mU[m[1;4;32m*[7m.[7m.[7m.[7m.[7mU[m[1;4;32mr[7m.[7m.[7m.[m[1;34m----[m[1;36m|[m
[1;35mHello.pdf[m[1;36m:[m[32;1m70[m[1;36m:[m
[1;32m00000d30[m [m[1;34m -- -- -- -- -- -- --[m[1;4;32m 79  0a 77 e5 e2 4e 85 b9 b9 [m[1;36m |[m[1;34m-------[m[1;4;32my[7mJ[m[1;4;32mw[7m.[7m.[m[1;4;32mN[7m.[7m.[7m.[m[1;36m|[m
[1;32m00000d40[m [m[1;4;32m 28 6e c5 9c 3a cc 56 28  52 28 54 98 35 b3 a3 9c [m[1;36m |[m[1;4;32m(n[7m.[7m.[m[1;4;32m:[7m.[m[1;4;32mV(R(T[7m.[m[1;4;32m5[7m.[7m.[7m.[m[1;36m|[m
[1;32m00000d50[m [m[1;4;32m a5 30 93 1c 72 66 47 cc  50 98 ae 70 87 c2 ed 53 [m[1;36m |[m[1;4;32m[7m.[m[1;4;32m0[7m.[7m\[m[1;4;32mrfG[7m.[m[1;4;32mP[7m.[7m.[m[1;4;32mp[7m.[7m.[7m.[m[1;4;32mS[m[1;36m|[m
[1;32m00000d60[m [m[1;4;32m 12 e4 ed 36 4c 2b c4 6d  fb 30 95 85 a9 2e 4c 49 [m[1;36m |[m[1;4;32m[7mR[7m.[7m.[m[1;4;32m6L+[7m.[m[1;4;32mm[7m.[m[1;4;32m0[7m.[7m.[7m.[m[1;4;32m.LI[m[1;36m|[m
[1;32m00000d70[m [m[1;4;32m 00 3f d1 41 17 6e 55 f8  b9 c2 2d 19 e9 f2 96 5c [m[1;36m |[m[1;4;32m[7m@[m[1;4;32m?[7m.[m[1;4;32mA[7mW[m[1;4;32mnU[7m.[7m.[7m.[m[1;4;32m-[7mY[7m.[7m.[7m.[m[1;4;32m\[m[1;36m|[m
[1;32m00000d80[m [m[1;4;32m 4c 56 98 a4 30 51 61 42  05 c6 2b dc ec c2 38 85 [m[1;36m |[m[1;4;32mLV[7m.[7m.[m[1;4;32m0QaB[7mE[7m.[m[1;4;32m+[7m.[7m.[7m.[m[1;4;32m8[7m.[m[1;36m|[m
[1;32m00000d90[m [m[1;4;32m b1 c2 2f c7 2a dc 54 87  31 dd 70 e3 e8 34 79 63 [m[1;36m |[m[1;4;32m[7m.[7m.[m[1;4;32m/[7m.[m[1;4;32m*[7m.[m[1;4;32mT[7m.[m[1;4;32m1[7m.[m[1;4;32mp[7m.[7m.[m[1;4;32m4yc[m[1;36m|[m
[1;32m00000da0[m [m[1;4;32m 7f 8c 1e 9e 24 47 a7 61  54 41 9a 1c a5 30 92 a5 [m[1;36m |[m[1;4;32m[7m~[7m.[7m^[7m.[m[1;4;32m$G[7m.[m[1;4;32maTA[7m.[7m\[7m.[m[1;4;32m0[7m.[7m.[m[1;36m|[m
[1;32m00000db0[m [m[1;4;32m 91 85 18 c1 d2 88 3a 14  a4 21 9f 81 fc fe 18 3e [m[1;36m |[m[1;4;32m[7m.[7m.[7mX[7m.[7m.[7m.[m[1;4;32m:[7mT[7m.[m[1;4;32m![7m.[7m.[7m.[7m.[7mX[m[1;4;32m>[m[1;36m|[m
[1;32m00000dc0[m [m[1;4;32m cc 29 87 27 61 78 44[m[1;34m --  -- -- -- -- -- -- -- -- [m[1;36m |[m[1;4;32m[7m.[m[1;4;32m)[7m.[m[1;4;32m'axD[m[1;34m---------[m[1;36m|[m
[1;35mHello.pdf[m[1;36m:[m[32;1m71[m[1;36m:[m
[1;32m00000df0[m [m[1;34m -- -- -- -- -- -- --[m[1;4;32m 67  0a 83 39 84 c1 ad b8 41 [m[1;36m |[m[1;34m-------[m[1;4;32mg[7mJ[7m.[m[1;4;32m9[7m.[7m.[7m.[7m.[m[1;4;32mA[m[1;36m|[m
[1;32m00000e00[m [m[1;4;32m e1 fa 6e 18 a4 30 90[m[1;34m --  -- -- -- -- -- -- -- -- [m[1;36m |[m[1;4;32m[7m.[7m.[m[1;4;32mn[7mX[7m.[m[1;4;32m0[7m.[m[1;34m---------[m[1;36m|[m
[1;35mHello.pdf[m[1;36m:[m[32;1m74[m[1;36m:[m
[1;32m00000e90[m [m[1;34m -- -- -- -- -- -- -- --  -- -- -- -- -- -- --[m[1;4;32m 46 [m[1;36m |[m[1;34m---------------[m[1;4;32mF[m[1;36m|[m
[1;32m00000ea0[m [m[1;4;32m 20 35 c5 2f 53 87 21 c5  e5 90 29 7e b8 1c 48 66 [m[1;36m |[m[1;4;32m 5[7m.[m[1;4;32m/S[7m.[m[1;4;32m![7m.[7m.[7m.[m[1;4;32m)~[7m.[7m\[m[1;4;32mHf[m[1;36m|[m
[1;32m00000eb0[m [m[1;4;32m bd 64 17 92 78 7d 92 82  93 33 77 0e 83 83 3d 38 [m[1;36m |[m[1;4;32m[7m.[m[1;4;32md[7mW[7m.[m[1;4;32mx}[7m.[7m.[7m.[m[1;4;32m3w[7mN[7m.[7m.[m[1;4;32m=8[m[1;36m|[m
[1;32m00000ec0[m [m[1;4;32m 9c 70 44 6b 67 b7 59 a5  dd 0e 7b b4 76 b6 c4 78 [m[1;36m |[m[1;4;32m[7m.[m[1;4;32mpDkg[7m.[m[1;4;32mY[7m.[7m.[7mN[m[1;4;32m{[7m.[m[1;4;32mv[7m.[7m.[m[1;4;32mx[m[1;36m|[m
[1;32m00000ed0[m [m[1;4;32m 69 b3 c2 16 ad 5d 22 d7  2e 31 1e 89 5c bb 1d ba [m[1;36m |[m[1;4;32mi[7m.[7m.[7mV[7m.[m[1;4;32m]"[7m.[m[1;4;32m.1[7m^[7m.[m[1;4;32m\[7m.[7m][7m.[m[1;36m|[m
[1;32m00000ee0[m [m[1;4;32m 35 0e 56 e3 d9 ea af 27  28 c4 73 26 f1[m[1;34m -- -- -- [m[1;36m |[m[1;4;32m5[7mN[m[1;4;32mV[7m.[7m.[7m.[7m.[m[1;4;32m'([7m.[m[1;4;32ms&[7m.[m[1;34m---[m[1;36m|[m
[1;35mHello.pdf[m[1;36m:[m[32;1m75[m[1;36m:[m
[1;32m00000ef0[m [m[1;34m --[m[1;4;32m 75 20 46 c1 c2 a6 2d [m[1;34m -- -- -- -- -- -- -- -- [m[1;36m |[m[1;34m-[m[1;4;32mu F[7m.[7m.[7m.[m[1;4;32m-[m[1;34m--------[m[1;36m|[m
[1;35mHello.pdf[m[1;36m:[m[32;1m79[m[1;36m:[m[1;4;32mendstream[m
[1;35mHello.pdf[m[1;36m|[m[32;1m80[m[1;36m|[m[1;4;32mendobj[m
[1;35mHello.pdf[m[1;36m:[m[32;1m81[m[1;36m:[m[1;4;32m14 0[m
[1;35mHello.pdf[m[1;36m:[m[32;1m81[m[1;36m:[m[1;4;32mobj[m
[1;35mHello.pdf[m[1;36m|[m[32;1m82[m[1;36m|[m[1;4;32m2734[m
[1;35mHello.pdf[m[1;36m:[m[32;1m83[m[1;36m:[m[1;4;32mendobj[m
[1;35mHello.pdf[m[1;36m|[m[32;1m84[m[1;36m|[m[1;4;32m15[m
[1;35mHello.pdf[m[1;36m:[m[32;1m84[m[1;36m:[m[1;4;32m0 obj[m
[1;35mHello.pdf[m[1;36m:[m[32;1m86[m[1;36m:[m[1;4;32mendobj[m
[1;35mHello.pdf[m[1;36m|[m[32;1m87[m[1;36m|[m[1;4;32m16[m
[1;35mHello.pdf[m[1;36m:[m[32;1m87[m[1;36m:[m[1;4;32m0 obj[m
[1;35mHello.pdf[m[1;36m:[m[32;1m88[m[1;36m:[m[1;4;32mMac OS[m
[1;35mHello.pdf[m[1;36m:[m[32;1m88[m[1;36m:[m[1;4;32mX 10.12.6[m
[1;35mHello.pdf[m[1;36m:[m[32;1m88[m[1;36m:[m[1;4;32mQuartz PDFContext)[m
[1;35mHello.pdf[m[1;36m:[m[32;1m89[m[1;36m:[m[1;4;32mendobj[m
[1;35mHello.pdf[m[1;36m|[m[32;1m90[m[1;36m|[m[1;4;32m17[m
[1;35mHello.pdf[m[1;36m:[m[32;1m90[m[1;36m:[m[1;4;32m0 obj[m
[1;35mHello.pdf[m[1;36m:[m[32;1m92[m[1;36m:[m[1;4;32mendobj[m
[1;35mHello.pdf[m[1;36m|[m[32;1m93[m[1;36m|[m[1;4;32m18[m
[1;35mHello.pdf[m[1;36m:[m[32;1m93[m[1;36m:[m[1;4;32m0 obj[m
[1;35mHello.pdf[m[1;36m:[m[32;1m95[m[1;36m:[m[1;4;32mendobj[m
[1;35mHello.pdf[m[1;36m|[m[32;1m96[m[1;36m|[m[1;4;32m19[m
[1;35mHello.pdf[m[1;36m:[m[32;1m96[m[1;36m:[m[1;4;32m0 obj[m
[1;35mHello.pdf[m[1;36m:[m[32;1m98[m[1;36m:[m[1;4;32mendobj[m
[1;35mHello.pdf[m[1;36m|[m[32;1m99[m[1;36m|[m[1;4;32m20[m
[1;35mHello.pdf[m[1;36m:[m[32;1m99[m[1;36m:[m[1;4;32m0 obj[m
[1;35mHello.pdf[m[1;36m:[m[32;1m101[m[1;36m:[m[1;4;32mendobj[m
[1;35mHello.pdf[m[1;36m|[m[32;1m102[m[1;36m|[m[1;4;32m1[m
[1;35mHello.pdf[m[1;36m:[m[32;1m102[m[1;36m:[m[1;4;32m0 obj[m
[1;35mHello.pdf[m[1;36m:[m[32;1m103[m[1;36m:[m[1;4;32mTitle 15[m
[1;35mHello.pdf[m[1;36m:[m[32;1m103[m[1;36m:[m[1;4;32m0 R[m
[1;35mHello.pdf[m[1;36m:[m[32;1m103[m[1;36m:[m[1;4;32mProducer 16[m
[1;35mHello.pdf[m[1;36m:[m[32;1m103[m[1;36m:[m[1;4;32m0 R[m
[1;35mHello.pdf[m[1;36m:[m[32;1m103[m[1;36m:[m[1;4;32mCreator 17[m
[1;35mHello.pdf[m[1;36m:[m[32;1m103[m[1;36m:[m[1;4;32m0 R[m
[1;35mHello.pdf[m[1;36m:[m[32;1m103[m[1;36m:[m[1;4;32mCreationDate 18[m
[1;35mHello.pdf[m[1;36m:[m[32;1m103[m[1;36m:[m[1;4;32m0 R[m
[1;35mHello.pdf[m[1;36m:[m[32;1m103[m[1;36m:[m[1;4;32mModDate[m
[1;35mHello.pdf[m[1;36m|[m[32;1m104[m[1;36m|[m[1;4;32m18[m
[1;35mHello.pdf[m[1;36m:[m[32;1m104[m[1;36m:[m[1;4;32m0 R[m
[1;35mHello.pdf[m[1;36m:[m[32;1m104[m[1;36m:[m[1;4;32mKeywords 19[m
[1;35mHello.pdf[m[1;36m:[m[32;1m104[m[1;36m:[m[1;4;32m0 R[m
[1;35mHello.pdf[m[1;36m:[m[32;1m104[m[1;36m:[m[1;4;32mKeywords 20[m
[1;35mHello.pdf[m[1;36m:[m[32;1m104[m[1;36m:[m[1;4;32m0 R[m
[1;35mHello.pdf[m[1;36m:[m[32;1m105[m[1;36m:[m[1;4;32mendobj[m
[1;35mHello.pdf[m[1;36m|[m[32;1m106[m[1;36m|[m[1;4;32mxref[m
[1;35mHello.pdf[m[1;36m:[m[32;1m107[m[1;36m:[m[1;4;32m0 21[m
[1;35mHello.pdf[m[1;36m:[m[32;1m108[m[1;36m:[m[1;4;32m0000000000 65535[m
[1;35mHello.pdf[m[1;36m:[m[32;1m108[m[1;36m:[m[1;4;32mf [m
[1;35mHello.pdf[m[1;36m|[m[32;1m109[m[1;36m|[m[1;4;32m0000005392[m
[1;35mHello.pdf[m[1;36m:[m[32;1m109[m[1;36m:[m[1;4;32m00000 n[m
[1;35mHello.pdf[m[1;36m:[m[32;1m110[m[1;36m:[m[1;4;32m0000000238 00000[m
[1;35mHello.pdf[m[1;36m:[m[32;1m110[m[1;36m:[m[1;4;32mn [m
[1;35mHello.pdf[m[1;36m|[m[32;1m111[m[1;36m|[m[1;4;32m0000001714[m
[1;35mHello.pdf[m[1;36m:[m[32;1m111[m[1;36m:[m[1;4;32m00000 n[m
[1;35mHello.pdf[m[1;36m:[m[32;1m112[m[1;36m:[m[1;4;32m0000000022 00000[m
[1;35mHello.pdf[m[1;36m:[m[32;1m112[m[1;36m:[m[1;4;32mn [m
[1;35mHello.pdf[m[1;36m|[m[32;1m113[m[1;36m|[m[1;4;32m0000000219[m
[1;35mHello.pdf[m[1;36m:[m[32;1m113[m[1;36m:[m[1;4;32m00000 n[m
[1;35mHello.pdf[m[1;36m:[m[32;1m114[m[1;36m:[m[1;4;32m0000000342 00000[m
[1;35mHello.pdf[m[1;36m:[m[32;1m114[m[1;36m:[m[1;4;32mn [m
[1;35mHello.pdf[m[1;36m|[m[32;1m115[m[1;36m|[m[1;4;32m0000001679[m
[1;35mHello.pdf[m[1;36m:[m[32;1m115[m[1;36m:[m[1;4;32m00000 n[m
[1;35mHello.pdf[m[1;36m:[m[32;1m116[m[1;36m:[m[1;4;32m0000001847 00000[m
[1;35mHello.pdf[m[1;36m:[m[32;1m116[m[1;36m:[m[1;4;32mn [m
[1;35mHello.pdf[m[1;36m|[m[32;1m117[m[1;36m|[m[1;4;32m0000000439[m
[1;35mHello.pdf[m[1;36m:[m[32;1m117[m[1;36m:[m[1;4;32m00000 n[m
[1;35mHello.pdf[m[1;36m:[m[32;1m118[m[1;36m:[m[1;4;32m0000001658 00000[m
[1;35mHello.pdf[m[1;36m:[m[32;1m118[m[1;36m:[m[1;4;32mn [m
[1;35mHello.pdf[m[1;36m|[m[32;1m119[m[1;36m|[m[1;4;32m0000001797[m
[1;35mHello.pdf[m[1;36m:[m[32;1m119[m[1;36m:[m[1;4;32m00000 n[m
[1;35mHello.pdf[m[1;36m:[m[32;1m120[m[1;36m:[m[1;4;32m0000002110 00000[m
[1;35mHello.pdf[m[1;36m:[m[32;1m120[m[1;36m:[m[1;4;32mn [m
[1;35mHello.pdf[m[1;36m|[m[32;1m121[m[1;36m|[m[1;4;32m0000002362[m
[1;35mHello.pdf[m[1;36m:[m[32;1m121[m[1;36m:[m[1;4;32m00000 n[m
[1;35mHello.pdf[m[1;36m:[m[32;1m122[m[1;36m:[m[1;4;32m0000005186 00000[m
[1;35mHello.pdf[m[1;36m:[m[32;1m122[m[1;36m:[m[1;4;32mn [m
[1;35mHello.pdf[m[1;36m|[m[32;1m123[m[1;36m|[m[1;4;32m0000005207[m
[1;35mHello.pdf[m[1;36m:[m[32;1m123[m[1;36m:[m[1;4;32m00000 n[m
[1;35mHello.pdf[m[1;36m:[m[32;1m124[m[1;36m:[m[1;4;32m0000005231 00000[m
[1;35mHello.pdf[m[1;36m:[m[32;1m124[m[1;36m:[m[1;4;32mn [m
[1;35mHello.pdf[m[1;36m|[m[32;1m125[m[1;36m|[m[1;4;32m0000005284[m
[1;35mHello.pdf[m[1;36m:[m[32;1m125[m[1;36m:[m[1;4;32m00000 n[m
[1;35mHello.pdf[m[1;36m:[m[32;1m126[m[1;36m:[m[1;4;32m0000005311 00000[m
[1;35mHello.pdf[m[1;36m:[m[32;1m126[m[1;36m:[m[1;4;32mn [m
[1;35mHello.pdf[m[1;36m|[m[32;1m127[m[1;36m|[m[1;4;32m0000005353[m
[1;35mHello.pdf[m[1;36m:[m[32;1m127[m[1;36m:[m[1;4;32m00000 n[m
[1;35mHello.pdf[m[1;36m:[m[32;1m128[m[1;36m:[m[1;4;32m0000005372 00000[m
[1;35mHello.pdf[m[1;36m:[m[32;1m128[m[1;36m:[m[1;4;32mn [m
[1;35mHello.pdf[m[1;36m|[m[32;1m129[m[1;36m|[m[1;4;32mtrailer[m
[1;35mHello.pdf[m[1;36m:[m[32;1m130[m[1;36m:[m[1;4;32mSize 21[m
[1;35mHello.pdf[m[1;36m:[m[32;1m130[m[1;36m:[m[1;4;32mRoot 11[m
[1;35mHello.pdf[m[1;36m:[m[32;1m130[m[1;36m:[m[1;4;32m0 R[m
[1;35mHello.pdf[m[1;36m:[m[32;1m130[m[1;36m:[m[1;4;32mInfo 1[m
[1;35mHello.pdf[m[1;36m:[m[32;1m130[m[1;36m:[m[1;4;32m0 R[m
[1;35mHello.pdf[m[1;36m:[m[32;1m130[m[1;36m:[m[1;4;32mID [[m
[1;35mHello.pdf[m[1;36m:[m[32;1m132[m[1;36m:[m[1;4;32mstartxref[m
[1;35mHello.pdf[m[1;36m|[m[32;1m133[m[1;36m|[m[1;4;32m5536[m
[1;35mHello.sh[m[1;36m:[m[32;1m1[m[1;36m:[m[1;4;32msh[m
[1;35mHello.sh[m[1;36m|[m[32;1m2[m[1;36m|[m[1;4;32mecho[m
[1;35mHello.sh[m[1;36m:[m[32;1m2[m[1;36m:[m[1;4;32mHello World!"[m
