[1;35mHello.bat[m[1;36m:[m[32;1m1[m[1;36m:[m[1;4;32mh[m
[1;35mHello.bat[m[1;36m|[m[32;1m2[m[1;36m|[m[1;4;32me[m
[1;35mHello.class[m[1;36m:[m[32;1m1[m[1;36m:[m
[1;32m00000000[m [m[1;34m -- -- -- -- -- -- -- --  --[m[1;4;32m 1d 0a 00[m[1;34m -- -- -- -- [m[1;36m |[m[1;34m---------[m[1;4;32m[7m][7mJ[7m@[m[1;34m----[m[1;36m|[m
[1;35mHello.class[m[1;36m:[m[32;1m2[m[1;36m:[m
[1;32m00000010[m [m[1;34m -- -- -- -- -- --[m[1;4;32m 12 0a  00[m[1;34m -- -- -- -- -- -- -- [m[1;36m |[m[1;34m------[m[1;4;32m[7mR[7mJ[7m@[m[1;34m-------[m[1;36m|[m
[1;35mHello.class[m[1;36m:[m[32;1m3[m[1;36m:[m
[1;32m00000060[m [m[1;34m -- -- -- -- -- -- -- --  -- -- --[m[1;4;32m 00 0a 53[m[1;34m -- -- [m[1;36m |[m[1;34m-----------[m[1;4;32m[7m@[7mJ[m[1;4;32mS[m[1;34m--[m[1;36m|[m
[1;35mHello.class[m[1;36m:[m[32;1m4[m[1;36m:[m
[1;32m00000070[m [m[1;34m -- -- -- -- -- -- -- -- [m[1;4;32m 00 0a 48[m[1;34m -- -- -- -- -- [m[1;36m |[m[1;34m--------[m[1;4;32m[7m@[7mJ[m[1;4;32mH[m[1;34m-----[m[1;36m|[m
[1;35mHello.class[m[1;36m:[m[32;1m5[m[1;36m:[m
[1;32m00000150[m [m[1;34m -- -- -- -- -- -- --[m[1;4;32m 00  0a 00[m[1;34m -- -- -- -- -- -- [m[1;36m |[m[1;34m-------[m[1;4;32m[7m@[7mJ[7m@[m[1;34m------[m[1;36m|[m
[1;35mHello.class[m[1;36m:[m[32;1m6[m[1;36m:[m
[1;32m00000180[m [m[1;34m -- -- -- -- -- --[m[1;4;32m 00 0a  00[m[1;34m -- -- -- -- -- -- -- [m[1;36m |[m[1;34m------[m[1;4;32m[7m@[7mJ[7m@[m[1;34m-------[m[1;36m|[m
[1;35mHello.class[m[1;36m:[m[32;1m7[m[1;36m:[m
[1;32m00000180[m [m[1;34m -- -- -- -- -- -- -- --  -- --[m[1;4;32m 00 0a 00[m[1;34m -- -- -- [m[1;36m |[m[1;34m----------[m[1;4;32m[7m@[7mJ[7m@[m[1;34m---[m[1;36m|[m
[1;35mHello.java[m[1;36m:[m[32;1m3[m[1;36m:[m[1;4;32mg[m
[1;35mHello.java[m[1;36m|[m[32;1m4[m[1;36m|[m[1;4;32m{[m
[1;35mHello.java[m[1;36m:[m[32;1m6[m[1;36m:[m[1;4;32m}[m
[1;35mHello.java[m[1;36m|[m[32;1m7[m[1;36m|[m[1;4;32m}[m
[1;35mHello.pdf[m[1;36m:[m[32;1m1[m[1;36m:[m[1;4;32m3[m
[1;35mHello.pdf[m[1;36m|[m[32;1m2[m[1;36m|[m[1;4;32m%[m
[1;35mHello.pdf[m[1;36m:[m[32;1m2[m[1;36m:[m
[1;32m00000010[m [m[1;34m -- -- -- --[m[1;4;32m c6 0a 34[m[1;34m --  -- -- -- -- -- -- -- -- [m[1;36m |[m[1;34m----[m[1;4;32m[7m.[7mJ[m[1;4;32m4[m[1;34m---------[m[1;36m|[m
[1;35mHello.pdf[m[1;36m:[m[32;1m3[m[1;36m:[m[1;4;32mj[m
[1;35mHello.pdf[m[1;36m|[m[32;1m4[m[1;36m|[m[1;4;32m<[m
[1;35mHello.pdf[m[1;36m:[m[32;1m4[m[1;36m:[m[1;4;32m>[m
[1;35mHello.pdf[m[1;36m|[m[32;1m5[m[1;36m|[m[1;4;32ms[m
[1;35mHello.pdf[m[1;36m:[m[32;1m5[m[1;36m:[m[1;4;32mm[m
[1;35mHello.pdf[m[1;36m|[m[32;1m6[m[1;36m|[m[1;4;32mx[m
[1;35mHello.pdf[m[1;36m:[m[32;1m6[m[1;36m:[m
[1;32m00000050[m [m[1;34m -- --[m[1;4;32m bb 0a 02[m[1;34m -- -- --  -- -- -- -- -- -- -- -- [m[1;36m |[m[1;34m--[m[1;4;32m[7m.[7mJ[7mB[m[1;34m-----------[m[1;36m|[m
[1;35mHello.pdf[m[1;36m:[m[32;1m7[m[1;36m:[m
[1;32m00000080[m [m[1;34m -- -- -- -- -- -- -- -- [m[1;4;32m 59 0a 9f[m[1;34m -- -- -- -- -- [m[1;36m |[m[1;34m--------[m[1;4;32mY[7mJ[7m.[m[1;34m-----[m[1;36m|[m
[1;35mHello.pdf[m[1;36m:[m[32;1m8[m[1;36m:[m
[1;32m000000c0[m [m[1;34m -- -- -- -- -- -- -- -- [m[1;4;32m a5 0a 65[m[1;34m -- -- -- -- -- [m[1;36m |[m[1;34m--------[m[1;4;32m[7m.[7mJ[m[1;4;32me[m[1;34m-----[m[1;36m|[m
[1;35mHello.pdf[m[1;36m:[m[32;1m9[m[1;36m:[m[1;4;32mm[m
[1;35mHello.pdf[m[1;36m|[m[32;1m10[m[1;36m|[m[1;4;32me[m
[1;35mHello.pdf[m[1;36m:[m[32;1m10[m[1;36m:[m[1;4;32mj[m
[1;35mHello.pdf[m[1;36m|[m[32;1m11[m[1;36m|[m[1;4;32m5[m
[1;35mHello.pdf[m[1;36m:[m[32;1m11[m[1;36m:[m[1;4;32mj[m
[1;35mHello.pdf[m[1;36m|[m[32;1m12[m[1;36m|[m[1;4;32m1[m
[1;35mHello.pdf[m[1;36m:[m[32;1m12[m[1;36m:[m[1;4;32m3[m
[1;35mHello.pdf[m[1;36m|[m[32;1m13[m[1;36m|[m[1;4;32me[m
[1;35mHello.pdf[m[1;36m:[m[32;1m13[m[1;36m:[m[1;4;32mj[m
[1;35mHello.pdf[m[1;36m|[m[32;1m14[m[1;36m|[m[1;4;32m2[m
[1;35mHello.pdf[m[1;36m:[m[32;1m14[m[1;36m:[m[1;4;32mj[m
[1;35mHello.pdf[m[1;36m|[m[32;1m15[m[1;36m|[m[1;4;32m<[m
[1;35mHello.pdf[m[1;36m:[m[32;1m15[m[1;36m:[m[1;4;32m][m
[1;35mHello.pdf[m[1;36m|[m[32;1m16[m[1;36m|[m[1;4;32m>[m
[1;35mHello.pdf[m[1;36m:[m[32;1m16[m[1;36m:[m[1;4;32m>[m
[1;35mHello.pdf[m[1;36m|[m[32;1m17[m[1;36m|[m[1;4;32me[m
[1;35mHello.pdf[m[1;36m:[m[32;1m17[m[1;36m:[m[1;4;32mj[m
[1;35mHello.pdf[m[1;36m|[m[32;1m18[m[1;36m|[m[1;4;32m6[m
[1;35mHello.pdf[m[1;36m:[m[32;1m18[m[1;36m:[m[1;4;32mj[m
[1;35mHello.pdf[m[1;36m|[m[32;1m19[m[1;36m|[m[1;4;32m<[m
[1;35mHello.pdf[m[1;36m:[m[32;1m19[m[1;36m:[m[1;4;32mR[m
[1;35mHello.pdf[m[1;36m|[m[32;1m20[m[1;36m|[m[1;4;32m>[m
[1;35mHello.pdf[m[1;36m:[m[32;1m20[m[1;36m:[m[1;4;32m>[m
[1;35mHello.pdf[m[1;36m|[m[32;1m21[m[1;36m|[m[1;4;32me[m
[1;35mHello.pdf[m[1;36m:[m[32;1m21[m[1;36m:[m[1;4;32mj[m
[1;35mHello.pdf[m[1;36m|[m[32;1m22[m[1;36m|[m[1;4;32m9[m
[1;35mHello.pdf[m[1;36m:[m[32;1m22[m[1;36m:[m[1;4;32mj[m
[1;35mHello.pdf[m[1;36m|[m[32;1m23[m[1;36m|[m[1;4;32m<[m
[1;35mHello.pdf[m[1;36m:[m[32;1m23[m[1;36m:[m[1;4;32m>[m
[1;35mHello.pdf[m[1;36m|[m[32;1m24[m[1;36m|[m[1;4;32ms[m
[1;35mHello.pdf[m[1;36m:[m[32;1m24[m[1;36m:[m[1;4;32mm[m
[1;35mHello.pdf[m[1;36m|[m[32;1m25[m[1;36m|[m[1;4;32mx[m
[1;35mHello.pdf[m[1;36m:[m[32;1m25[m[1;36m:[m[1;4;32m[m
[1;35mHello.pdf[m[1;36m|[m[32;1m26[m[1;36m|[m[1;4;32m[m
[1;35mHello.pdf[m[1;36m:[m[32;1m26[m[1;36m:[m
[1;32m000003f0[m [m[1;34m -- -- -- -- -- -- -- --  --[m[1;4;32m 9b 0a d0[m[1;34m -- -- -- -- [m[1;36m |[m[1;34m---------[m[1;4;32m[7m.[7mJ[7m.[m[1;34m----[m[1;36m|[m
[1;35mHello.pdf[m[1;36m:[m[32;1m27[m[1;36m:[m
[1;32m000004c0[m [m[1;34m -- -- -- -- --[m[1;4;32m f2 0a be [m[1;34m -- -- -- -- -- -- -- -- [m[1;36m |[m[1;34m-----[m[1;4;32m[7m.[7mJ[7m.[m[1;34m--------[m[1;36m|[m
[1;35mHello.pdf[m[1;36m:[m[32;1m28[m[1;36m:[m
[1;32m00000550[m [m[1;34m -- -- -- -- -- -- -- --  -- -- -- -- -- -- --[m[1;4;32m cc [m[1;36m |[m[1;34m---------------[m[1;4;32m[7m.[m[1;36m|[m
[1;32m00000560[m [m[1;4;32m 0a 4b[m[1;34m -- -- -- -- -- --  -- -- -- -- -- -- -- -- [m[1;36m |[m[1;4;32m[7mJ[m[1;4;32mK[m[1;34m--------------[m[1;36m|[m
[1;35mHello.pdf[m[1;36m:[m[32;1m29[m[1;36m:[m[1;4;32m[m
[1;35mHello.pdf[m[1;36m|[m[32;1m30[m[1;36m|[m[1;4;32mT[m
[1;35mHello.pdf[m[1;36m:[m[32;1m30[m[1;36m:[m[1;4;32m4[m
[1;35mHello.pdf[m[1;36m|[m[32;1m31[m[1;36m|[m[1;4;32me[m
[1;35mHello.pdf[m[1;36m:[m[32;1m31[m[1;36m:[m[1;4;32mm[m
[1;35mHello.pdf[m[1;36m|[m[32;1m32[m[1;36m|[m[1;4;32me[m
[1;35mHello.pdf[m[1;36m:[m[32;1m32[m[1;36m:[m[1;4;32mj[m
[1;35mHello.pdf[m[1;36m|[m[32;1m33[m[1;36m|[m[1;4;32m1[m
[1;35mHello.pdf[m[1;36m:[m[32;1m33[m[1;36m:[m[1;4;32mj[m
[1;35mHello.pdf[m[1;36m|[m[32;1m34[m[1;36m|[m[1;4;32m1[m
[1;35mHello.pdf[m[1;36m:[m[32;1m34[m[1;36m:[m[1;4;32m6[m
[1;35mHello.pdf[m[1;36m|[m[32;1m35[m[1;36m|[m[1;4;32me[m
[1;35mHello.pdf[m[1;36m:[m[32;1m35[m[1;36m:[m[1;4;32mj[m
[1;35mHello.pdf[m[1;36m|[m[32;1m36[m[1;36m|[m[1;4;32m7[m
[1;35mHello.pdf[m[1;36m:[m[32;1m36[m[1;36m:[m[1;4;32mj[m
[1;35mHello.pdf[m[1;36m|[m[32;1m37[m[1;36m|[m[1;4;32m[[m
[1;35mHello.pdf[m[1;36m:[m[32;1m37[m[1;36m:[m[1;4;32m][m
[1;35mHello.pdf[m[1;36m|[m[32;1m38[m[1;36m|[m[1;4;32me[m
[1;35mHello.pdf[m[1;36m:[m[32;1m38[m[1;36m:[m[1;4;32mj[m
[1;35mHello.pdf[m[1;36m|[m[32;1m39[m[1;36m|[m[1;4;32m3[m
[1;35mHello.pdf[m[1;36m:[m[32;1m39[m[1;36m:[m[1;4;32mj[m
[1;35mHello.pdf[m[1;36m|[m[32;1m40[m[1;36m|[m[1;4;32m<[m
[1;35mHello.pdf[m[1;36m:[m[32;1m40[m[1;36m:[m[1;4;32m>[m
[1;35mHello.pdf[m[1;36m|[m[32;1m41[m[1;36m|[m[1;4;32me[m
[1;35mHello.pdf[m[1;36m:[m[32;1m41[m[1;36m:[m[1;4;32mj[m
[1;35mHello.pdf[m[1;36m|[m[32;1m42[m[1;36m|[m[1;4;32m1[m
[1;35mHello.pdf[m[1;36m:[m[32;1m42[m[1;36m:[m[1;4;32mj[m
[1;35mHello.pdf[m[1;36m|[m[32;1m43[m[1;36m|[m[1;4;32m<[m
[1;35mHello.pdf[m[1;36m:[m[32;1m43[m[1;36m:[m[1;4;32m>[m
[1;35mHello.pdf[m[1;36m|[m[32;1m44[m[1;36m|[m[1;4;32me[m
[1;35mHello.pdf[m[1;36m:[m[32;1m44[m[1;36m:[m[1;4;32mj[m
[1;35mHello.pdf[m[1;36m|[m[32;1m45[m[1;36m|[m[1;4;32m8[m
[1;35mHello.pdf[m[1;36m:[m[32;1m45[m[1;36m:[m[1;4;32mj[m
[1;35mHello.pdf[m[1;36m|[m[32;1m46[m[1;36m|[m[1;4;32m<[m
[1;35mHello.pdf[m[1;36m:[m[32;1m46[m[1;36m:[m[1;4;32mr[m
[1;35mHello.pdf[m[1;36m|[m[32;1m47[m[1;36m|[m[1;4;32m1[m
[1;35mHello.pdf[m[1;36m:[m[32;1m47[m[1;36m:[m[1;4;32m2[m
[1;35mHello.pdf[m[1;36m|[m[32;1m48[m[1;36m|[m[1;4;32m0[m
[1;35mHello.pdf[m[1;36m:[m[32;1m48[m[1;36m:[m[1;4;32m2[m
[1;35mHello.pdf[m[1;36m|[m[32;1m49[m[1;36m|[m[1;4;32m0[m
[1;35mHello.pdf[m[1;36m:[m[32;1m49[m[1;36m:[m[1;4;32m>[m
[1;35mHello.pdf[m[1;36m|[m[32;1m50[m[1;36m|[m[1;4;32me[m
[1;35mHello.pdf[m[1;36m:[m[32;1m50[m[1;36m:[m[1;4;32mj[m
[1;35mHello.pdf[m[1;36m|[m[32;1m51[m[1;36m|[m[1;4;32m1[m
[1;35mHello.pdf[m[1;36m:[m[32;1m51[m[1;36m:[m[1;4;32mj[m
[1;35mHello.pdf[m[1;36m|[m[32;1m52[m[1;36m|[m[1;4;32m<[m
[1;35mHello.pdf[m[1;36m:[m[32;1m52[m[1;36m:[m[1;4;32mx[m
[1;35mHello.pdf[m[1;36m|[m[32;1m53[m[1;36m|[m[1;4;32m[[m
[1;35mHello.pdf[m[1;36m:[m[32;1m53[m[1;36m:[m[1;4;32m9[m
[1;35mHello.pdf[m[1;36m|[m[32;1m54[m[1;36m|[m[1;4;32m/[m
[1;35mHello.pdf[m[1;36m:[m[32;1m54[m[1;36m:[m[1;4;32mR[m
[1;35mHello.pdf[m[1;36m|[m[32;1m55[m[1;36m|[m[1;4;32m>[m
[1;35mHello.pdf[m[1;36m:[m[32;1m55[m[1;36m:[m[1;4;32m>[m
[1;35mHello.pdf[m[1;36m|[m[32;1m56[m[1;36m|[m[1;4;32me[m
[1;35mHello.pdf[m[1;36m:[m[32;1m56[m[1;36m:[m[1;4;32mj[m
[1;35mHello.pdf[m[1;36m|[m[32;1m57[m[1;36m|[m[1;4;32m1[m
[1;35mHello.pdf[m[1;36m:[m[32;1m57[m[1;36m:[m[1;4;32mj[m
[1;35mHello.pdf[m[1;36m|[m[32;1m58[m[1;36m|[m[1;4;32m<[m
[1;35mHello.pdf[m[1;36m:[m[32;1m58[m[1;36m:[m[1;4;32m>[m
[1;35mHello.pdf[m[1;36m|[m[32;1m59[m[1;36m|[m[1;4;32ms[m
[1;35mHello.pdf[m[1;36m:[m[32;1m59[m[1;36m:[m[1;4;32mm[m
[1;35mHello.pdf[m[1;36m|[m[32;1m60[m[1;36m|[m[1;4;32mx[m
[1;35mHello.pdf[m[1;36m:[m[32;1m60[m[1;36m:[m
[1;32m000009c0[m [m[1;34m -- -- -- -- -- -- -- --  -- -- -- -- --[m[1;4;32m 02 0a f8 [m[1;36m |[m[1;34m-------------[m[1;4;32m[7mB[7mJ[7m.[m[1;36m|[m
[1;35mHello.pdf[m[1;36m:[m[32;1m61[m[1;36m:[m[1;4;32ma[m
[1;35mHello.pdf[m[1;36m|[m[32;1m62[m[1;36m|[m[1;4;32m>[m
[1;35mHello.pdf[m[1;36m:[m[32;1m62[m[1;36m:[m
[1;32m00000be0[m [m[1;34m -- -- --[m[1;4;32m 2f 0a ef[m[1;34m -- --  -- -- -- -- -- -- -- -- [m[1;36m |[m[1;34m---[m[1;4;32m/[7mJ[7m.[m[1;34m----------[m[1;36m|[m
[1;35mHello.pdf[m[1;36m:[m[32;1m63[m[1;36m:[m
[1;32m00000be0[m [m[1;34m -- -- -- -- -- -- -- --  -- --[m[1;4;32m db 0a 7f[m[1;34m -- -- -- [m[1;36m |[m[1;34m----------[m[1;4;32m[7m.[7mJ[7m~[m[1;34m---[m[1;36m|[m
[1;35mHello.pdf[m[1;36m:[m[32;1m64[m[1;36m:[m
[1;32m00000c40[m [m[1;34m -- -- -- -- --[m[1;4;32m 8b 0a bf [m[1;34m -- -- -- -- -- -- -- -- [m[1;36m |[m[1;34m-----[m[1;4;32m[7m.[7mJ[7m.[m[1;34m--------[m[1;36m|[m
[1;35mHello.pdf[m[1;36m:[m[32;1m65[m[1;36m:[m
[1;32m00000c70[m [m[1;34m -- --[m[1;4;32m a7 0a f1[m[1;34m -- -- --  -- -- -- -- -- -- -- -- [m[1;36m |[m[1;34m--[m[1;4;32m[7m.[7mJ[7m.[m[1;34m-----------[m[1;36m|[m
[1;35mHello.pdf[m[1;36m:[m[32;1m66[m[1;36m:[m
[1;32m00000ce0[m [m[1;34m -- -- -- -- --[m[1;4;32m 57 0a cb [m[1;34m -- -- -- -- -- -- -- -- [m[1;36m |[m[1;34m-----[m[1;4;32mW[7mJ[7m.[m[1;34m--------[m[1;36m|[m
[1;35mHello.pdf[m[1;36m:[m[32;1m67[m[1;36m:[m
[1;32m00000cf0[m [m[1;34m -- -- -- -- -- -- -- --  -- -- --[m[1;4;32m d2 0a 54[m[1;34m -- -- [m[1;36m |[m[1;34m-----------[m[1;4;32m[7m.[7mJ[m[1;4;32mT[m[1;34m--[m[1;36m|[m
[1;35mHello.pdf[m[1;36m:[m[32;1m68[m[1;36m:[m
[1;32m00000d00[m [m[1;4;32m fd 0a e5[m[1;34m -- -- -- -- --  -- -- -- -- -- -- -- -- [m[1;36m |[m[1;4;32m[7m.[7mJ[7m.[m[1;34m-------------[m[1;36m|[m
[1;35mHello.pdf[m[1;36m:[m[32;1m69[m[1;36m:[m
[1;32m00000d00[m [m[1;34m -- -- -- -- -- -- -- --  --[m[1;4;32m 3d 0a 8b[m[1;34m -- -- -- -- [m[1;36m |[m[1;34m---------[m[1;4;32m=[7mJ[7m.[m[1;34m----[m[1;36m|[m
[1;35mHello.pdf[m[1;36m:[m[32;1m70[m[1;36m:[m[1;4;32my[m
[1;35mHello.pdf[m[1;36m|[m[32;1m71[m[1;36m|[m[1;4;32mw[m
[1;35mHello.pdf[m[1;36m:[m[32;1m71[m[1;36m:[m
[1;32m00000df0[m [m[1;34m -- -- -- -- -- -- --[m[1;4;32m 67  0a 83[m[1;34m -- -- -- -- -- -- [m[1;36m |[m[1;34m-------[m[1;4;32mg[7mJ[7m.[m[1;34m------[m[1;36m|[m
[1;35mHello.pdf[m[1;36m:[m[32;1m72[m[1;36m:[m
[1;32m00000e60[m [m[1;34m --[m[1;4;32m ee 0a dd[m[1;34m -- -- -- --  -- -- -- -- -- -- -- -- [m[1;36m |[m[1;34m-[m[1;4;32m[7m.[7mJ[7m.[m[1;34m------------[m[1;36m|[m
[1;35mHello.pdf[m[1;36m:[m[32;1m73[m[1;36m:[m
[1;32m00000e60[m [m[1;34m -- -- -- -- -- -- -- --  -- -- -- -- --[m[1;4;32m fa 0a 70 [m[1;36m |[m[1;34m-------------[m[1;4;32m[7m.[7mJ[m[1;4;32mp[m[1;36m|[m
[1;35mHello.pdf[m[1;36m:[m[32;1m74[m[1;36m:[m
[1;32m00000ee0[m [m[1;34m -- -- -- -- -- -- -- --  -- -- -- --[m[1;4;32m f1 0a 71[m[1;34m -- [m[1;36m |[m[1;34m------------[m[1;4;32m[7m.[7mJ[m[1;4;32mq[m[1;34m-[m[1;36m|[m
[1;35mHello.pdf[m[1;36m:[m[32;1m75[m[1;36m:[m
[1;32m00000ef0[m [m[1;34m -- -- -- -- -- -- --[m[1;4;32m 2d  0a d2[m[1;34m -- -- -- -- -- -- [m[1;36m |[m[1;34m-------[m[1;4;32m-[7mJ[7m.[m[1;34m------[m[1;36m|[m
[1;35mHello.pdf[m[1;36m:[m[32;1m76[m[1;36m:[m[1;4;32m"[m
[1;35mHello.pdf[m[1;36m|[m[32;1m77[m[1;36m|[m[1;4;32mW[m
[1;35mHello.pdf[m[1;36m:[m[32;1m77[m[1;36m:[m
[1;32m000011b0[m [m[1;34m -- --[m[1;4;32m d4 0a 97[m[1;34m -- -- --  -- -- -- -- -- -- -- -- [m[1;36m |[m[1;34m--[m[1;4;32m[7m.[7mJ[7m.[m[1;34m-----------[m[1;36m|[m
[1;35mHello.pdf[m[1;36m:[m[32;1m78[m[1;36m:[m
[1;32m00001420[m [m[1;34m -- -- -- -- -- -- -- --  -- -- -- -- -- -- --[m[1;4;32m e4 [m[1;36m |[m[1;34m---------------[m[1;4;32m[7m.[m[1;36m|[m
[1;32m00001430[m [m[1;4;32m 0a 65[m[1;34m -- -- -- -- -- --  -- -- -- -- -- -- -- -- [m[1;36m |[m[1;4;32m[7mJ[m[1;4;32me[m[1;34m--------------[m[1;36m|[m
[1;35mHello.pdf[m[1;36m:[m[32;1m79[m[1;36m:[m[1;4;32mm[m
[1;35mHello.pdf[m[1;36m|[m[32;1m80[m[1;36m|[m[1;4;32me[m
[1;35mHello.pdf[m[1;36m:[m[32;1m80[m[1;36m:[m[1;4;32mj[m
[1;35mHello.pdf[m[1;36m|[m[32;1m81[m[1;36m|[m[1;4;32m1[m
[1;35mHello.pdf[m[1;36m:[m[32;1m81[m[1;36m:[m[1;4;32mj[m
[1;35mHello.pdf[m[1;36m|[m[32;1m82[m[1;36m|[m[1;4;32m2[m
[1;35mHello.pdf[m[1;36m:[m[32;1m82[m[1;36m:[m[1;4;32m4[m
[1;35mHello.pdf[m[1;36m|[m[32;1m83[m[1;36m|[m[1;4;32me[m
[1;35mHello.pdf[m[1;36m:[m[32;1m83[m[1;36m:[m[1;4;32mj[m
[1;35mHello.pdf[m[1;36m|[m[32;1m84[m[1;36m|[m[1;4;32m1[m
[1;35mHello.pdf[m[1;36m:[m[32;1m84[m[1;36m:[m[1;4;32mj[m
[1;35mHello.pdf[m[1;36m|[m[32;1m85[m[1;36m|[m[1;4;32m([m
[1;35mHello.pdf[m[1;36m:[m[32;1m85[m[1;36m:[m[1;4;32m)[m
[1;35mHello.pdf[m[1;36m|[m[32;1m86[m[1;36m|[m[1;4;32me[m
[1;35mHello.pdf[m[1;36m:[m[32;1m86[m[1;36m:[m[1;4;32mj[m
[1;35mHello.pdf[m[1;36m|[m[32;1m87[m[1;36m|[m[1;4;32m1[m
[1;35mHello.pdf[m[1;36m:[m[32;1m87[m[1;36m:[m[1;4;32mj[m
[1;35mHello.pdf[m[1;36m|[m[32;1m88[m[1;36m|[m[1;4;32m([m
[1;35mHello.pdf[m[1;36m:[m[32;1m88[m[1;36m:[m[1;4;32m)[m
[1;35mHello.pdf[m[1;36m|[m[32;1m89[m[1;36m|[m[1;4;32me[m
[1;35mHello.pdf[m[1;36m:[m[32;1m89[m[1;36m:[m[1;4;32mj[m
[1;35mHello.pdf[m[1;36m|[m[32;1m90[m[1;36m|[m[1;4;32m1[m
[1;35mHello.pdf[m[1;36m:[m[32;1m90[m[1;36m:[m[1;4;32mj[m
[1;35mHello.pdf[m[1;36m|[m[32;1m91[m[1;36m|[m[1;4;32m([m
[1;35mHello.pdf[m[1;36m:[m[32;1m91[m[1;36m:[m[1;4;32m)[m
[1;35mHello.pdf[m[1;36m|[m[32;1m92[m[1;36m|[m[1;4;32me[m
[1;35mHello.pdf[m[1;36m:[m[32;1m92[m[1;36m:[m[1;4;32mj[m
[1;35mHello.pdf[m[1;36m|[m[32;1m93[m[1;36m|[m[1;4;32m1[m
[1;35mHello.pdf[m[1;36m:[m[32;1m93[m[1;36m:[m[1;4;32mj[m
[1;35mHello.pdf[m[1;36m|[m[32;1m94[m[1;36m|[m[1;4;32m([m
[1;35mHello.pdf[m[1;36m:[m[32;1m94[m[1;36m:[m[1;4;32m)[m
[1;35mHello.pdf[m[1;36m|[m[32;1m95[m[1;36m|[m[1;4;32me[m
[1;35mHello.pdf[m[1;36m:[m[32;1m95[m[1;36m:[m[1;4;32mj[m
[1;35mHello.pdf[m[1;36m|[m[32;1m96[m[1;36m|[m[1;4;32m1[m
[1;35mHello.pdf[m[1;36m:[m[32;1m96[m[1;36m:[m[1;4;32mj[m
[1;35mHello.pdf[m[1;36m|[m[32;1m97[m[1;36m|[m[1;4;32m([m
[1;35mHello.pdf[m[1;36m:[m[32;1m97[m[1;36m:[m[1;4;32m)[m
[1;35mHello.pdf[m[1;36m|[m[32;1m98[m[1;36m|[m[1;4;32me[m
[1;35mHello.pdf[m[1;36m:[m[32;1m98[m[1;36m:[m[1;4;32mj[m
[1;35mHello.pdf[m[1;36m|[m[32;1m99[m[1;36m|[m[1;4;32m2[m
[1;35mHello.pdf[m[1;36m:[m[32;1m99[m[1;36m:[m[1;4;32mj[m
[1;35mHello.pdf[m[1;36m|[m[32;1m100[m[1;36m|[m[1;4;32m[[m
[1;35mHello.pdf[m[1;36m:[m[32;1m100[m[1;36m:[m[1;4;32m][m
[1;35mHello.pdf[m[1;36m|[m[32;1m101[m[1;36m|[m[1;4;32me[m
[1;35mHello.pdf[m[1;36m:[m[32;1m101[m[1;36m:[m[1;4;32mj[m
[1;35mHello.pdf[m[1;36m|[m[32;1m102[m[1;36m|[m[1;4;32m1[m
[1;35mHello.pdf[m[1;36m:[m[32;1m102[m[1;36m:[m[1;4;32mj[m
[1;35mHello.pdf[m[1;36m|[m[32;1m103[m[1;36m|[m[1;4;32m<[m
[1;35mHello.pdf[m[1;36m:[m[32;1m103[m[1;36m:[m[1;4;32me[m
[1;35mHello.pdf[m[1;36m|[m[32;1m104[m[1;36m|[m[1;4;32m1[m
[1;35mHello.pdf[m[1;36m:[m[32;1m104[m[1;36m:[m[1;4;32m>[m
[1;35mHello.pdf[m[1;36m|[m[32;1m105[m[1;36m|[m[1;4;32me[m
[1;35mHello.pdf[m[1;36m:[m[32;1m105[m[1;36m:[m[1;4;32mj[m
[1;35mHello.pdf[m[1;36m|[m[32;1m106[m[1;36m|[m[1;4;32mx[m
[1;35mHello.pdf[m[1;36m:[m[32;1m106[m[1;36m:[m[1;4;32mf[m
[1;35mHello.pdf[m[1;36m|[m[32;1m107[m[1;36m|[m[1;4;32m0[m
[1;35mHello.pdf[m[1;36m:[m[32;1m107[m[1;36m:[m[1;4;32m1[m
[1;35mHello.pdf[m[1;36m|[m[32;1m108[m[1;36m|[m[1;4;32m0[m
[1;35mHello.pdf[m[1;36m:[m[32;1m129[m[1;36m:[m[1;4;32mr[m
[1;35mHello.pdf[m[1;36m|[m[32;1m130[m[1;36m|[m[1;4;32m<[m
[1;35mHello.pdf[m[1;36m:[m[32;1m130[m[1;36m:[m[1;4;32m>[m
[1;35mHello.pdf[m[1;36m|[m[32;1m131[m[1;36m|[m[1;4;32m<[m
[1;35mHello.pdf[m[1;36m:[m[32;1m131[m[1;36m:[m[1;4;32m>[m
[1;35mHello.pdf[m[1;36m|[m[32;1m132[m[1;36m|[m[1;4;32ms[m
[1;35mHello.pdf[m[1;36m:[m[32;1m132[m[1;36m:[m[1;4;32mf[m
[1;35mHello.pdf[m[1;36m|[m[32;1m133[m[1;36m|[m[1;4;32m5[m
[1;35mHello.pdf[m[1;36m:[m[32;1m133[m[1;36m:[m[1;4;32m6[m
[1;35mHello.pdf[m[1;36m|[m[32;1m134[m[1;36m|[m[1;4;32m%[m
[1;35mHello.sh[m[1;36m:[m[32;1m1[m[1;36m:[m[1;4;32mh[m
[1;35mHello.sh[m[1;36m|[m[32;1m2[m[1;36m|[m[1;4;32me[m
