[1;35mHello.java[m[1;36m-[m[1;34mimport java.lang.*;[m
[1;35mHello.java[m[1;36m-[m
[1;35mHello.java[m[1;36m:[mpublic class [m[1;4;32mHello[m // prints a [m[1;4;32mHello[m World! [m[1;4;32mgreeting[m
[1;35mHello.java[m[1;36m-[m[1;34m{ public static void main(String[] arg)[m
[1;35mHello.java[m[1;36m-[m[1;34m  { System.out.println("Hello World!");[m
[mBinary file[1;35m Hello.pdf[m matches
[1;35mHello.txt[m[1;36m:[m[m[1;4;32mHello[m
