"Hello.bat","echo ""Hello"
"Hello.class","java\f\x00\x07\x00\b\x07\x00\x17"
"Hello.java","import java.lang.*;"
"Hello.java","public class"
"Hello.java","public static"
"Hello.java","Hello World!"");"
"Hello.pdf","4 0"
"Hello.pdf","Length 5"
"Hello.pdf","9\f≥1≤Q\x02πFó‚©\x12Ûôê\\LY"
"Hello.pdf","5 0"
"Hello.pdf","2 0"
"Hello.pdf","Type /Page"
"Hello.pdf","6 0"
"Hello.pdf","ProcSet ["
"Hello.pdf","9 0"
"Hello.pdf","Length 10"
"Hello.pdf","m	È2âV\x13ãµ€M∫I\x13∑ÎfSõ* tv6;Õdfúô›&°O•‡õ\x16\x04È´†>∆Ç\b∂*6/ˆ••≈íJ5\x0f"
"Hello.pdf","7 ãö\x11Ú»«X"
"Hello.pdf","bP\fë*^\x15á≈!1"
"Hello.pdf","10 0"
"Hello.pdf","7 0"
"Hello.pdf","ICCBased 9"
"Hello.pdf","3 0"
"Hello.pdf","Type /Pages"
"Hello.pdf","11 0"
"Hello.pdf","Type /Catalog"
"Hello.pdf","8 0"
"Hello.pdf","Type /Font"
"Hello.pdf","12 0"
"Hello.pdf","0 0"
"Hello.pdf","0 0"
"Hello.pdf","12 0"
"Hello.pdf","Type /FontDescriptor"
"Hello.pdf","558 -375"
"Hello.pdf","StemV 99"
"Hello.pdf","13 0"
"Hello.pdf","Length 14"
"Hello.pdf","H (!\bA¥1êJQ"
"Hello.pdf","j	L+I\x17.RÃ'õ4â\x03Çpöº√§v⁄ƒàÕ‰\x13∑=R\x0eıâD™`ÃJ>¶"
"Hello.pdf","5\rª\x02zù\x0f;\x15^ØE§f®|M·U\x1e^m≈+lká¬\x1f"
"Hello.pdf","axD\x0b\x04‚ÙaCÌrò\x13√""\x1a±44`ìCÌ\x18\x1a\x11"
"Hello.pdf","c\x0bÌF"
"Hello.pdf","u F¡¬¶-"
"Hello.pdf","fsu\rN”bÏ¢CÙ\x0e\x1dcÓ¥\x18\b^+\x0eëGú`?+°°û•=LÀQè†Ë$Jhãxâ-ñSDî“2çGm""[ﬁØ\x1fdt?=ƒ◊£¥ÖJô72XŒÒL;h\x15]†"
"Hello.pdf","o\x0bCAÁn·\x1eü≥ì£ä•Ñ¨^ΩìÛÿuû”À‘ª≤QÎﬁÿxıÉFŸtı-ÌÜ÷,Ìõ´NˆØQ˘µœ¯≠QN)îIyF\x04;\x19t∞Å\biÏ!ì=eÊ;œBâ"
"Hello.pdf","14 0"
"Hello.pdf","15 0"
"Hello.pdf","16 0"
"Hello.pdf","Mac OS"
"Hello.pdf","17 0"
"Hello.pdf","18 0"
"Hello.pdf","19 0"
"Hello.pdf","20 0"
"Hello.pdf","1 0"
"Hello.pdf","Title 15"
"Hello.pdf","18 0"
"Hello.pdf","0 21"
"Hello.pdf","0000000000 65535"
"Hello.pdf","0000005392 00000"
"Hello.pdf","0000000238 00000"
"Hello.pdf","0000001714 00000"
"Hello.pdf","0000000022 00000"
"Hello.pdf","0000000219 00000"
"Hello.pdf","0000000342 00000"
"Hello.pdf","0000001679 00000"
"Hello.pdf","0000001847 00000"
"Hello.pdf","0000000439 00000"
"Hello.pdf","0000001658 00000"
"Hello.pdf","0000001797 00000"
"Hello.pdf","0000002110 00000"
"Hello.pdf","0000002362 00000"
"Hello.pdf","0000005186 00000"
"Hello.pdf","0000005207 00000"
"Hello.pdf","0000005231 00000"
"Hello.pdf","0000005284 00000"
"Hello.pdf","0000005311 00000"
"Hello.pdf","0000005353 00000"
"Hello.pdf","0000005372 00000"
"Hello.pdf","Size 21"
"Hello.sh","echo ""Hello"
