"Hello.bat",1
"Hello.class",0
"Hello.java",5
"Hello.pdf",22
"Hello.sh",1
"Hello.txt",0
"empty.txt",0
"emptyline.txt",1
