[
  {
    "file": "Hello.bat",
    "matches": [
      { "line": 1, "match": "sh\necho" },
      { "line": 2, "match": "Hello World!\"" }
    ]
  },
  {
    "file": "Hello.class",
    "matches": [
      { "line": 5, "match": "Hello World!\u0007\u0000\u001a" }
    ]
  },
  {
    "file": "Hello.java",
    "matches": [
      { "line": 1, "match": "import java.lang.*;" },
      { "line": 3, "match": "public class" },
      { "line": 3, "match": "Hello //" },
      { "line": 3, "match": "prints a" },
      { "line": 3, "match": "Hello World!" },
      { "line": 3, "match": "greeting\n{" },
      { "line": 4, "match": "public static" },
      { "line": 4, "match": "void main(String[]" },
      { "line": 5, "match": "Hello World!\");" }
    ]
  },
  {
    "file": "Hello.pdf",
    "matches": [
      { "line": 1, "match": "3\n%ƒÂÚÂÎßÛ†–ƒ∆" },
      { "line": 3, "match": "4 0" },
      { "line": 3, "match": "obj\n<<" },
      { "line": 4, "match": "Length 5" },
      { "line": 4, "match": "0 R" },
      { "line": 4, "match": "Filter /FlateDecode" },
      { "line": 5, "match": "stream\nx\u0001Eéª" },
      { "line": 7, "match": "LY\nüâ\u0007oÜk˜¥é–õ·‚j©Rj≤@8˛≠Ìî" },
      { "line": 9, "match": "endstream\nendobj" },
      { "line": 11, "match": "5 0" },
      { "line": 11, "match": "obj\n123" },
      { "line": 13, "match": "endobj\n2" },
      { "line": 14, "match": "0 obj" },
      { "line": 15, "match": "Type /Page" },
      { "line": 15, "match": "Parent 3" },
      { "line": 15, "match": "0 R" },
      { "line": 15, "match": "Resources 6" },
      { "line": 15, "match": "0 R" },
      { "line": 15, "match": "Contents 4" },
      { "line": 15, "match": "0 R" },
      { "line": 15, "match": "MediaBox [0" },
      { "line": 15, "match": "0 612" },
      { "line": 17, "match": "endobj\n6" },
      { "line": 18, "match": "0 obj" },
      { "line": 19, "match": "ProcSet [" },
      { "line": 19, "match": "PDF /Text" },
      { "line": 19, "match": "ColorSpace <<" },
      { "line": 19, "match": "Cs1 7" },
      { "line": 19, "match": "0 R" },
      { "line": 19, "match": "Font <<" },
      { "line": 19, "match": "TT1 8" },
      { "line": 19, "match": "0 R" },
      { "line": 21, "match": "endobj\n9" },
      { "line": 22, "match": "0 obj" },
      { "line": 23, "match": "Length 10" },
      { "line": 23, "match": "0 R" },
      { "line": 23, "match": "N 1" },
      { "line": 23, "match": "Alternate /DeviceGray" },
      { "line": 23, "match": "Filter /FlateDecode" },
      { "line": 24, "match": "stream\nx\u0001ÖU]h\u001cU\u0014>ªsg\u0003\u0012\u0007\u001f¥" },
      { "line": 25, "match": "m\tÈ2âV\u0013ãµ€M∫I\u0013∑ÎfSõ* tv6;Õdfúô›&°O•‡õ\u0016\u0004È´†>∆Ç\b∂*6/ˆ••≈íJ5\u000f" },
      { "line": 26, "match": "7 ãö\u0011Ú»«X" },
      { "line": 30, "match": "4\nendstream" },
      { "line": 32, "match": "endobj\n10" },
      { "line": 33, "match": "0 obj" },
      { "line": 34, "match": "1116\nendobj" },
      { "line": 36, "match": "7 0" },
      { "line": 36, "match": "obj\n[" },
      { "line": 37, "match": "ICCBased 9" },
      { "line": 37, "match": "0 R" },
      { "line": 38, "match": "endobj\n3" },
      { "line": 39, "match": "0 obj" },
      { "line": 40, "match": "Type /Pages" },
      { "line": 40, "match": "MediaBox [0" },
      { "line": 40, "match": "0 612" },
      { "line": 40, "match": "Count 1" },
      { "line": 40, "match": "Kids [" },
      { "line": 40, "match": "2 0" },
      { "line": 40, "match": "R ]" },
      { "line": 41, "match": "endobj\n11" },
      { "line": 42, "match": "0 obj" },
      { "line": 43, "match": "Type /Catalog" },
      { "line": 43, "match": "Pages 3" },
      { "line": 43, "match": "0 R" },
      { "line": 44, "match": "endobj\n8" },
      { "line": 45, "match": "0 obj" },
      { "line": 46, "match": "Type /Font" },
      { "line": 46, "match": "Subtype /TrueType" },
      { "line": 46, "match": "BaseFont /GQTMZF+Menlo-Regular" },
      { "line": 46, "match": "FontDescriptor\n12" },
      { "line": 47, "match": "0 R" },
      { "line": 47, "match": "Encoding /MacRomanEncoding" },
      { "line": 47, "match": "FirstChar 72" },
      { "line": 47, "match": "LastChar 111" },
      { "line": 47, "match": "Widths [" },
      { "line": 47, "match": "602\n0" },
      { "line": 48, "match": "0 0" },
      { "line": 48, "match": "0 0" },
      { "line": 48, "match": "0 0" },
      { "line": 48, "match": "0 0" },
      { "line": 48, "match": "0 0" },
      { "line": 48, "match": "0 0" },
      { "line": 48, "match": "0 0" },
      { "line": 48, "match": "0 0" },
      { "line": 48, "match": "0 0" },
      { "line": 48, "match": "0 0" },
      { "line": 48, "match": "0 0" },
      { "line": 48, "match": "0 0" },
      { "line": 48, "match": "0 0" },
      { "line": 48, "match": "0 602" },
      { "line": 48, "match": "0 0" },
      { "line": 48, "match": "0 0" },
      { "line": 48, "match": "0 0" },
      { "line": 48, "match": "602\n0" },
      { "line": 49, "match": "0 602" },
      { "line": 50, "match": "endobj\n12" },
      { "line": 51, "match": "0 obj" },
      { "line": 52, "match": "Type /FontDescriptor" },
      { "line": 52, "match": "FontName /GQTMZF+Menlo-Regular" },
      { "line": 52, "match": "Flags 33" },
      { "line": 52, "match": "FontBBox\n[-558" },
      { "line": 53, "match": "375 718" },
      { "line": 53, "match": "ItalicAngle 0" },
      { "line": 53, "match": "Ascent 928" },
      { "line": 53, "match": "Descent -236" },
      { "line": 53, "match": "CapHeight 729" },
      { "line": 54, "match": "StemV 99" },
      { "line": 54, "match": "XHeight 547" },
      { "line": 54, "match": "StemH 83" },
      { "line": 54, "match": "AvgWidth 602" },
      { "line": 54, "match": "MaxWidth 602" },
      { "line": 54, "match": "FontFile2 13" },
      { "line": 54, "match": "0 R" },
      { "line": 56, "match": "endobj\n13" },
      { "line": 57, "match": "0 obj" },
      { "line": 58, "match": "Length 14" },
      { "line": 58, "match": "0 R" },
      { "line": 58, "match": "Length1 4064" },
      { "line": 58, "match": "Filter /FlateDecode" },
      { "line": 59, "match": "stream\nx\u0001›W{xT≈\u0015?sw6ØÕ>íMHHÄ]÷Âï,ÅÑ∑R\u0016Hxà" },
      { "line": 60, "match": "H (!\bA¥1êJQ" },
      { "line": 61, "match": "j\tL+I\u0017.RÃ'õ4â\u0003Çpöº√§v⁄ƒàÕ‰\u0013∑=R\u000eıâD™`ÃJ>¶" },
      { "line": 61, "match": "a\n>®¿ëAhb°i\u0010\u000e+\u001cz?^\u001eRx?\u001e\u0007\u0015ﬁS8PÂî\u00072Ò◊TÏWx∑\u0016ç´|≤Q·/" },
      { "line": 66, "match": "W\nÀ\u0015\u001ep\u000eì\u000fL¬/\u0015*Ô≈≤•\u0015rô¬“" },
      { "line": 70, "match": "y\nwÂ‚NÖππ(n≈ú:ÃV(R(Tò5≥£ú•0ì\u001crfGÃPòÆpá¬ÌS\u0012‰Ì6L+ƒm˚0ïÖ©.LI\u0000?—A\u0017nU¯π¬-\u0019ÈÚñ\\LVò§0QaB\u0005∆+‹Ï¬8Ö±¬/«*‹Tá1›p„Ë4ycå\u001eû$GßaTAö\u001c•0í•ëÖ\u0018¡“à:\u0014§!üÅ¸˛\u0018>Ã)á'axD" },
      { "line": 71, "match": "g\nÉ9Ñ¡≠∏A·˙n\u0018§0ê" },
      { "line": 74, "match": "F 5≈/Sá!≈Âê)~∏\u001cHfΩd\u0017íx}íÇì3w\u000eÉÉ=8úpDkg∑Y•›\u000e{¥v∂ƒxi≥¬\u0016≠]\"◊.1\u001eâ\\ª\u001d∫5\u000eV„ŸÍØ'(ƒs&Ò" },
      { "line": 75, "match": "u F¡¬¶-" },
      { "line": 79, "match": "endstream\nendobj" },
      { "line": 81, "match": "14 0" },
      { "line": 81, "match": "obj\n2734" },
      { "line": 83, "match": "endobj\n15" },
      { "line": 84, "match": "0 obj" },
      { "line": 86, "match": "endobj\n16" },
      { "line": 87, "match": "0 obj" },
      { "line": 88, "match": "Mac OS" },
      { "line": 88, "match": "X 10.12.6" },
      { "line": 88, "match": "Quartz PDFContext)" },
      { "line": 89, "match": "endobj\n17" },
      { "line": 90, "match": "0 obj" },
      { "line": 92, "match": "endobj\n18" },
      { "line": 93, "match": "0 obj" },
      { "line": 95, "match": "endobj\n19" },
      { "line": 96, "match": "0 obj" },
      { "line": 98, "match": "endobj\n20" },
      { "line": 99, "match": "0 obj" },
      { "line": 101, "match": "endobj\n1" },
      { "line": 102, "match": "0 obj" },
      { "line": 103, "match": "Title 15" },
      { "line": 103, "match": "0 R" },
      { "line": 103, "match": "Producer 16" },
      { "line": 103, "match": "0 R" },
      { "line": 103, "match": "Creator 17" },
      { "line": 103, "match": "0 R" },
      { "line": 103, "match": "CreationDate 18" },
      { "line": 103, "match": "0 R" },
      { "line": 103, "match": "ModDate\n18" },
      { "line": 104, "match": "0 R" },
      { "line": 104, "match": "Keywords 19" },
      { "line": 104, "match": "0 R" },
      { "line": 104, "match": "Keywords 20" },
      { "line": 104, "match": "0 R" },
      { "line": 105, "match": "endobj\nxref" },
      { "line": 107, "match": "0 21" },
      { "line": 108, "match": "0000000000 65535" },
      { "line": 108, "match": "f \n0000005392" },
      { "line": 109, "match": "00000 n" },
      { "line": 110, "match": "0000000238 00000" },
      { "line": 110, "match": "n \n0000001714" },
      { "line": 111, "match": "00000 n" },
      { "line": 112, "match": "0000000022 00000" },
      { "line": 112, "match": "n \n0000000219" },
      { "line": 113, "match": "00000 n" },
      { "line": 114, "match": "0000000342 00000" },
      { "line": 114, "match": "n \n0000001679" },
      { "line": 115, "match": "00000 n" },
      { "line": 116, "match": "0000001847 00000" },
      { "line": 116, "match": "n \n0000000439" },
      { "line": 117, "match": "00000 n" },
      { "line": 118, "match": "0000001658 00000" },
      { "line": 118, "match": "n \n0000001797" },
      { "line": 119, "match": "00000 n" },
      { "line": 120, "match": "0000002110 00000" },
      { "line": 120, "match": "n \n0000002362" },
      { "line": 121, "match": "00000 n" },
      { "line": 122, "match": "0000005186 00000" },
      { "line": 122, "match": "n \n0000005207" },
      { "line": 123, "match": "00000 n" },
      { "line": 124, "match": "0000005231 00000" },
      { "line": 124, "match": "n \n0000005284" },
      { "line": 125, "match": "00000 n" },
      { "line": 126, "match": "0000005311 00000" },
      { "line": 126, "match": "n \n0000005353" },
      { "line": 127, "match": "00000 n" },
      { "line": 128, "match": "0000005372 00000" },
      { "line": 128, "match": "n \ntrailer" },
      { "line": 130, "match": "Size 21" },
      { "line": 130, "match": "Root 11" },
      { "line": 130, "match": "0 R" },
      { "line": 130, "match": "Info 1" },
      { "line": 130, "match": "0 R" },
      { "line": 130, "match": "ID [" },
      { "line": 132, "match": "startxref\n5536" }
    ]
  },
  {
    "file": "Hello.sh",
    "matches": [
      { "line": 1, "match": "sh\necho" },
      { "line": 2, "match": "Hello World!\"" }
    ]
  }
]
