[1;35mHello.bat[m[1;36m:[m[m[1;4;32m(1:echo "Hello)[m World!"[m
[mBinary file[1;35m Hello.class[m matches
[1;35mHello.java[m[1;36m:[m[m[1;4;32m(1:import java.lang.*;)[m
[1;35mHello.java[m[1;36m:[m[m[1;4;32m(2:public class)[m [m[1;4;32m(2:Hello //)[m [m[1;4;32m(2:prints a)[m [m[1;4;32m(2:Hello World!)[m greeting[m
[1;35mHello.java[m[1;36m:[m{ [m[1;4;32m(3:public static)[m [m[1;4;32m(3:void main(String[])[m arg)[m
[1;35mHello.java[m[1;36m:[m  { System.out.println("[m[1;4;32m(4:Hello World!");)[m
[mBinary file[1;35m Hello.pdf[m matches
[1;35mHello.sh[m[1;36m:[m[m[1;4;32m(1:echo "Hello)[m World!"[m
