"Hello.bat",2
"Hello.class",1
"Hello.java",9
"Hello.pdf",203
"Hello.sh",2
"Hello.txt",0
"empty.txt",0
"emptyline.txt",0
