[
  {
    "file": "Hello.txt",
    "matches": [
      { "match": false }
    ]
  },
  {
    "file": "empty.txt",
    "matches": [
      { "match": false }
    ]
  },
  {
    "file": "emptyline.txt",
    "matches": [
      { "match": false }
    ]
  }
]
