[1;35mHello.java[m[1;36m:[m[m[1;4;32mimport java.lang.*;[m
[mBinary file[1;35m Hello.pdf[m matches
