[1;35mHello.bat[m[1;36m:[m[1;4;32mh[m
[1;35mHello.bat[m[1;36m|[m[1;4;32me[m
[1;35mHello.class[m[1;36m:[m
[1;32m00000000[m [m[1;34m -- -- -- -- -- -- -- --  --[m[1;4;32m 1d 0a 00[m[1;34m -- -- -- -- [m[1;36m |[m[1;34m---------[m[1;4;32m[7m][7mJ[7m@[m[1;34m----[m[1;36m|[m
[1;35mHello.class[m[1;36m+[m
[1;32m00000010[m [m[1;34m -- -- -- -- -- --[m[1;4;32m 12 0a  00[m[1;34m -- -- -- -- -- -- -- [m[1;36m |[m[1;34m------[m[1;4;32m[7mR[7mJ[7m@[m[1;34m-------[m[1;36m|[m
[1;35mHello.class[m[1;36m+[m
[1;32m00000060[m [m[1;34m -- -- -- -- -- -- -- --  -- -- --[m[1;4;32m 00 0a 53[m[1;34m -- -- [m[1;36m |[m[1;34m-----------[m[1;4;32m[7m@[7mJ[m[1;4;32mS[m[1;34m--[m[1;36m|[m
[1;35mHello.class[m[1;36m+[m
[1;32m00000070[m [m[1;34m -- -- -- -- -- -- -- -- [m[1;4;32m 00 0a 48[m[1;34m -- -- -- -- -- [m[1;36m |[m[1;34m--------[m[1;4;32m[7m@[7mJ[m[1;4;32mH[m[1;34m-----[m[1;36m|[m
[1;35mHello.class[m[1;36m+[m
[1;32m00000150[m [m[1;34m -- -- -- -- -- -- --[m[1;4;32m 00  0a 00[m[1;34m -- -- -- -- -- -- [m[1;36m |[m[1;34m-------[m[1;4;32m[7m@[7mJ[7m@[m[1;34m------[m[1;36m|[m
[1;35mHello.class[m[1;36m+[m
[1;32m00000180[m [m[1;34m -- -- -- -- -- --[m[1;4;32m 00 0a  00[m[1;34m -- -- -- -- -- -- -- [m[1;36m |[m[1;34m------[m[1;4;32m[7m@[7mJ[7m@[m[1;34m-------[m[1;36m|[m
[1;35mHello.class[m[1;36m+[m
[1;32m00000180[m [m[1;34m -- -- -- -- -- -- -- --  -- --[m[1;4;32m 00 0a 00[m[1;34m -- -- -- [m[1;36m |[m[1;34m----------[m[1;4;32m[7m@[7mJ[7m@[m[1;34m---[m[1;36m|[m
[1;35mHello.java[m[1;36m:[m[1;4;32mg[m
[1;35mHello.java[m[1;36m|[m[1;4;32m{[m
[1;35mHello.java[m[1;36m:[m[1;4;32m}[m
[1;35mHello.java[m[1;36m|[m[1;4;32m}[m
[1;35mHello.pdf[m[1;36m:[m[1;4;32m3[m
[1;35mHello.pdf[m[1;36m|[m[1;4;32m%[m
[1;35mHello.pdf[m[1;36m+[m
[1;32m00000010[m [m[1;34m -- -- -- --[m[1;4;32m c6 0a 34[m[1;34m --  -- -- -- -- -- -- -- -- [m[1;36m |[m[1;34m----[m[1;4;32m[7m.[7mJ[m[1;4;32m4[m[1;34m---------[m[1;36m|[m
[1;35mHello.pdf[m[1;36m+[m[1;4;32mj[m
[1;35mHello.pdf[m[1;36m|[m[1;4;32m<[m
[1;35mHello.pdf[m[1;36m+[m[1;4;32m>[m
[1;35mHello.pdf[m[1;36m|[m[1;4;32ms[m
[1;35mHello.pdf[m[1;36m+[m[1;4;32mm[m
[1;35mHello.pdf[m[1;36m|[m[1;4;32mx[m
[1;35mHello.pdf[m[1;36m+[m
[1;32m00000050[m [m[1;34m -- --[m[1;4;32m bb 0a 02[m[1;34m -- -- --  -- -- -- -- -- -- -- -- [m[1;36m |[m[1;34m--[m[1;4;32m[7m.[7mJ[7mB[m[1;34m-----------[m[1;36m|[m
[1;35mHello.pdf[m[1;36m+[m
[1;32m00000080[m [m[1;34m -- -- -- -- -- -- -- -- [m[1;4;32m 59 0a 9f[m[1;34m -- -- -- -- -- [m[1;36m |[m[1;34m--------[m[1;4;32mY[7mJ[7m.[m[1;34m-----[m[1;36m|[m
[1;35mHello.pdf[m[1;36m+[m
[1;32m000000c0[m [m[1;34m -- -- -- -- -- -- -- -- [m[1;4;32m a5 0a 65[m[1;34m -- -- -- -- -- [m[1;36m |[m[1;34m--------[m[1;4;32m[7m.[7mJ[m[1;4;32me[m[1;34m-----[m[1;36m|[m
[1;35mHello.pdf[m[1;36m+[m[1;4;32mm[m
[1;35mHello.pdf[m[1;36m|[m[1;4;32me[m
[1;35mHello.pdf[m[1;36m+[m[1;4;32mj[m
[1;35mHello.pdf[m[1;36m|[m[1;4;32m5[m
[1;35mHello.pdf[m[1;36m+[m[1;4;32mj[m
[1;35mHello.pdf[m[1;36m|[m[1;4;32m1[m
[1;35mHello.pdf[m[1;36m+[m[1;4;32m3[m
[1;35mHello.pdf[m[1;36m|[m[1;4;32me[m
[1;35mHello.pdf[m[1;36m+[m[1;4;32mj[m
[1;35mHello.pdf[m[1;36m|[m[1;4;32m2[m
[1;35mHello.pdf[m[1;36m+[m[1;4;32mj[m
[1;35mHello.pdf[m[1;36m|[m[1;4;32m<[m
[1;35mHello.pdf[m[1;36m+[m[1;4;32m][m
[1;35mHello.pdf[m[1;36m|[m[1;4;32m>[m
[1;35mHello.pdf[m[1;36m+[m[1;4;32m>[m
[1;35mHello.pdf[m[1;36m|[m[1;4;32me[m
[1;35mHello.pdf[m[1;36m+[m[1;4;32mj[m
[1;35mHello.pdf[m[1;36m|[m[1;4;32m6[m
[1;35mHello.pdf[m[1;36m+[m[1;4;32mj[m
[1;35mHello.pdf[m[1;36m|[m[1;4;32m<[m
[1;35mHello.pdf[m[1;36m+[m[1;4;32mR[m
[1;35mHello.pdf[m[1;36m|[m[1;4;32m>[m
[1;35mHello.pdf[m[1;36m+[m[1;4;32m>[m
[1;35mHello.pdf[m[1;36m|[m[1;4;32me[m
[1;35mHello.pdf[m[1;36m+[m[1;4;32mj[m
[1;35mHello.pdf[m[1;36m|[m[1;4;32m9[m
[1;35mHello.pdf[m[1;36m+[m[1;4;32mj[m
[1;35mHello.pdf[m[1;36m|[m[1;4;32m<[m
[1;35mHello.pdf[m[1;36m+[m[1;4;32m>[m
[1;35mHello.pdf[m[1;36m|[m[1;4;32ms[m
[1;35mHello.pdf[m[1;36m+[m[1;4;32mm[m
[1;35mHello.pdf[m[1;36m|[m[1;4;32mx[m
[1;35mHello.pdf[m[1;36m+[m[1;4;32m[m
[1;35mHello.pdf[m[1;36m|[m[1;4;32m[m
[1;35mHello.pdf[m[1;36m+[m
[1;32m000003f0[m [m[1;34m -- -- -- -- -- -- -- --  --[m[1;4;32m 9b 0a d0[m[1;34m -- -- -- -- [m[1;36m |[m[1;34m---------[m[1;4;32m[7m.[7mJ[7m.[m[1;34m----[m[1;36m|[m
[1;35mHello.pdf[m[1;36m+[m
[1;32m000004c0[m [m[1;34m -- -- -- -- --[m[1;4;32m f2 0a be [m[1;34m -- -- -- -- -- -- -- -- [m[1;36m |[m[1;34m-----[m[1;4;32m[7m.[7mJ[7m.[m[1;34m--------[m[1;36m|[m
[1;35mHello.pdf[m[1;36m+[m
[1;32m00000550[m [m[1;34m -- -- -- -- -- -- -- --  -- -- -- -- -- -- --[m[1;4;32m cc [m[1;36m |[m[1;34m---------------[m[1;4;32m[7m.[m[1;36m|[m
[1;32m00000560[m [m[1;4;32m 0a 4b[m[1;34m -- -- -- -- -- --  -- -- -- -- -- -- -- -- [m[1;36m |[m[1;4;32m[7mJ[m[1;4;32mK[m[1;34m--------------[m[1;36m|[m
[1;35mHello.pdf[m[1;36m+[m[1;4;32m[m
[1;35mHello.pdf[m[1;36m|[m[1;4;32mT[m
[1;35mHello.pdf[m[1;36m+[m[1;4;32m4[m
[1;35mHello.pdf[m[1;36m|[m[1;4;32me[m
[1;35mHello.pdf[m[1;36m+[m[1;4;32mm[m
[1;35mHello.pdf[m[1;36m|[m[1;4;32me[m
[1;35mHello.pdf[m[1;36m+[m[1;4;32mj[m
[1;35mHello.pdf[m[1;36m|[m[1;4;32m1[m
[1;35mHello.pdf[m[1;36m+[m[1;4;32mj[m
[1;35mHello.pdf[m[1;36m|[m[1;4;32m1[m
[1;35mHello.pdf[m[1;36m+[m[1;4;32m6[m
[1;35mHello.pdf[m[1;36m|[m[1;4;32me[m
[1;35mHello.pdf[m[1;36m+[m[1;4;32mj[m
[1;35mHello.pdf[m[1;36m|[m[1;4;32m7[m
[1;35mHello.pdf[m[1;36m+[m[1;4;32mj[m
[1;35mHello.pdf[m[1;36m|[m[1;4;32m[[m
[1;35mHello.pdf[m[1;36m+[m[1;4;32m][m
[1;35mHello.pdf[m[1;36m|[m[1;4;32me[m
[1;35mHello.pdf[m[1;36m+[m[1;4;32mj[m
[1;35mHello.pdf[m[1;36m|[m[1;4;32m3[m
[1;35mHello.pdf[m[1;36m+[m[1;4;32mj[m
[1;35mHello.pdf[m[1;36m|[m[1;4;32m<[m
[1;35mHello.pdf[m[1;36m+[m[1;4;32m>[m
[1;35mHello.pdf[m[1;36m|[m[1;4;32me[m
[1;35mHello.pdf[m[1;36m+[m[1;4;32mj[m
[1;35mHello.pdf[m[1;36m|[m[1;4;32m1[m
[1;35mHello.pdf[m[1;36m+[m[1;4;32mj[m
[1;35mHello.pdf[m[1;36m|[m[1;4;32m<[m
[1;35mHello.pdf[m[1;36m+[m[1;4;32m>[m
[1;35mHello.pdf[m[1;36m|[m[1;4;32me[m
[1;35mHello.pdf[m[1;36m+[m[1;4;32mj[m
[1;35mHello.pdf[m[1;36m|[m[1;4;32m8[m
[1;35mHello.pdf[m[1;36m+[m[1;4;32mj[m
[1;35mHello.pdf[m[1;36m|[m[1;4;32m<[m
[1;35mHello.pdf[m[1;36m+[m[1;4;32mr[m
[1;35mHello.pdf[m[1;36m|[m[1;4;32m1[m
[1;35mHello.pdf[m[1;36m+[m[1;4;32m2[m
[1;35mHello.pdf[m[1;36m|[m[1;4;32m0[m
[1;35mHello.pdf[m[1;36m+[m[1;4;32m2[m
[1;35mHello.pdf[m[1;36m|[m[1;4;32m0[m
[1;35mHello.pdf[m[1;36m+[m[1;4;32m>[m
[1;35mHello.pdf[m[1;36m|[m[1;4;32me[m
[1;35mHello.pdf[m[1;36m+[m[1;4;32mj[m
[1;35mHello.pdf[m[1;36m|[m[1;4;32m1[m
[1;35mHello.pdf[m[1;36m+[m[1;4;32mj[m
[1;35mHello.pdf[m[1;36m|[m[1;4;32m<[m
[1;35mHello.pdf[m[1;36m+[m[1;4;32mx[m
[1;35mHello.pdf[m[1;36m|[m[1;4;32m[[m
[1;35mHello.pdf[m[1;36m+[m[1;4;32m9[m
[1;35mHello.pdf[m[1;36m|[m[1;4;32m/[m
[1;35mHello.pdf[m[1;36m+[m[1;4;32mR[m
[1;35mHello.pdf[m[1;36m|[m[1;4;32m>[m
[1;35mHello.pdf[m[1;36m+[m[1;4;32m>[m
[1;35mHello.pdf[m[1;36m|[m[1;4;32me[m
[1;35mHello.pdf[m[1;36m+[m[1;4;32mj[m
[1;35mHello.pdf[m[1;36m|[m[1;4;32m1[m
[1;35mHello.pdf[m[1;36m+[m[1;4;32mj[m
[1;35mHello.pdf[m[1;36m|[m[1;4;32m<[m
[1;35mHello.pdf[m[1;36m+[m[1;4;32m>[m
[1;35mHello.pdf[m[1;36m|[m[1;4;32ms[m
[1;35mHello.pdf[m[1;36m+[m[1;4;32mm[m
[1;35mHello.pdf[m[1;36m|[m[1;4;32mx[m
[1;35mHello.pdf[m[1;36m+[m
[1;32m000009c0[m [m[1;34m -- -- -- -- -- -- -- --  -- -- -- -- --[m[1;4;32m 02 0a f8 [m[1;36m |[m[1;34m-------------[m[1;4;32m[7mB[7mJ[7m.[m[1;36m|[m
[1;35mHello.pdf[m[1;36m+[m[1;4;32ma[m
[1;35mHello.pdf[m[1;36m|[m[1;4;32m>[m
[1;35mHello.pdf[m[1;36m+[m
[1;32m00000be0[m [m[1;34m -- -- --[m[1;4;32m 2f 0a ef[m[1;34m -- --  -- -- -- -- -- -- -- -- [m[1;36m |[m[1;34m---[m[1;4;32m/[7mJ[7m.[m[1;34m----------[m[1;36m|[m
[1;35mHello.pdf[m[1;36m+[m
[1;32m00000be0[m [m[1;34m -- -- -- -- -- -- -- --  -- --[m[1;4;32m db 0a 7f[m[1;34m -- -- -- [m[1;36m |[m[1;34m----------[m[1;4;32m[7m.[7mJ[7m~[m[1;34m---[m[1;36m|[m
[1;35mHello.pdf[m[1;36m+[m
[1;32m00000c40[m [m[1;34m -- -- -- -- --[m[1;4;32m 8b 0a bf [m[1;34m -- -- -- -- -- -- -- -- [m[1;36m |[m[1;34m-----[m[1;4;32m[7m.[7mJ[7m.[m[1;34m--------[m[1;36m|[m
[1;35mHello.pdf[m[1;36m+[m
[1;32m00000c70[m [m[1;34m -- --[m[1;4;32m a7 0a f1[m[1;34m -- -- --  -- -- -- -- -- -- -- -- [m[1;36m |[m[1;34m--[m[1;4;32m[7m.[7mJ[7m.[m[1;34m-----------[m[1;36m|[m
[1;35mHello.pdf[m[1;36m+[m
[1;32m00000ce0[m [m[1;34m -- -- -- -- --[m[1;4;32m 57 0a cb [m[1;34m -- -- -- -- -- -- -- -- [m[1;36m |[m[1;34m-----[m[1;4;32mW[7mJ[7m.[m[1;34m--------[m[1;36m|[m
[1;35mHello.pdf[m[1;36m+[m
[1;32m00000cf0[m [m[1;34m -- -- -- -- -- -- -- --  -- -- --[m[1;4;32m d2 0a 54[m[1;34m -- -- [m[1;36m |[m[1;34m-----------[m[1;4;32m[7m.[7mJ[m[1;4;32mT[m[1;34m--[m[1;36m|[m
[1;35mHello.pdf[m[1;36m+[m
[1;32m00000d00[m [m[1;4;32m fd 0a e5[m[1;34m -- -- -- -- --  -- -- -- -- -- -- -- -- [m[1;36m |[m[1;4;32m[7m.[7mJ[7m.[m[1;34m-------------[m[1;36m|[m
[1;35mHello.pdf[m[1;36m+[m
[1;32m00000d00[m [m[1;34m -- -- -- -- -- -- -- --  --[m[1;4;32m 3d 0a 8b[m[1;34m -- -- -- -- [m[1;36m |[m[1;34m---------[m[1;4;32m=[7mJ[7m.[m[1;34m----[m[1;36m|[m
[1;35mHello.pdf[m[1;36m+[m[1;4;32my[m
[1;35mHello.pdf[m[1;36m|[m[1;4;32mw[m
[1;35mHello.pdf[m[1;36m+[m
[1;32m00000df0[m [m[1;34m -- -- -- -- -- -- --[m[1;4;32m 67  0a 83[m[1;34m -- -- -- -- -- -- [m[1;36m |[m[1;34m-------[m[1;4;32mg[7mJ[7m.[m[1;34m------[m[1;36m|[m
[1;35mHello.pdf[m[1;36m+[m
[1;32m00000e60[m [m[1;34m --[m[1;4;32m ee 0a dd[m[1;34m -- -- -- --  -- -- -- -- -- -- -- -- [m[1;36m |[m[1;34m-[m[1;4;32m[7m.[7mJ[7m.[m[1;34m------------[m[1;36m|[m
[1;35mHello.pdf[m[1;36m+[m
[1;32m00000e60[m [m[1;34m -- -- -- -- -- -- -- --  -- -- -- -- --[m[1;4;32m fa 0a 70 [m[1;36m |[m[1;34m-------------[m[1;4;32m[7m.[7mJ[m[1;4;32mp[m[1;36m|[m
[1;35mHello.pdf[m[1;36m+[m
[1;32m00000ee0[m [m[1;34m -- -- -- -- -- -- -- --  -- -- -- --[m[1;4;32m f1 0a 71[m[1;34m -- [m[1;36m |[m[1;34m------------[m[1;4;32m[7m.[7mJ[m[1;4;32mq[m[1;34m-[m[1;36m|[m
[1;35mHello.pdf[m[1;36m+[m
[1;32m00000ef0[m [m[1;34m -- -- -- -- -- -- --[m[1;4;32m 2d  0a d2[m[1;34m -- -- -- -- -- -- [m[1;36m |[m[1;34m-------[m[1;4;32m-[7mJ[7m.[m[1;34m------[m[1;36m|[m
[1;35mHello.pdf[m[1;36m+[m[1;4;32m"[m
[1;35mHello.pdf[m[1;36m|[m[1;4;32mW[m
[1;35mHello.pdf[m[1;36m+[m
[1;32m000011b0[m [m[1;34m -- --[m[1;4;32m d4 0a 97[m[1;34m -- -- --  -- -- -- -- -- -- -- -- [m[1;36m |[m[1;34m--[m[1;4;32m[7m.[7mJ[7m.[m[1;34m-----------[m[1;36m|[m
[1;35mHello.pdf[m[1;36m+[m
[1;32m00001420[m [m[1;34m -- -- -- -- -- -- -- --  -- -- -- -- -- -- --[m[1;4;32m e4 [m[1;36m |[m[1;34m---------------[m[1;4;32m[7m.[m[1;36m|[m
[1;32m00001430[m [m[1;4;32m 0a 65[m[1;34m -- -- -- -- -- --  -- -- -- -- -- -- -- -- [m[1;36m |[m[1;4;32m[7mJ[m[1;4;32me[m[1;34m--------------[m[1;36m|[m
[1;35mHello.pdf[m[1;36m+[m[1;4;32mm[m
[1;35mHello.pdf[m[1;36m|[m[1;4;32me[m
[1;35mHello.pdf[m[1;36m+[m[1;4;32mj[m
[1;35mHello.pdf[m[1;36m|[m[1;4;32m1[m
[1;35mHello.pdf[m[1;36m+[m[1;4;32mj[m
[1;35mHello.pdf[m[1;36m|[m[1;4;32m2[m
[1;35mHello.pdf[m[1;36m+[m[1;4;32m4[m
[1;35mHello.pdf[m[1;36m|[m[1;4;32me[m
[1;35mHello.pdf[m[1;36m+[m[1;4;32mj[m
[1;35mHello.pdf[m[1;36m|[m[1;4;32m1[m
[1;35mHello.pdf[m[1;36m+[m[1;4;32mj[m
[1;35mHello.pdf[m[1;36m|[m[1;4;32m([m
[1;35mHello.pdf[m[1;36m+[m[1;4;32m)[m
[1;35mHello.pdf[m[1;36m|[m[1;4;32me[m
[1;35mHello.pdf[m[1;36m+[m[1;4;32mj[m
[1;35mHello.pdf[m[1;36m|[m[1;4;32m1[m
[1;35mHello.pdf[m[1;36m+[m[1;4;32mj[m
[1;35mHello.pdf[m[1;36m|[m[1;4;32m([m
[1;35mHello.pdf[m[1;36m+[m[1;4;32m)[m
[1;35mHello.pdf[m[1;36m|[m[1;4;32me[m
[1;35mHello.pdf[m[1;36m+[m[1;4;32mj[m
[1;35mHello.pdf[m[1;36m|[m[1;4;32m1[m
[1;35mHello.pdf[m[1;36m+[m[1;4;32mj[m
[1;35mHello.pdf[m[1;36m|[m[1;4;32m([m
[1;35mHello.pdf[m[1;36m+[m[1;4;32m)[m
[1;35mHello.pdf[m[1;36m|[m[1;4;32me[m
[1;35mHello.pdf[m[1;36m+[m[1;4;32mj[m
[1;35mHello.pdf[m[1;36m|[m[1;4;32m1[m
[1;35mHello.pdf[m[1;36m+[m[1;4;32mj[m
[1;35mHello.pdf[m[1;36m|[m[1;4;32m([m
[1;35mHello.pdf[m[1;36m+[m[1;4;32m)[m
[1;35mHello.pdf[m[1;36m|[m[1;4;32me[m
[1;35mHello.pdf[m[1;36m+[m[1;4;32mj[m
[1;35mHello.pdf[m[1;36m|[m[1;4;32m1[m
[1;35mHello.pdf[m[1;36m+[m[1;4;32mj[m
[1;35mHello.pdf[m[1;36m|[m[1;4;32m([m
[1;35mHello.pdf[m[1;36m+[m[1;4;32m)[m
[1;35mHello.pdf[m[1;36m|[m[1;4;32me[m
[1;35mHello.pdf[m[1;36m+[m[1;4;32mj[m
[1;35mHello.pdf[m[1;36m|[m[1;4;32m2[m
[1;35mHello.pdf[m[1;36m+[m[1;4;32mj[m
[1;35mHello.pdf[m[1;36m|[m[1;4;32m[[m
[1;35mHello.pdf[m[1;36m+[m[1;4;32m][m
[1;35mHello.pdf[m[1;36m|[m[1;4;32me[m
[1;35mHello.pdf[m[1;36m+[m[1;4;32mj[m
[1;35mHello.pdf[m[1;36m|[m[1;4;32m1[m
[1;35mHello.pdf[m[1;36m+[m[1;4;32mj[m
[1;35mHello.pdf[m[1;36m|[m[1;4;32m<[m
[1;35mHello.pdf[m[1;36m+[m[1;4;32me[m
[1;35mHello.pdf[m[1;36m|[m[1;4;32m1[m
[1;35mHello.pdf[m[1;36m+[m[1;4;32m>[m
[1;35mHello.pdf[m[1;36m|[m[1;4;32me[m
[1;35mHello.pdf[m[1;36m+[m[1;4;32mj[m
[1;35mHello.pdf[m[1;36m|[m[1;4;32mx[m
[1;35mHello.pdf[m[1;36m+[m[1;4;32mf[m
[1;35mHello.pdf[m[1;36m|[m[1;4;32m0[m
[1;35mHello.pdf[m[1;36m+[m[1;4;32m1[m
[1;35mHello.pdf[m[1;36m|[m[1;4;32m0[m
[1;35mHello.pdf[m[1;36m:[m[1;4;32mr[m
[1;35mHello.pdf[m[1;36m|[m[1;4;32m<[m
[1;35mHello.pdf[m[1;36m+[m[1;4;32m>[m
[1;35mHello.pdf[m[1;36m|[m[1;4;32m<[m
[1;35mHello.pdf[m[1;36m+[m[1;4;32m>[m
[1;35mHello.pdf[m[1;36m|[m[1;4;32ms[m
[1;35mHello.pdf[m[1;36m+[m[1;4;32mf[m
[1;35mHello.pdf[m[1;36m|[m[1;4;32m5[m
[1;35mHello.pdf[m[1;36m+[m[1;4;32m6[m
[1;35mHello.pdf[m[1;36m|[m[1;4;32m%[m
[1;35mHello.sh[m[1;36m:[m[1;4;32mh[m
[1;35mHello.sh[m[1;36m|[m[1;4;32me[m
