<grep>
  <file name="Hello.bat">
    <match line="2">echo &quot;Hello</match>
  </file>
  <file name="Hello.class">
    <match line="5">java&#12;&#0;&#7;&#0;&#8;&#7;&#0;&#23;</match>
  </file>
  <file name="Hello.java">
    <match line="1">import java.lang.*;</match>
    <match line="3">public class</match>
    <match line="4">public static</match>
    <match line="5">Hello World!&quot;);</match>
  </file>
  <file name="Hello.pdf">
    <match line="3">4 0</match>
    <match line="4">Length 5</match>
    <match line="7">9&#12;≥1≤Q&#2;πFó‚©&#18;Ûôê\LY</match>
    <match line="11">5 0</match>
    <match line="14">2 0</match>
    <match line="15">Type /Page</match>
    <match line="18">6 0</match>
    <match line="19">ProcSet [</match>
    <match line="22">9 0</match>
    <match line="23">Length 10</match>
    <match line="25">m&#9;È2âV&#19;ãµ€M∫I&#19;∑ÎfSõ* tv6;Õdfúô›&amp;°O•‡õ&#22;&#4;È´†&gt;∆Ç&#8;∂*6/ˆ••≈íJ5&#15;</match>
    <match line="26">7 ãö&#17;Ú»«X</match>
    <match line="27">bP&#12;ë*^&#21;á≈!1</match>
    <match line="33">10 0</match>
    <match line="36">7 0</match>
    <match line="37">ICCBased 9</match>
    <match line="39">3 0</match>
    <match line="40">Type /Pages</match>
    <match line="42">11 0</match>
    <match line="43">Type /Catalog</match>
    <match line="45">8 0</match>
    <match line="46">Type /Font</match>
    <match line="47">12 0</match>
    <match line="48">0 0</match>
    <match line="49">0 0</match>
    <match line="51">12 0</match>
    <match line="52">Type /FontDescriptor</match>
    <match line="53">558 -375</match>
    <match line="54">StemV 99</match>
    <match line="57">13 0</match>
    <match line="58">Length 14</match>
    <match line="60">H (!&#8;A¥1êJQ</match>
    <match line="61">j&#9;L+I&#23;.RÃ'õ4â&#3;Çpöº√§v⁄ƒàÕ‰&#19;∑&#x7f;=R&#14;ıâD™`ÃJ&gt;¶</match>
    <match line="64">5&#13;ª&#2;zù&#15;;&#21;^ØE§f®|M·U&#30;^m≈+lká¬&#31;</match>
    <match line="71">axD&#11;&#4;‚ÙaCÌrò&#19;√&quot;&#26;±44`ìCÌ&#24;&#26;&#17;</match>
    <match line="74">c&#11;ÌF</match>
    <match line="75">u F¡¬¶-</match>
    <match line="77">fsu&#13;N”bÏ¢CÙ&#14;&#29;cÓ¥&#24;&#8;^+&#14;ëGú`?+&#x7f;°°û•=LÀQè†Ë$Jhãxâ-ñSDî“2çGm&quot;[ﬁØ&#31;dt?=ƒ◊£¥ÖJô72XŒÒ&#x7f;L;h&#21;]†</match>
    <match line="78">o&#11;CAÁn·&#30;ü≥ì£ä•Ñ¨^ΩìÛÿuû”À‘ª≤QÎﬁÿxıÉFŸtı-ÌÜ÷,Ìõ´NˆØQ˘µœ¯≠QN)îIyF&#4;;&#25;t∞Å&#8;iÏ!ì=eÊ;œBâ</match>
    <match line="81">14 0</match>
    <match line="84">15 0</match>
    <match line="87">16 0</match>
    <match line="88">Mac OS</match>
    <match line="90">17 0</match>
    <match line="93">18 0</match>
    <match line="96">19 0</match>
    <match line="99">20 0</match>
    <match line="102">1 0</match>
    <match line="103">Title 15</match>
    <match line="104">18 0</match>
    <match line="107">0 21</match>
    <match line="108">0000000000 65535</match>
    <match line="109">0000005392 00000</match>
    <match line="110">0000000238 00000</match>
    <match line="111">0000001714 00000</match>
    <match line="112">0000000022 00000</match>
    <match line="113">0000000219 00000</match>
    <match line="114">0000000342 00000</match>
    <match line="115">0000001679 00000</match>
    <match line="116">0000001847 00000</match>
    <match line="117">0000000439 00000</match>
    <match line="118">0000001658 00000</match>
    <match line="119">0000001797 00000</match>
    <match line="120">0000002110 00000</match>
    <match line="121">0000002362 00000</match>
    <match line="122">0000005186 00000</match>
    <match line="123">0000005207 00000</match>
    <match line="124">0000005231 00000</match>
    <match line="125">0000005284 00000</match>
    <match line="126">0000005311 00000</match>
    <match line="127">0000005353 00000</match>
    <match line="128">0000005372 00000</match>
    <match line="130">Size 21</match>
  </file>
  <file name="Hello.sh">
    <match line="2">echo &quot;Hello</match>
  </file>
</grep>
