"Hello.bat","sh\necho"
"Hello.bat","Hello World!"""
"Hello.class","Hello World!\x07\x00\x1a"
"Hello.java","import java.lang.*;"
"Hello.java","public class"
"Hello.java","Hello //"
"Hello.java","prints a"
"Hello.java","Hello World!"
"Hello.java","greeting\n{"
"Hello.java","public static"
"Hello.java","void main(String[]"
"Hello.java","Hello World!"");"
"Hello.pdf","3\n%ƒÂÚÂÎßÛ†–ƒ∆"
"Hello.pdf","4 0"
"Hello.pdf","obj\n<<"
"Hello.pdf","Length 5"
"Hello.pdf","0 R"
"Hello.pdf","Filter /FlateDecode"
"Hello.pdf","stream\nx\x01Eéª"
"Hello.pdf","LY\nüâ\x07oÜk˜¥é–õ·‚j©Rj≤@8˛≠Ìî"
"Hello.pdf","endstream\nendobj"
"Hello.pdf","5 0"
"Hello.pdf","obj\n123"
"Hello.pdf","endobj\n2"
"Hello.pdf","0 obj"
"Hello.pdf","Type /Page"
"Hello.pdf","Parent 3"
"Hello.pdf","0 R"
"Hello.pdf","Resources 6"
"Hello.pdf","0 R"
"Hello.pdf","Contents 4"
"Hello.pdf","0 R"
"Hello.pdf","MediaBox [0"
"Hello.pdf","0 612"
"Hello.pdf","endobj\n6"
"Hello.pdf","0 obj"
"Hello.pdf","ProcSet ["
"Hello.pdf","PDF /Text"
"Hello.pdf","ColorSpace <<"
"Hello.pdf","Cs1 7"
"Hello.pdf","0 R"
"Hello.pdf","Font <<"
"Hello.pdf","TT1 8"
"Hello.pdf","0 R"
"Hello.pdf","endobj\n9"
"Hello.pdf","0 obj"
"Hello.pdf","Length 10"
"Hello.pdf","0 R"
"Hello.pdf","N 1"
"Hello.pdf","Alternate /DeviceGray"
"Hello.pdf","Filter /FlateDecode"
"Hello.pdf","stream\nx\x01ÖU]h\x1cU\x14>ªsg\x03\x12\x07\x1f¥"
"Hello.pdf","m	È2âV\x13ãµ€M∫I\x13∑ÎfSõ* tv6;Õdfúô›&°O•‡õ\x16\x04È´†>∆Ç\b∂*6/ˆ••≈íJ5\x0f"
"Hello.pdf","7 ãö\x11Ú»«X"
"Hello.pdf","4\nendstream"
"Hello.pdf","endobj\n10"
"Hello.pdf","0 obj"
"Hello.pdf","1116\nendobj"
"Hello.pdf","7 0"
"Hello.pdf","obj\n["
"Hello.pdf","ICCBased 9"
"Hello.pdf","0 R"
"Hello.pdf","endobj\n3"
"Hello.pdf","0 obj"
"Hello.pdf","Type /Pages"
"Hello.pdf","MediaBox [0"
"Hello.pdf","0 612"
"Hello.pdf","Count 1"
"Hello.pdf","Kids ["
"Hello.pdf","2 0"
"Hello.pdf","R ]"
"Hello.pdf","endobj\n11"
"Hello.pdf","0 obj"
"Hello.pdf","Type /Catalog"
"Hello.pdf","Pages 3"
"Hello.pdf","0 R"
"Hello.pdf","endobj\n8"
"Hello.pdf","0 obj"
"Hello.pdf","Type /Font"
"Hello.pdf","Subtype /TrueType"
"Hello.pdf","BaseFont /GQTMZF+Menlo-Regular"
"Hello.pdf","FontDescriptor\n12"
"Hello.pdf","0 R"
"Hello.pdf","Encoding /MacRomanEncoding"
"Hello.pdf","FirstChar 72"
"Hello.pdf","LastChar 111"
"Hello.pdf","Widths ["
"Hello.pdf","602\n0"
"Hello.pdf","0 0"
"Hello.pdf","0 0"
"Hello.pdf","0 0"
"Hello.pdf","0 0"
"Hello.pdf","0 0"
"Hello.pdf","0 0"
"Hello.pdf","0 0"
"Hello.pdf","0 0"
"Hello.pdf","0 0"
"Hello.pdf","0 0"
"Hello.pdf","0 0"
"Hello.pdf","0 0"
"Hello.pdf","0 0"
"Hello.pdf","0 602"
"Hello.pdf","0 0"
"Hello.pdf","0 0"
"Hello.pdf","0 0"
"Hello.pdf","602\n0"
"Hello.pdf","0 602"
"Hello.pdf","endobj\n12"
"Hello.pdf","0 obj"
"Hello.pdf","Type /FontDescriptor"
"Hello.pdf","FontName /GQTMZF+Menlo-Regular"
"Hello.pdf","Flags 33"
"Hello.pdf","FontBBox\n[-558"
"Hello.pdf","375 718"
"Hello.pdf","ItalicAngle 0"
"Hello.pdf","Ascent 928"
"Hello.pdf","Descent -236"
"Hello.pdf","CapHeight 729"
"Hello.pdf","StemV 99"
"Hello.pdf","XHeight 547"
"Hello.pdf","StemH 83"
"Hello.pdf","AvgWidth 602"
"Hello.pdf","MaxWidth 602"
"Hello.pdf","FontFile2 13"
"Hello.pdf","0 R"
"Hello.pdf","endobj\n13"
"Hello.pdf","0 obj"
"Hello.pdf","Length 14"
"Hello.pdf","0 R"
"Hello.pdf","Length1 4064"
"Hello.pdf","Filter /FlateDecode"
"Hello.pdf","stream\nx\x01›W{xT≈\x15?sw6ØÕ>íMHHÄ]÷Âï,ÅÑ∑R\x16Hxà"
"Hello.pdf","H (!\bA¥1êJQ"
"Hello.pdf","j	L+I\x17.RÃ'õ4â\x03Çpöº√§v⁄ƒàÕ‰\x13∑=R\x0eıâD™`ÃJ>¶"
"Hello.pdf","a\n>®¿ëAhb°i\x10\x0e+\x1cz?^\x1eRx?\x1e\x07\x15ﬁS8PÂî\x072Ò◊TÏWx∑\x16ç´|≤Q·/"
"Hello.pdf","W\nÀ\x15\x1ep\x0eì\x0fL¬/\x15*Ô≈≤•\x15rô¬“"
"Hello.pdf","y\nwÂ‚NÖππ(n≈ú:ÃV(R(Tò5≥£ú•0ì\x1crfGÃPòÆpá¬ÌS\x12‰Ì6L+ƒm˚0ïÖ©.LI\x00?—A\x17nU¯π¬-\x19ÈÚñ\\LVò§0QaB\x05∆+‹Ï¬8Ö±¬/«*‹Tá1›p„Ë4ycå\x1eû$GßaTAö\x1c•0í•ëÖ\x18¡“à:\x14§!üÅ¸˛\x18>Ã)á'axD"
"Hello.pdf","g\nÉ9Ñ¡≠∏A·˙n\x18§0ê"
"Hello.pdf","F 5≈/Sá!≈Âê)~∏\x1cHfΩd\x17íx}íÇì3w\x0eÉÉ=8úpDkg∑Y•›\x0e{¥v∂ƒxi≥¬\x16≠]""◊.1\x1eâ\\ª\x1d∫5\x0eV„ŸÍØ'(ƒs&Ò"
"Hello.pdf","u F¡¬¶-"
"Hello.pdf","endstream\nendobj"
"Hello.pdf","14 0"
"Hello.pdf","obj\n2734"
"Hello.pdf","endobj\n15"
"Hello.pdf","0 obj"
"Hello.pdf","endobj\n16"
"Hello.pdf","0 obj"
"Hello.pdf","Mac OS"
"Hello.pdf","X 10.12.6"
"Hello.pdf","Quartz PDFContext)"
"Hello.pdf","endobj\n17"
"Hello.pdf","0 obj"
"Hello.pdf","endobj\n18"
"Hello.pdf","0 obj"
"Hello.pdf","endobj\n19"
"Hello.pdf","0 obj"
"Hello.pdf","endobj\n20"
"Hello.pdf","0 obj"
"Hello.pdf","endobj\n1"
"Hello.pdf","0 obj"
"Hello.pdf","Title 15"
"Hello.pdf","0 R"
"Hello.pdf","Producer 16"
"Hello.pdf","0 R"
"Hello.pdf","Creator 17"
"Hello.pdf","0 R"
"Hello.pdf","CreationDate 18"
"Hello.pdf","0 R"
"Hello.pdf","ModDate\n18"
"Hello.pdf","0 R"
"Hello.pdf","Keywords 19"
"Hello.pdf","0 R"
"Hello.pdf","Keywords 20"
"Hello.pdf","0 R"
"Hello.pdf","endobj\nxref"
"Hello.pdf","0 21"
"Hello.pdf","0000000000 65535"
"Hello.pdf","f \n0000005392"
"Hello.pdf","00000 n"
"Hello.pdf","0000000238 00000"
"Hello.pdf","n \n0000001714"
"Hello.pdf","00000 n"
"Hello.pdf","0000000022 00000"
"Hello.pdf","n \n0000000219"
"Hello.pdf","00000 n"
"Hello.pdf","0000000342 00000"
"Hello.pdf","n \n0000001679"
"Hello.pdf","00000 n"
"Hello.pdf","0000001847 00000"
"Hello.pdf","n \n0000000439"
"Hello.pdf","00000 n"
"Hello.pdf","0000001658 00000"
"Hello.pdf","n \n0000001797"
"Hello.pdf","00000 n"
"Hello.pdf","0000002110 00000"
"Hello.pdf","n \n0000002362"
"Hello.pdf","00000 n"
"Hello.pdf","0000005186 00000"
"Hello.pdf","n \n0000005207"
"Hello.pdf","00000 n"
"Hello.pdf","0000005231 00000"
"Hello.pdf","n \n0000005284"
"Hello.pdf","00000 n"
"Hello.pdf","0000005311 00000"
"Hello.pdf","n \n0000005353"
"Hello.pdf","00000 n"
"Hello.pdf","0000005372 00000"
"Hello.pdf","n \ntrailer"
"Hello.pdf","Size 21"
"Hello.pdf","Root 11"
"Hello.pdf","0 R"
"Hello.pdf","Info 1"
"Hello.pdf","0 R"
"Hello.pdf","ID ["
"Hello.pdf","startxref\n5536"
"Hello.sh","sh\necho"
"Hello.sh","Hello World!"""
