[1;35mHello.bat[m[1;36m:[m[32;1m     2[m[1;36m:[m[1;32m  7[m[1;36m:[m[1;32m     16[m[1;36m:[m	
[1;32m00000010[m [m[1;4;32m 48 65 6c 6c 6f[m[1;34m -- -- --  -- -- -- -- -- -- -- -- [m[1;36m |[m[1;4;32mHello[m[1;34m-----------[m[1;36m|[m
[1;35mHello.class[m[1;36m:[m[32;1m     5[m[1;36m:[m[1;32m  1[m[1;36m:[m[1;32m    122[m[1;36m:[m	
[1;32m00000070[m [m[1;34m -- -- -- -- -- -- -- --  -- --[m[1;4;32m 48 65 6c 6c 6f[m[1;34m -- [m[1;36m |[m[1;34m----------[m[1;4;32mHello[m[1;34m-[m[1;36m|[m
[1;35mHello.class[m[1;36m+[m[32;1m     5[m[1;36m+[m[1;32m 27[m[1;36m+[m[1;32m    148[m[1;36m+[m	
[1;32m00000090[m [m[1;34m -- -- -- --[m[1;4;32m 48 65 6c 6c  6f[m[1;34m -- -- -- -- -- -- -- [m[1;36m |[m[1;34m----[m[1;4;32mHello[m[1;34m-------[m[1;36m|[m
[1;35mHello.class[m[1;36m+[m[32;1m     5[m[1;36m+[m[1;32m 50[m[1;36m+[m[1;32m    171[m[1;36m+[m	
[1;32m000000a0[m [m[1;34m -- -- -- -- -- -- -- --  -- -- --[m[1;4;32m 48 65 6c 6c 6f [m[1;36m |[m[1;34m-----------[m[1;4;32mHello[m[1;36m|[m
[1;35mHello.java[m[1;36m:[m[32;1m     3[m[1;36m:[m[1;32m 14[m[1;36m:[m[1;32m     34[m[1;36m:[m	
[1;32m00000020[m [m[1;34m -- --[m[1;4;32m 48 65 6c 6c 6f[m[1;34m --  -- -- -- -- -- -- -- -- [m[1;36m |[m[1;34m--[m[1;4;32mHello[m[1;34m---------[m[1;36m|[m
[1;35mHello.java[m[1;36m+[m[32;1m     3[m[1;36m+[m[1;32m 32[m[1;36m+[m[1;32m     52[m[1;36m+[m	
[1;32m00000030[m [m[1;34m -- -- -- --[m[1;4;32m 48 65 6c 6c  6f[m[1;34m -- -- -- -- -- -- -- [m[1;36m |[m[1;34m----[m[1;4;32mHello[m[1;34m-------[m[1;36m|[m
[1;35mHello.java[m[1;36m:[m[32;1m     5[m[1;36m:[m[1;32m 25[m[1;36m:[m[1;32m    138[m[1;36m:[m	
[1;32m00000080[m [m[1;34m -- -- -- -- -- -- -- --  -- --[m[1;4;32m 48 65 6c 6c 6f[m[1;34m -- [m[1;36m |[m[1;34m----------[m[1;4;32mHello[m[1;34m-[m[1;36m|[m
[1;35mHello.pdf[m[1;36m:[m[32;1m    85[m[1;36m:[m[1;32m  2[m[1;36m:[m[1;32m   5217[m[1;36m:[m	
[1;32m00001460[m [m[1;34m --[m[1;4;32m 48 65 6c 6c 6f[m[1;34m -- --  -- -- -- -- -- -- -- -- [m[1;36m |[m[1;34m-[m[1;4;32mHello[m[1;34m----------[m[1;36m|[m
[1;35mHello.sh[m[1;36m:[m[32;1m     2[m[1;36m:[m[1;32m  7[m[1;36m:[m[1;32m     16[m[1;36m:[m	
[1;32m00000010[m [m[1;4;32m 48 65 6c 6c 6f[m[1;34m -- -- --  -- -- -- -- -- -- -- -- [m[1;36m |[m[1;4;32mHello[m[1;34m-----------[m[1;36m|[m
[1;35mHello.txt[m[1;36m:[m[32;1m     1[m[1;36m:[m[1;32m  1[m[1;36m:[m[1;32m      0[m[1;36m:[m	
[1;32m00000000[m [m[1;4;32m 48 65 6c 6c 6f[m[1;34m -- -- --  -- -- -- -- -- -- -- -- [m[1;36m |[m[1;4;32mHello[m[1;34m-----------[m[1;36m|[m
